
Merging program properties

Updated property 0xc0010001 (0x41) to merge build/arch/x86_64/boot/gdt.o (0x1) and build/arch/x86_64/process/context.o (0x41)
Removed property 0xc0010001 to merge build/arch/x86_64/boot/gdt.o (0x41) and build/support/elf_validate.o (not found)
Removed property 0xc0010002 to merge build/arch/x86_64/boot/gdt.o (0x1) and build/support/elf_validate.o (not found)

Discarded input sections

 .comment       0x0000000000000000       0x1e build/arch/x86_64/boot/gdt.o
 .note.GNU-stack
                0x0000000000000000        0x0 build/arch/x86_64/boot/gdt.o
 .note.gnu.property
                0x0000000000000000       0x30 build/arch/x86_64/boot/gdt.o
 .eh_frame      0x0000000000000000       0x80 build/arch/x86_64/boot/gdt.o
 .comment       0x0000000000000000       0x1e build/arch/x86_64/boot/idt.o
 .note.GNU-stack
                0x0000000000000000        0x0 build/arch/x86_64/boot/idt.o
 .note.gnu.property
                0x0000000000000000       0x30 build/arch/x86_64/boot/idt.o
 .eh_frame      0x0000000000000000      0x290 build/arch/x86_64/boot/idt.o
 .comment       0x0000000000000000       0x1e build/arch/x86_64/cpu.o
 .note.GNU-stack
                0x0000000000000000        0x0 build/arch/x86_64/cpu.o
 .note.gnu.property
                0x0000000000000000       0x30 build/arch/x86_64/cpu.o
 .eh_frame      0x0000000000000000       0xc0 build/arch/x86_64/cpu.o
 .comment       0x0000000000000000       0x1e build/arch/x86_64/io/port.o
 .note.GNU-stack
                0x0000000000000000        0x0 build/arch/x86_64/io/port.o
 .note.gnu.property
                0x0000000000000000       0x30 build/arch/x86_64/io/port.o
 .eh_frame      0x0000000000000000      0x120 build/arch/x86_64/io/port.o
 .comment       0x0000000000000000       0x1e build/arch/x86_64/io/uart.o
 .note.GNU-stack
                0x0000000000000000        0x0 build/arch/x86_64/io/uart.o
 .note.gnu.property
                0x0000000000000000       0x30 build/arch/x86_64/io/uart.o
 .eh_frame      0x0000000000000000      0x260 build/arch/x86_64/io/uart.o
 .comment       0x0000000000000000       0x1e build/arch/x86_64/mm/paging.o
 .note.GNU-stack
                0x0000000000000000        0x0 build/arch/x86_64/mm/paging.o
 .note.gnu.property
                0x0000000000000000       0x30 build/arch/x86_64/mm/paging.o
 .eh_frame      0x0000000000000000      0x2b8 build/arch/x86_64/mm/paging.o
 .comment       0x0000000000000000       0x1e build/arch/x86_64/mm/physmem.o
 .note.GNU-stack
                0x0000000000000000        0x0 build/arch/x86_64/mm/physmem.o
 .note.gnu.property
                0x0000000000000000       0x30 build/arch/x86_64/mm/physmem.o
 .eh_frame      0x0000000000000000       0x98 build/arch/x86_64/mm/physmem.o
 .comment       0x0000000000000000       0x1e build/arch/x86_64/process/syscall.o
 .note.GNU-stack
                0x0000000000000000        0x0 build/arch/x86_64/process/syscall.o
 .note.gnu.property
                0x0000000000000000       0x30 build/arch/x86_64/process/syscall.o
 .eh_frame      0x0000000000000000     0x1778 build/arch/x86_64/process/syscall.o
 .comment       0x0000000000000000       0x1e build/drivers/pci.o
 .note.GNU-stack
                0x0000000000000000        0x0 build/drivers/pci.o
 .note.gnu.property
                0x0000000000000000       0x30 build/drivers/pci.o
 .eh_frame      0x0000000000000000      0x198 build/drivers/pci.o
 .comment       0x0000000000000000       0x1e build/net/core.o
 .note.GNU-stack
                0x0000000000000000        0x0 build/net/core.o
 .note.gnu.property
                0x0000000000000000       0x30 build/net/core.o
 .eh_frame      0x0000000000000000      0x6f8 build/net/core.o
 .comment       0x0000000000000000       0x1e build/net/e1000.o
 .note.GNU-stack
                0x0000000000000000        0x0 build/net/e1000.o
 .note.gnu.property
                0x0000000000000000       0x30 build/net/e1000.o
 .eh_frame      0x0000000000000000      0x160 build/net/e1000.o
 .comment       0x0000000000000000       0x1e build/net/virtio_net.o
 .note.GNU-stack
                0x0000000000000000        0x0 build/net/virtio_net.o
 .note.gnu.property
                0x0000000000000000       0x30 build/net/virtio_net.o
 .eh_frame      0x0000000000000000      0x2a0 build/net/virtio_net.o
 .comment       0x0000000000000000       0x1e build/mm/pmm.o
 .note.GNU-stack
                0x0000000000000000        0x0 build/mm/pmm.o
 .note.gnu.property
                0x0000000000000000       0x30 build/mm/pmm.o
 .eh_frame      0x0000000000000000      0x390 build/mm/pmm.o
 .comment       0x0000000000000000       0x1e build/mm/vmm.o
 .note.GNU-stack
                0x0000000000000000        0x0 build/mm/vmm.o
 .note.gnu.property
                0x0000000000000000       0x30 build/mm/vmm.o
 .eh_frame      0x0000000000000000      0x4e8 build/mm/vmm.o
 .comment       0x0000000000000000       0x1e build/mm/kmalloc.o
 .note.GNU-stack
[...]
Memory Configuration

Name             Origin             Length             Attributes
*default*        0x0000000000000000 0xffffffffffffffff

Linker script and memory map

                0xffffffff80000000                KERNEL_VMA = 0xffffffff80000000
                0x0000000000100000                KERNEL_LMA = 0x100000
                0x0000000000100000                . = KERNEL_LMA

.multiboot      0x0000000000100000       0x50
 *(.multiboot)
 .multiboot     0x0000000000100000       0x50 build/arch/x86_64/boot/boot.o

.text.boot      0x0000000000101000      0x186
 *(.text.boot)
 .text.boot     0x0000000000101000      0x186 build/arch/x86_64/boot/boot.o
                0x0000000000101000                _start
 *(.text.boot.*)

.rodata.boot    0x0000000000102000       0x8e
 *(.rodata.boot)
 .rodata.boot   0x0000000000102000       0x8e build/arch/x86_64/boot/boot.o
 *(.rodata.boot.*)

.data.boot
 *(.data.boot)
 *(.data.boot.*)

.bss.boot       0x0000000000103000     0xc008
 *(.bss.boot)
 .bss.boot      0x0000000000103000     0xc008 build/arch/x86_64/boot/boot.o
 *(.bss.boot.*)
                0xffffffff8010f008                . = (. + KERNEL_VMA)
                0xffffffff8010f008                __text_start = .

.text           0xffffffff80110000    0x2ab27 load address 0x0000000000110000
 *(.text)
 .text          0xffffffff80110000      0x18b build/arch/x86_64/boot/gdt.o
                0xffffffff80110000                gdt_init
                0xffffffff80110170                tss_set_rsp0
                0xffffffff80110180                tss_get_rsp0
 *fill*         0xffffffff8011018b       0x35 
 .text          0xffffffff801101c0     0x1e75 build/arch/x86_64/boot/idt.o
                0xffffffff80110650                exception_handler
                0xffffffff80111ab0                irq_handler
                0xffffffff80111cc0                irq_register_handler
                0xffffffff80111d00                irq_enable
                0xffffffff80111d60                irq_disable
                0xffffffff80111dd0                idt_init
 *fill*         0xffffffff80112035        0xb 
 .text          0xffffffff80112040      0x14b build/arch/x86_64/cpu.o
                0xffffffff80112040                cpu_detect_features
                0xffffffff801120b0                cpu_has_feature
                0xffffffff801120d0                cpu_print_info
                0xffffffff801120e0                cpu_init
                0xffffffff80112180                cpu_get_current
 *fill*         0xffffffff8011218b        0x5 
 .text          0xffffffff80112190       0xc5 build/arch/x86_64/io/port.o
                0xffffffff80112190                outb
                0xffffffff801121a0                inb
                0xffffffff801121b0                outw
                0xffffffff801121c0                inw
                0xffffffff801121d0                outl
                0xffffffff801121e0                inl
                0xffffffff801121f0                outsb
                0xffffffff80112200                insb
                0xffffffff80112210                outsw
                0xffffffff80112220                insw
                0xffffffff80112230                outsl
                0xffffffff80112240                insl
                0xffffffff80112250                io_wait
 *fill*         0xffffffff80112255       0x2b 
 .text          0xffffffff80112280      0x5c7 build/arch/x86_64/io/uart.o
                0xffffffff80112280                uart_init
                0xffffffff80112350                uart_putc
                0xffffffff801123c0                uart_getc
                0xffffffff80112420                uart_getc_nonblock
                0xffffffff80112480                uart_puts
                0xffffffff80112550                uart_write
                0xffffffff801125f0                uart_read
                0xffffffff80112680                uart_puthex
                0xffffffff801126f0                uart_putdec
                0xffffffff801127f0                uart_set_port
 *fill*         0xffffffff80112847       0x19 
 .text          0xffffffff80112860      0x857 build/arch/x86_64/mm/paging.o
                0xffffffff80112ad0                mmu_create_page_table
                0xffffffff80112b90                mmu_destroy_page_table
                0xffffffff80112be0                mmu_map
                0xffffffff80112c70                mmu_unmap
                0xffffffff80112ce0                mmu_map_range
                0xffffffff80112e10                mmu_unmap_range
                0xffffffff80112ec0                mmu_resolve
                0xffffffff80112f10                mmu_get_flags
                0xffffffff80112f50                mmu_set_flags
                0xffffffff80112fc0                mmu_switch
                0xffffffff80112fd0                mmu_get_kernel_pt
                0xffffffff80112fe0                mmu_flush_tlb_page
                0xffffffff80112ff0                mmu_flush_tlb_range
                0xffffffff80113060                mmu_flush_tlb_all
                0xffffffff80113070                paging_init
 *fill*         0xffffffff801130b7        0x9 
 .text          0xffffffff801130c0      0x45b build/arch/x86_64/mm/physmem.o
                0xffffffff801130c0                physmem_init
                0xffffffff80113500                physmem_get_total
                0xffffffff80113510                physmem_get_usable
 *fill*         0xffffffff8011351b       0x25 
 .text          0xffffffff80113540     0x7e88 build/arch/x86_64/process/syscall.o
                0xffffffff8011aa30                syscall_dispatch
                0xffffffff8011ad10                syscall_init
 *fill*         0xffffffff8011b3c8        0x8 
 .text          0xffffffff8011b3d0      0x69b build/drivers/pci.o
                0xffffffff8011b3d0                pci_config_read32
                0xffffffff8011b430                pci_config_read16
                0xffffffff8011b490                pci_config_read8
                0xffffffff8011b4f0                pci_config_write32
                0xffffffff8011b550                pci_config_write16
                0xffffffff8011b5f0                pci_config_write8
                0xffffffff8011b690                pci_init
                0xffffffff8011ba30                pci_device_count
                0xffffffff8011ba40                pci_get_device
 *fill*         0xffffffff8011ba6b       0x15 
 .text          0xffffffff8011ba80     0x26ca build/net/core.o
                0xffffffff8011ca30                net_recv_icmp_echo_event
                0xffffffff8011ca90                net_recv_udp_event
                0xffffffff8011cba0                net_send_icmp_echo
                0xffffffff8011cc60                net_send_udp
                0xffffffff8011cd60                net_tcp_connect
                0xffffffff8011ced0                net_tcp_is_connected
                0xffffffff8011cf20                net_tcp_send
                0xffffffff8011cff0                net_tcp_recv
                0xffffffff8011d110                net_tcp_close
                0xffffffff8011d1a0                net_init
                0xffffffff8011d290                net_register_device
                0xffffffff8011d400                net_rx_frame
                0xffffffff8011dea0                net_tick
                0xffffffff8011e140                net_is_ready
 *fill*         0xffffffff8011e14a       0x16 
 .text          0xffffffff8011e160      0x8a5 build/net/e1000.o
                0xffffffff8011e3e0                e1000_init
 *fill*         0xffffffff8011ea05       0x1b 
 .text          0xffffffff8011ea20     0x109b build/net/virtio_net.o
                0xffffffff8011f1c0                virtio_net_init
 *fill*         0xffffffff8011fabb        0x5 
 .text          0xffffffff8011fac0      0xea0 build/mm/pmm.o
                0xffffffff8011fac0                pmm_init_bitmap
                0xffffffff8011fc30                pmm_mark_region_free
                0xffffffff8011fdb0                pmm_mark_region_used
                0xffffffff8011ff20                pmm_alloc_page_zone
                0xffffffff80120030                pmm_alloc_page
                0xffffffff80120070                pmm_alloc_pages_zone
                0xffffffff801201f0                pmm_alloc_pages
                0xffffffff80120230                pmm_free_page
                0xffffffff80120330                pmm_free_pages
                0xffffffff80120390                pmm_get_total_pages
                0xffffffff801203a0                pmm_get_usable_pages
                0xffffffff801203b0                pmm_get_free_pages
                0xffffffff801203c0                pmm_get_used_pages
                0xffffffff801203e0                pmm_get_zone
                0xffffffff80120410                pmm_get_page_by_pfn
                0xffffffff80120450                pmm_get_page_by_phys
                0xffffffff80120490                pmm_page_set_owner
                0xffffffff801204c0                pmm_page_update_flags
                0xffffffff80120500                pmm_page_ref_inc
                0xffffffff80120530                pmm_page_ref_dec
                0xffffffff80120580                pmm_dump_stats
                0xffffffff801206a0                pmm_init
 .text          0xffffffff80120960     0x1470 build/mm/vmm.o
                0xffffffff80120ab0                vmm_create_address_space
                0xffffffff80120b40                vmm_destroy_address_space
                0xffffffff80120bf0                vmm_get_kernel_address_space
                0xffffffff80120c00                vmm_create_vma
                0xffffffff80120c80                vmm_free_vma
                0xffffffff80120cd0                vmm_find_vma
                0xffffffff80120d10                vmm_find_vma_intersection
                0xffffffff80120d50                vmm_insert_vma
                0xffffffff80120e30                vmm_clone_address_space
                0xffffffff80121050                vmm_remove_vma
                0xffffffff80121090                vmm_prot_to_pte_flags
                0xffffffff801210b0                vmm_munmap
                0xffffffff80121380                vmm_mmap
                0xffffffff801217e0                vmm_mprotect
                0xffffffff80121890                vmm_brk
                0xffffffff80121a10                vmm_handle_page_fault
                0xffffffff80121be0                vmm_alloc_kernel_pages
                0xffffffff80121c10                vmm_free_kernel_pages
                0xffffffff80121c30                vmm_map_physical
                0xffffffff80121c40                vmm_unmap_physical
                0xffffffff80121c50                vmm_copy_from_user
                0xffffffff80121cb0                vmm_copy_to_user
                0xffffffff80121d10                vmm_verify_user_read
                0xffffffff80121d20                vmm_verify_user_write
                0xffffffff80121d40                vmm_init
 *fill*         0xffffffff80121dd0       0x10 
 .text          0xffffffff80121de0      0xfce build/mm/kmalloc.o
                0xffffffff80121f30                kmem_cache_alloc
                0xffffffff80122180                kmem_cache_zalloc
                0xffffffff801221d0                kmem_cache_free
                0xffffffff80122400                kmem_cache_destroy
                0xffffffff80122550                kmem_cache_shrink
                0xffffffff801225d0                kmalloc
                0xffffffff80122720                kmem_cache_create
                0xffffffff801229a0                kzalloc
                0xffffffff801229f0                kcalloc
                0xffffffff80122a50                krealloc
                0xffffffff80122b30                kfree
                0xffffffff80122b70                kmalloc_usable_size
                0xffffffff80122b80                kmalloc_dump_stats
                0xffffffff80122c40                kmalloc_init
 *fill*         0xffffffff80122dae        0x2 
 .text          0xffffffff80122db0      0x74c build/kernel/main.o
                0xffffffff80122db0                kernel_main
 *fill*         0xffffffff801234fc        0x4 
 .text          0xffffffff80123500      0x50b build/kernel/bootinfo.o
                0xffffffff80123500                bootinfo_init
                0xffffffff801238d0                bootinfo_cmdline
                0xffffffff801238e0                bootinfo_module_count
                0xffffffff801238f0                bootinfo_module_at
                0xffffffff80123920                bootinfo_find_module
                0xffffffff801239d0                bootinfo_framebuffer
                0xffffffff801239e0                bootinfo_acpi_rsdp
                0xffffffff80123a00                bootinfo_acpi_rsdp_len
 *fill*         0xffffffff80123a0b       0x15 
 .text          0xffffffff80123a20      0xb22 build/kernel/initramfs.o
                0xffffffff80123d90                initramfs_unpack_tar
 *fill*         0xffffffff80124542        0xe 
 .text          0xffffffff80124550       0xb4 build/kernel/time.o
                0xffffffff80124550                get_ticks
                0xffffffff80124580                get_time_ns
                0xffffffff801245b0                delay_ms
 *fill*         0xffffffff80124604        0xc 
 .text          0xffffffff80124610      0x3ed build/kernel/panic.o
                0xffffffff801246a0                panic
                0xffffffff80124860                oops
                0xffffffff80124970                warn_slowpath
 *fill*         0xffffffff801249fd        0x3 
 .text          0xffffffff80124a00     0x1f51 build/kernel/printk.o
                0xffffffff801264f0                console_fb_init
                0xffffffff80126790                console_putc
                0xffffffff801267a0                console_write
                0xffffffff801267e0                console_poll
                0xffffffff80126810                printk
                0xffffffff801268b0                vprintk
                0xffffffff801268c0                snprintf
                0xffffffff80126910                vsnprintf
                0xffffffff80126930                printk_get_loglevel
                0xffffffff80126940                printk_set_loglevel
 *fill*         0xffffffff80126951        0xf 
 .text          0xffffffff80126960      0x1d4 build/kernel/power.o
                0xffffffff80126960                kernel_poweroff_hardware
                0xffffffff80126a90                kernel_reboot_hardware
 *fill*         0xffffffff80126b34        0xc 
 .text          0xffffffff80126b40      0x411 build/kernel/kthread.o
                0xffffffff80126b50                kthread_create
                0xffffffff80126d30                kthread_run
                0xffffffff80126db0                kthread_stop
                0xffffffff80126e00                kthread_should_stop
                0xffffffff80126e10                kthread_park
                0xffffffff80126e60                kthread_unpark
                0xffffffff80126e70                kthread_init
                0xffffffff80126ec0                kthread_destroy
 *fill*         0xffffffff80126f51        0xf 
 .text          0xffffffff80126f60     0x1195 build/proc/process.o
                0xffffffff801270c0                cred_create
                0xffffffff80127110                cred_clone
                0xffffffff80127160                cred_free
                0xffffffff80127180                fd_table_create
                0xffffffff80127200                fd_table_clone
                0xffffffff80127290                fd_table_free
                0xffffffff80127350                fd_alloc
                0xffffffff80127430                fd_free
                0xffffffff80127460                fd_get
                0xffffffff80127480                process_create
                0xffffffff801279e0                process_destroy
                0xffffffff80127ba0                process_find
                0xffffffff80127bd0                process_set_init_path
                0xffffffff80127c60                process_init
                0xffffffff80127e20                do_exit
                0xffffffff80127e50                do_signal_deliver
                0xffffffff80127f10                do_kill
                0xffffffff80127fc0                do_wait
 *fill*         0xffffffff801280f5        0xb 
 .text          0xffffffff80128100      0xf6a build/proc/scheduler.o
                0xffffffff80128440                current_thread_info
                0xffffffff80128450                current_process
                0xffffffff80128460                scheduler_enqueue
                0xffffffff80128590                scheduler_dequeue
                0xffffffff80128610                schedule
                0xffffffff801288c0                scheduler_yield
                0xffffffff801288d0                scheduler_tick
                0xffffffff80128a20                scheduler_exit
                0xffffffff80128a70                scheduler_sleep
                0xffffffff80128b20                scheduler_wake
                0xffffffff80128be0                scheduler_sleep_timeout
                0xffffffff80128cd0                scheduler_set_priority
                0xffffffff80128cf0                scheduler_set_nice
                0xffffffff80128d30                scheduler_get_priority
                0xffffffff80128d40                scheduler_set_policy
                0xffffffff80128d70                scheduler_get_policy
                0xffffffff80128d80                scheduler_register_policy
                0xffffffff80128e20                scheduler_get_switches
                0xffffffff80128e30                scheduler_get_runtime
                0xffffffff80128e40                timer_init
                0xffffffff80128ef0                scheduler_init
                0xffffffff80129020                scheduler_start
 *fill*         0xffffffff8012906a        0x6 
 .text          0xffffffff80129070      0x43c build/proc/fork.o
                0xffffffff80129070                do_fork
                0xffffffff80129460                sys_fork
                0xffffffff80129480                sys_vfork
                0xffffffff801294a0                sys_clone
 *fill*         0xffffffff801294ac       0x14 
 .text          0xffffffff801294c0     0x36d1 build/proc/exec.o
                0xffffffff8012a670                do_execve
 *fill*         0xffffffff8012cb91        0xf 
 .text          0xffffffff8012cba0     0x1856 build/fs/vfs.o
                0xffffffff8012d000                register_filesystem
                0xffffffff8012d0c0                unregister_filesystem
                0xffffffff8012d110                vfs_mount
                0xffffffff8012d340                vfs_lookup
                0xffffffff8012d360                vfs_umount
                0xffffffff8012d4a0                vfs_close
                0xffffffff8012d510                vfs_read
                0xffffffff8012d5a0                vfs_write
                0xffffffff8012d630                vfs_lseek
                0xffffffff8012d6b0                vfs_fsync
                0xffffffff8012d6e0                vfs_create
                0xffffffff8012d960                vfs_open
                0xffffffff8012dc10                vfs_mkdir
                0xffffffff8012de90                vfs_rmdir
                0xffffffff8012e030                vfs_unlink
                0xffffffff8012e160                vfs_stat
                0xffffffff8012e210                vfs_fstat
                0xffffffff8012e2a0                generic_file_llseek
                0xffffffff8012e300                vfs_init
 *fill*         0xffffffff8012e3f6        0xa 
 .text          0xffffffff8012e400      0x7ba build/fs/inode.o
                0xffffffff8012e400                inode_cache_init
                0xffffffff8012e440                inode_cache_lookup
                0xffffffff8012e4f0                inode_cache_insert
                0xffffffff8012e580                inode_cache_remove
                0xffffffff8012e5f0                new_inode
                0xffffffff8012e6d0                free_inode
                0xffffffff8012e720                inode_init_once
                0xffffffff8012e790                inode_init_owner
                0xffffffff8012e830                igrab
                0xffffffff8012e860                ihold
                0xffffffff8012e870                iput
                0xffffffff8012e970                inode_lock
                0xffffffff8012e990                inode_unlock
                0xffffffff8012e9a0                inode_trylock
                0xffffffff8012e9c0                mark_inode_dirty
                0xffffffff8012ea00                clear_inode
                0xffffffff8012ea10                iget_locked
                0xffffffff8012ea70                unlock_new_inode
                0xffffffff8012ea80                generic_permission
                0xffffffff8012eb50                generic_getattr
 *fill*         0xffffffff8012ebba        0x6 
 .text          0xffffffff8012ebc0      0x60a build/fs/dentry.o
                0xffffffff8012ebc0                dentry_alloc
                0xffffffff8012ed60                dentry_free
                0xffffffff8012ee50                dget
                0xffffffff8012ee70                dput
                0xffffffff8012ee90                d_instantiate
                0xffffffff8012ef00                d_add
                0xffffffff8012ef70                d_make_root
                0xffffffff8012f020                d_delete
                0xffffffff8012f070                d_lookup
                0xffffffff8012f0f0                d_path
 *fill*         0xffffffff8012f1ca       0x16 
 .text          0xffffffff8012f1e0      0x4da build/fs/file.o
                0xffffffff8012f1e0                alloc_file
                0xffffffff8012f260                free_file
                0xffffffff8012f2c0                get_file
                0xffffffff8012f2e0                put_file
                0xffffffff8012f330                fput
                0xffffffff8012f380                fget
                0xffffffff8012f3d0                get_unused_fd_flags
                0xffffffff8012f450                put_unused_fd
                0xffffffff8012f4a0                fd_install
                0xffffffff8012f4f0                close_fd
                0xffffffff8012f5b0                generic_file_read
                0xffffffff8012f5c0                generic_file_write
                0xffffffff8012f5d0                generic_file_open
                0xffffffff8012f5e0                generic_file_release
                0xffffffff8012f5f0                simple_read_from_buffer
                0xffffffff8012f660                simple_write_to_buffer
 *fill*         0xffffffff8012f6ba        0x6 
 .text          0xffffffff8012f6c0      0x32d build/fs/axiomfs/super.o
                0xffffffff8012f6c0                axiomfs_mount
                0xffffffff8012f930                axiomfs_kill_sb
                0xffffffff8012f9a0                axiomfs_init
 *fill*         0xffffffff8012f9ed       0x13 
 .text          0xffffffff8012fa00      0xd8f build/fs/axiomfs/inode.o
                0xffffffff8012fd00                axiomfs_iget
                0xffffffff8012ff00                axiomfs_write_inode
                0xffffffff8012ff60                axiomfs_delete_inode
                0xffffffff80130040                axiomfs_evict_inode
                0xffffffff801300a0                axiomfs_alloc_inode_num
                0xffffffff801300f0                axiomfs_free_inode_num
                0xffffffff80130160                axiomfs_create
                0xffffffff80130230                axiomfs_mkdir
                0xffffffff80130320                axiomfs_rmdir
                0xffffffff80130440                axiomfs_unlink
                0xffffffff80130520                axiomfs_link
                0xffffffff80130580                axiomfs_rename
                0xffffffff80130690                axiomfs_lookup
 *fill*         0xffffffff8013078f        0x1 
 .text          0xffffffff80130790      0x26a build/fs/axiomfs/dir.o
                0xffffffff80130790                axiomfs_readdir
 *fill*         0xffffffff801309fa        0x6 
 .text          0xffffffff80130a00      0x52d build/fs/axiomfs/file.o
                0xffffffff80130a00                axiomfs_read
                0xffffffff80130b70                axiomfs_write
                0xffffffff80130e20                axiomfs_policy_check_access
                0xffffffff80130f10                axiomfs_policy_inherit_permissions
 *fill*         0xffffffff80130f2d       0x13 
 .text          0xffffffff80130f40      0x986 build/fs/axiomfs/policy_ipc.o
                0xffffffff801310e0                policy_cache_create
                0xffffffff80131150                policy_cache_destroy
                0xffffffff801311e0                policy_cache_lookup
                0xffffffff80131300                policy_cache_insert
                0xffffffff80131320                policy_cache_invalidate
                0xffffffff801313e0                policy_cache_flush
                0xffffffff80131490                policy_daemon_available
                0xffffffff801314b0                policy_daemon_query
                0xffffffff80131540                policy_check_access
                0xffffffff80131690                policy_init
                0xffffffff80131780                policy_get_allocation
                0xffffffff801317e0                policy_get_inherited_mode
 *fill*         0xffffffff801318c6       0x1a 
 .text          0xffffffff801318e0      0x4cd build/fs/axiomfs/cache.o
                0xffffffff801318e0                block_cache_create
                0xffffffff80131950                block_cache_destroy
                0xffffffff801319e0                block_cache_get
                0xffffffff80131a90                block_cache_put
                0xffffffff80131c40                block_cache_invalidate
                0xffffffff80131d00                block_cache_sync
                0xffffffff80131d40                axiomfs_read_block
                0xffffffff80131d50                axiomfs_write_block
                0xffffffff80131d60                axiomfs_alloc_block
                0xffffffff80131da0                axiomfs_free_block
 *fill*         0xffffffff80131dad       0x13 
 .text          0xffffffff80131dc0     0x354b build/fs/devfs/devfs.o
                0xffffffff80134580                devfs_register
                0xffffffff80134670                devfs_unregister
                0xffffffff80134730                devfs_init
                0xffffffff80134f90                devfs_console_getc_nonblock
                0xffffffff80134fe0                devfs_console_getc
                0xffffffff80135040                devfs_console_flush_input
                0xffffffff801351f0                devfs_console_peekc_nonblock
                0xffffffff801352e0                devfs_input_kbd_drop_count
                0xffffffff801352f0                devfs_input_mouse_drop_count
                0xffffffff80135300                devfs_input_mice_drop_count
 *fill*         0xffffffff8013530b       0x15 
 .text          0xffffffff80135320      0x58c build/ipc/msgqueue.o
                0xffffffff80135320                msgqueue_create
                0xffffffff801354d0                msgqueue_get
                0xffffffff80135510                msgqueue_destroy
                0xffffffff801355d0                msgqueue_send
                0xffffffff80135710                msgqueue_recv
                0xffffffff80135830                msgqueue_init
                0xffffffff801358a0                ipc_init
 *fill*         0xffffffff801358ac       0x14 
 .text          0xffffffff801358c0      0x530 build/ipc/axiomd_channel.o
                0xffffffff80135980                axiomd_channel_init
                0xffffffff80135a70                axiomd_connect
                0xffffffff80135ab0                axiomd_disconnect
                0xffffffff80135b20                axiomd_is_connected
                0xffffffff80135b40                axiomd_send_query
                0xffffffff80135b90                axiomd_recv_response
                0xffffffff80135bc0                axiomd_query_sync
                0xffffffff80135c70                axiomd_daemon_register
                0xffffffff80135cd0                axiomd_daemon_unregister
                0xffffffff80135d10                axiomd_ping
 *fill*         0xffffffff80135df0       0x10 
 .text          0xffffffff80135e00      0x641 build/ipc/shm.o
                0xffffffff80135e00                shmget
                0xffffffff801360b0                shmat
                0xffffffff80136290                shmdt
                0xffffffff801363a0                shmctl
 *fill*         0xffffffff80136441       0x3f 
 .text          0xffffffff80136480      0xec1 build/sysctl/sysctl.o
                0xffffffff80136740                sysctl_register_node
                0xffffffff80136980                sysctl_lookup
                0xffffffff80136a80                sysctl_register_int
                0xffffffff80136ae0                sysctl_register_uint
                0xffffffff80136b40                sysctl_register_long
                0xffffffff80136ba0                sysctl_register_ulong
                0xffffffff80136c00                sysctl_register_string
                0xffffffff80136c60                sysctl_register_bool
                0xffffffff80136cc0                sysctl_register_handler
                0xffffffff80136d20                sysctl_read
                0xffffffff80136dc0                sysctl_write
                0xffffffff80136e70                sysctl_read_string
                0xffffffff80137100                sysctl_dump_tree
                0xffffffff80137150                sysctl_init
 *fill*         0xffffffff80137341       0x3f 
 .text          0xffffffff80137380      0xab4 build/sysctl/nodes.o
                0xffffffff801379e0                sysctl_register_system_nodes
                0xffffffff80137d00                sysctl_init_cpu_info
 *fill*         0xffffffff80137e34        0xc 
 .text          0xffffffff80137e40      0x2bc build/sysctl/handlers.o
                0xffffffff80137e40                sysctl_handle_int
                0xffffffff80137e90                sysctl_handle_uint
                0xffffffff80137ee0                sysctl_handle_long
                0xffffffff80137f30                sysctl_handle_ulong
                0xffffffff80137f80                sysctl_handle_string
                0xffffffff80138030                sysctl_handle_bool
                0xffffffff80138090                sysctl_handle_int_minmax
 *fill*         0xffffffff801380fc        0x4 
 .text          0xffffffff80138100      0xa49 build/lib/string.o
                0xffffffff80138100                strlen
                0xffffffff80138130                strnlen
                0xffffffff80138160                strcpy
                0xffffffff80138190                strncpy
                0xffffffff801381f0                strcat
                0xffffffff80138230                strncat
                0xffffffff80138280                strcmp
                0xffffffff801382c0                strncmp
                0xffffffff80138310                strcasecmp
                0xffffffff80138370                strchr
                0xffffffff801383b0                strrchr
                0xffffffff801383e0                strstr
                0xffffffff80138460                strtok_r
                0xffffffff80138560                strtok
                0xffffffff80138580                memcpy
                0xffffffff80138630                strdup
                0xffffffff801386b0                strndup
                0xffffffff80138720                memmove
                0xffffffff80138770                memset
                0xffffffff80138830                memcmp
                0xffffffff80138870                memchr
                0xffffffff801388a0                bzero
                0xffffffff80138940                atoi
                0xffffffff801389c0                atol
                0xffffffff80138a40                strtoul
 *fill*         0xffffffff80138b49       0x37 
 .text          0xffffffff80138b80     0x1003 build/lib/printf.o
                0xffffffff80139910                sprintf
                0xffffffff801399b0                vsprintf
                0xffffffff80139a10                snprintf_full
                0xffffffff80139af0                vsnprintf_full
 *fill*         0xffffffff80139b83       0x1d 
 .text          0xffffffff80139ba0      0x49b build/lib/bitmap.o
                0xffffffff80139ba0                set_bit
                0xffffffff80139bc0                clear_bit
                0xffffffff80139be0                test_bit
                0xffffffff80139c00                test_and_set_bit
                0xffffffff80139c30                test_and_clear_bit
                0xffffffff80139c60                change_bit
                0xffffffff80139c80                ffs
                0xffffffff80139ca0                fls
                0xffffffff80139cb0                ffz
                0xffffffff80139cd0                find_first_bit
                0xffffffff80139d20                find_first_zero_bit
                0xffffffff80139d80                find_next_bit
                0xffffffff80139e20                find_next_zero_bit
                0xffffffff80139ec0                bitmap_set
                0xffffffff80139f40                bitmap_clear
                0xffffffff80139fc0                bitmap_weight
                0xffffffff8013a000                bitmap_zero
                0xffffffff8013a020                bitmap_fill
 *fill*         0xffffffff8013a03b        0x5 
 .text          0xffffffff8013a040      0x6c1 build/lib/rbtree.o
                0xffffffff8013a160                rb_link_node
                0xffffffff8013a180                rb_insert_color
                0xffffffff8013a2c0                rb_erase
                0xffffffff8013a5f0                rb_first
                0xffffffff8013a620                rb_last
                0xffffffff8013a650                rb_next
                0xffffffff8013a6b0                rb_prev
 .text          0xffffffff8013a701        0x0 build/arch/x86_64/boot/boot.o
 .text          0xffffffff8013a701      0x30a build/arch/x86_64/boot/interrupt.o
                0xffffffff8013a701                isr_stub_0
                0xffffffff8013a70a                isr_stub_1
                0xffffffff8013a713                isr_stub_2
                0xffffffff8013a71c                isr_stub_3
                0xffffffff8013a725                isr_stub_4
                0xffffffff8013a72e                isr_stub_5
                0xffffffff8013a737                isr_stub_6
                0xffffffff8013a740                isr_stub_7
                0xffffffff8013a749                isr_stub_8
                0xffffffff8013a750                isr_stub_9
                0xffffffff8013a759                isr_stub_10
                0xffffffff8013a760                isr_stub_11
                0xffffffff8013a767                isr_stub_12
                0xffffffff8013a76e                isr_stub_13
                0xffffffff8013a775                isr_stub_14
                0xffffffff8013a77c                isr_stub_15
                0xffffffff8013a785                isr_stub_16
                0xffffffff8013a78e                isr_stub_17
                0xffffffff8013a795                isr_stub_18
                0xffffffff8013a79e                isr_stub_19
                0xffffffff8013a7a7                isr_stub_20
                0xffffffff8013a7b0                isr_stub_21
                0xffffffff8013a7b7                isr_stub_22
                0xffffffff8013a7c0                isr_stub_23
                0xffffffff8013a7c9                isr_stub_24
                0xffffffff8013a7d2                isr_stub_25
                0xffffffff8013a7db                isr_stub_26
                0xffffffff8013a7e4                isr_stub_27
                0xffffffff8013a7ed                isr_stub_28
                0xffffffff8013a7f6                isr_stub_29
                0xffffffff8013a7ff                isr_stub_30
                0xffffffff8013a806                isr_stub_31
                0xffffffff8013a80c                irq_stub_0
                0xffffffff8013a815                irq_stub_1
                0xffffffff8013a81e                irq_stub_2
                0xffffffff8013a827                irq_stub_3
                0xffffffff8013a830                irq_stub_4
                0xffffffff8013a839                irq_stub_5
                0xffffffff8013a842                irq_stub_6
                0xffffffff8013a84b                irq_stub_7
                0xffffffff8013a854                irq_stub_8
                0xffffffff8013a85d                irq_stub_9
                0xffffffff8013a866                irq_stub_10
                0xffffffff8013a86c                irq_stub_11
                0xffffffff8013a872                irq_stub_12
                0xffffffff8013a878                irq_stub_13
                0xffffffff8013a87e                irq_stub_14
                0xffffffff8013a884                irq_stub_15
                0xffffffff8013a93a                syscall_stub
                0xffffffff8013a999                syscall_entry
 .text          0xffffffff8013aa0b      0x10f build/arch/x86_64/process/context.o
                0xffffffff8013aa0b                context_switch
                0xffffffff8013aa6a                context_switch_initial
                0xffffffff8013aa8c                fork_return
                0xffffffff8013aab3                user_mode_enter
 *fill*         0xffffffff8013ab1a        0x2 
 .text          0xffffffff8013ab1c        0x0 build/support/elf_validate.o
 .text          0xffffffff8013ab1c        0x0 build/support/initramfs_scan.o
 .text          0xffffffff8013ab1c        0x0 build/support/path_validate.o
 .text          0xffffffff8013ab1c        0x0 build/support/safe_arith.o
 .text          0xffffffff8013ab1c        0x0 build/support/exec_string.o
 *(.text.*)
 .text.unlikely
                0xffffffff8013ab1c        0xb build/arch/x86_64/process/syscall.o
                0xffffffff8013ab27                __text_end = .
                0xffffffff8013ab27                __rodata_start = .

.iplt           0xffffffff8013ab27        0x0 load address 0x000000000013ab27
 .iplt          0xffffffff8013ab27        0x0 build/arch/x86_64/boot/gdt.o

.ltext          0xffffffff8013ab27      0x50e load address 0x000000000013ab27
 .ltext         0xffffffff8013ab27       0x94 build/support/elf_validate.o
                0xffffffff8013ab27                zig_elf64_header_sanity
 .ltext         0xffffffff8013abbb      0x2db build/support/initramfs_scan.o
                0xffffffff8013abbb                zig_initramfs_scan
 .ltext         0xffffffff8013ae96       0x53 build/support/path_validate.o
                0xffffffff8013ae96                zig_kernel_cstring_no_control
 .ltext         0xffffffff8013aee9       0xa6 build/support/safe_arith.o
                0xffffffff8013aee9                zig_u64_mul_ok
                0xffffffff8013af06                zig_u64_add_ok
                0xffffffff8013af1d                zig_u64_sub_ok
                0xffffffff8013af34                zig_user_copy_len_ok
                0xffffffff8013af46                zig_u64_add_le_cap
                0xffffffff8013af61                zig_u64_align_up_pow2_ok
 .ltext         0xffffffff8013af8f       0xa6 build/support/exec_string.o
                0xffffffff8013af8f                zig_kernel_exec_line_ok
                0xffffffff8013aff1                zig_cstring_first_nul_index

.rodata         0xffffffff8013c000     0x70ce load address 0x000000000013c000
 *(.rodata)
 .rodata        0xffffffff8013c000      0x340 build/arch/x86_64/boot/idt.o
 .rodata        0xffffffff8013c340       0x11 build/arch/x86_64/io/uart.o
 *fill*         0xffffffff8013c351        0x7 
 .rodata        0xffffffff8013c358       0x30 build/arch/x86_64/mm/physmem.o
 *fill*         0xffffffff8013c388       0x18 
 .rodata        0xffffffff8013c3a0       0x88 build/arch/x86_64/process/syscall.o
 .rodata        0xffffffff8013c428       0x26 build/net/core.o
 *fill*         0xffffffff8013c44e        0x2 
 .rodata        0xffffffff8013c450       0x10 build/net/e1000.o
 .rodata        0xffffffff8013c460       0x20 build/net/virtio_net.o
 .rodata        0xffffffff8013c480       0x58 build/mm/kmalloc.o
 *fill*         0xffffffff8013c4d8        0x8 
 .rodata        0xffffffff8013c4e0     0x11c0 build/kernel/printk.o
 .rodata        0xffffffff8013d6a0       0x30 build/proc/process.o
 .rodata        0xffffffff8013d6d0      0x140 build/proc/exec.o
 *fill*         0xffffffff8013d810       0x10 
 .rodata        0xffffffff8013d820      0x210 build/fs/axiomfs/super.o
                0xffffffff8013d820                axiomfs_file_ops
                0xffffffff8013d880                axiomfs_dir_ops
                0xffffffff8013d8e0                axiomfs_file_inode_ops
                0xffffffff8013d960                axiomfs_dir_inode_ops
 *fill*         0xffffffff8013da30       0x10 
 .rodata        0xffffffff8013da40     0x1028 build/fs/devfs/devfs.o
 .rodata        0xffffffff8013ea68       0x70 build/sysctl/sysctl.o
 *fill*         0xffffffff8013ead8        0x8 
 .rodata        0xffffffff8013eae0      0x1c1 build/lib/printf.o
 *(.rodata.*)
 .rodata.str1.1
                0xffffffff8013eca1      0xdf3 build/arch/x86_64/boot/gdt.o
                                         0x18 (size before relaxing)
 *fill*         0xffffffff8013fa94        0x4 
 .rodata.str1.8
                0xffffffff8013fa98     0x3627 build/arch/x86_64/boot/gdt.o
                                         0x2b (size before relaxing)
 .rodata.str1.8
                0xffffffff801430bf        0x0 build/arch/x86_64/boot/idt.o
                                        0xac8 (size before relaxing)
 .rodata.str1.1
                0xffffffff801430bf        0x0 build/arch/x86_64/boot/idt.o
                                        0x30b (size before relaxing)
 *fill*         0xffffffff801430bf        0x1 
 .rodata.cst2   0xffffffff801430c0        0xe build/arch/x86_64/boot/idt.o
                                          0x2 (size before relaxing)
 .rodata.str1.8
                0xffffffff801430ce        0x0 build/arch/x86_64/cpu.o
                                         0x25 (size before relaxing)
 .rodata.str1.1
                0xffffffff801430ce        0x0 build/arch/x86_64/io/uart.o
                                          0x3 (size before relaxing)
 .rodata.str1.8
                0xffffffff801430ce        0x0 build/arch/x86_64/mm/paging.o
                                         0x2d (size before relaxing)
 .rodata.str1.1
                0xffffffff801430ce        0x0 build/arch/x86_64/mm/physmem.o
                                         0x4d (size before relaxing)
 .rodata.str1.8
                0xffffffff801430ce        0x0 build/arch/x86_64/mm/physmem.o
                                        0x14f (size before relaxing)
 .rodata.str1.1
                0xffffffff801430ce        0x0 build/arch/x86_64/process/syscall.o
                                        0x18c (size before relaxing)
 .rodata.str1.8
                0xffffffff801430ce        0x0 build/arch/x86_64/process/syscall.o
                                        0x233 (size before relaxing)
 .rodata.cst2   0xffffffff801430ce        0x0 build/arch/x86_64/process/syscall.o
                                          0x6 (size before relaxing)
 .rodata.str1.8
                0xffffffff801430ce        0x0 build/drivers/pci.o
                                         0x9d (size before relaxing)
 .rodata.str1.1
                0xffffffff801430ce        0x0 build/net/core.o
                                         0x1a (size before relaxing)
 .rodata.str1.8
                0xffffffff801430ce        0x0 build/net/core.o
                                        0x111 (size before relaxing)
 .rodata.cst2   0xffffffff801430ce        0x0 build/net/core.o
                                          0x2 (size before relaxing)
 .rodata.str1.8
                0xffffffff801430ce        0x0 build/net/e1000.o
                                        0x1cf (size before relaxing)
 .rodata.str1.1
                0xffffffff801430ce        0x0 build/net/e1000.o
                                          0xe (size before relaxing)
 .rodata.cst2   0xffffffff801430ce        0x0 build/net/e1000.o
                                          0x2 (size before relaxing)
 .rodata.str1.8
                0xffffffff801430ce        0x0 build/net/virtio_net.o
                                        0x4a2 (size before relaxing)
 .rodata.str1.1
                0xffffffff801430ce        0x0 build/net/virtio_net.o
                                          0x8 (size before relaxing)
 .rodata.str1.8
                0xffffffff801430ce        0x0 build/mm/pmm.o
                                        0x26b (size before relaxing)
 .rodata.str1.1
                0xffffffff801430ce        0x0 build/mm/pmm.o
                                         0x10 (size before relaxing)
 .rodata.str1.8
                0xffffffff801430ce        0x0 build/mm/vmm.o
                                         0x2b (size before relaxing)
 .rodata.str1.1
                0xffffffff801430ce        0x0 build/mm/vmm.o
                                         0x14 (size before relaxing)
 .rodata.str1.1
                0xffffffff801430ce        0x0 build/mm/kmalloc.o
                                         0xb3 (size before relaxing)
 .rodata.str1.8
                0xffffffff801430ce        0x0 build/mm/kmalloc.o
                                        0x174 (size before relaxing)
 .rodata.str1.8
                0xffffffff801430ce        0x0 build/kernel/main.o
                                        0x489 (size before relaxing)
 .rodata.str1.1
                0xffffffff801430ce        0x0 build/kernel/main.o
                                        0x259 (size before relaxing)
 .rodata.str1.1
                0xffffffff801430ce        0x0 build/kernel/bootinfo.o
                                         0x22 (size before relaxing)
 .rodata.str1.8
                0xffffffff801430ce        0x0 build/kernel/bootinfo.o
                                        0x167 (size before relaxing)
 .rodata.str1.8
                0xffffffff801430ce        0x0 build/kernel/initramfs.o
                                        0x170 (size before relaxing)
 .rodata.str1.1
                0xffffffff801430ce        0x0 build/kernel/initramfs.o
                                         0x18 (size before relaxing)
 .rodata.str1.1
                0xffffffff801430ce        0x0 build/kernel/panic.o
                                         0xa9 (size before relaxing)
 .rodata.str1.8
                0xffffffff801430ce        0x0 build/kernel/panic.o
                                        0x1be (size before relaxing)
 .rodata.str1.1
                0xffffffff801430ce        0x0 build/kernel/printk.o
                                          0x7 (size before relaxing)
 .rodata.str1.8
                0xffffffff801430ce        0x0 build/kernel/power.o
                                        0x451 (size before relaxing)
 .rodata.str1.8
                0xffffffff801430ce        0x0 build/kernel/kthread.o
                                         0x50 (size before relaxing)
 .rodata.str1.1
                0xffffffff801430ce        0x0 build/kernel/kthread.o
                                          0xb (size before relaxing)
 .rodata.cst2   0xffffffff801430ce        0x0 build/kernel/kthread.o
                                          0x2 (size before relaxing)
 .rodata.str1.1
                0xffffffff801430ce        0x0 build/proc/process.o
                                         0xbc (size before relaxing)
 .rodata.str1.8
                0xffffffff801430ce        0x0 build/proc/process.o
                                        0x153 (size before relaxing)
 .rodata.str1.8
                0xffffffff801430ce        0x0 build/proc/scheduler.o
                                        0x16a (size before relaxing)
 .rodata.str1.1
                0xffffffff801430ce        0x0 build/proc/scheduler.o
                                         0x72 (size before relaxing)
 .rodata.str1.1
                0xffffffff801430ce        0x0 build/proc/exec.o
                                         0x89 (size before relaxing)
 .rodata.str1.8
                0xffffffff801430ce        0x0 build/proc/exec.o
                                        0x4c4 (size before relaxing)
 .rodata.str1.1
                0xffffffff801430ce        0x0 build/fs/vfs.o
                                         0x72 (size before relaxing)
 .rodata.str1.8
                0xffffffff801430ce        0x0 build/fs/vfs.o
                                         0xc1 (size before relaxing)
 .rodata.str1.1
                0xffffffff801430ce        0x0 build/fs/dentry.o
                                          0x2 (size before relaxing)
 .rodata.str1.1
                0xffffffff801430ce        0x0 build/fs/axiomfs/super.o
                                         0x75 (size before relaxing)
 .rodata.str1.8
                0xffffffff801430ce        0x0 build/fs/axiomfs/super.o
                                         0x5e (size before relaxing)
 .rodata.str1.1
                0xffffffff801430ce        0x0 build/fs/axiomfs/dir.o
                                          0x5 (size before relaxing)
 .rodata.str1.1
                0xffffffff801430ce        0x0 build/fs/axiomfs/file.o
                                          0x1 (size before relaxing)
 .rodata.str1.1
                0xffffffff801430ce        0x0 build/fs/axiomfs/policy_ipc.o
                                         0x15 (size before relaxing)
 .rodata.str1.8
                0xffffffff801430ce        0x0 build/fs/axiomfs/policy_ipc.o
                                         0x96 (size before relaxing)
 .rodata.str1.1
                0xffffffff801430ce        0x0 build/fs/devfs/devfs.o
                                        0x103 (size before relaxing)
 .rodata.str1.8
                0xffffffff801430ce        0x0 build/fs/devfs/devfs.o
                                        0x171 (size before relaxing)
 .rodata.str1.8
                0xffffffff801430ce        0x0 build/ipc/msgqueue.o
                                         0x47 (size before relaxing)
 .rodata.str1.1
                0xffffffff801430ce        0x0 build/ipc/msgqueue.o
                                          0xc (size before relaxing)
 .rodata.str1.8
                0xffffffff801430ce        0x0 build/ipc/axiomd_channel.o
                                         0xd0 (size before relaxing)
 .rodata.str1.1
                0xffffffff801430ce        0x0 build/sysctl/sysctl.o
                                         0xee (size before relaxing)
 .rodata.str1.1
                0xffffffff801430ce        0x0 build/sysctl/nodes.o
                                        0x143 (size before relaxing)
 .rodata.str1.8
                0xffffffff801430ce        0x0 build/sysctl/nodes.o
                                        0x17f (size before relaxing)
 .rodata.str1.1
                0xffffffff801430ce        0x0 build/lib/printf.o
                                          0xd (size before relaxing)
                0xffffffff801430ce                __rodata_end = .
                0xffffffff801430ce                __data_start = .

.lrodata.str1.1
                0xffffffff801430ce       0x12 load address 0x00000000001430ce
 .lrodata.str1.1
                0xffffffff801430ce       0x12 build/support/initramfs_scan.o

.rela.dyn       0xffffffff801430e0        0x0 load address 0x00000000001430e0
 .rela.got      0xffffffff801430e0        0x0 build/arch/x86_64/boot/gdt.o
 .rela.iplt     0xffffffff801430e0        0x0 build/arch/x86_64/boot/gdt.o
 .rela.text     0xffffffff801430e0        0x0 build/arch/x86_64/boot/gdt.o
 .rela.text.boot
                0xffffffff801430e0        0x0 build/arch/x86_64/boot/gdt.o

.data           0xffffffff80144000      0x624 load address 0x0000000000144000
 *(.data)
 .data          0xffffffff80144000        0x0 build/arch/x86_64/boot/gdt.o
 .data          0xffffffff80144000        0x0 build/arch/x86_64/boot/idt.o
 .data          0xffffffff80144000       0x90 build/arch/x86_64/cpu.o
 .data          0xffffffff80144090        0x0 build/arch/x86_64/io/port.o
 .data          0xffffffff80144090        0x2 build/arch/x86_64/io/uart.o
 .data          0xffffffff80144092        0x0 build/arch/x86_64/mm/paging.o
 .data          0xffffffff80144092        0x0 build/arch/x86_64/mm/physmem.o
 *fill*         0xffffffff80144092        0x2 
 .data          0xffffffff80144094        0x4 build/arch/x86_64/process/syscall.o
                0xffffffff80144094                loader_exec_debug_enabled
 .data          0xffffffff80144098        0x0 build/drivers/pci.o
 .data          0xffffffff80144098        0x0 build/net/core.o
 .data          0xffffffff80144098        0x0 build/net/e1000.o
 .data          0xffffffff80144098        0x0 build/net/virtio_net.o
 *fill*         0xffffffff80144098        0x8 
 .data          0xffffffff801440a0       0xc0 build/mm/pmm.o
 .data          0xffffffff80144160        0x0 build/mm/vmm.o
 .data          0xffffffff80144160       0x10 build/mm/kmalloc.o
 .data          0xffffffff80144170        0x0 build/kernel/main.o
 .data          0xffffffff80144170        0x0 build/kernel/bootinfo.o
 .data          0xffffffff80144170        0x0 build/kernel/initramfs.o
 .data          0xffffffff80144170        0x0 build/kernel/time.o
 .data          0xffffffff80144170        0x0 build/kernel/panic.o
 .data          0xffffffff80144170        0x4 build/kernel/printk.o
 .data          0xffffffff80144174        0x0 build/kernel/power.o
 *fill*         0xffffffff80144174        0xc 
 .data          0xffffffff80144180       0x20 build/kernel/kthread.o
 .data          0xffffffff801441a0       0x94 build/proc/process.o
                0xffffffff80144220                all_processes
                0xffffffff80144230                next_pid
 *fill*         0xffffffff80144234        0xc 
 .data          0xffffffff80144240       0x60 build/proc/scheduler.o
 .data          0xffffffff801442a0        0x0 build/proc/fork.o
 .data          0xffffffff801442a0        0x0 build/proc/exec.o
 .data          0xffffffff801442a0       0x10 build/fs/vfs.o
 .data          0xffffffff801442b0        0x0 build/fs/inode.o
 .data          0xffffffff801442b0        0x0 build/fs/dentry.o
 .data          0xffffffff801442b0        0x0 build/fs/file.o
 *fill*         0xffffffff801442b0       0x10 
 .data          0xffffffff801442c0       0x30 build/fs/axiomfs/super.o
 .data          0xffffffff801442f0        0x0 build/fs/axiomfs/inode.o
 .data          0xffffffff801442f0        0x0 build/fs/axiomfs/dir.o
 .data          0xffffffff801442f0        0x0 build/fs/axiomfs/file.o
 .data          0xffffffff801442f0        0x4 build/fs/axiomfs/policy_ipc.o
 *fill*         0xffffffff801442f4        0x4 
 .data          0xffffffff801442f8        0x8 build/fs/axiomfs/cache.o
 .data          0xffffffff80144300       0x40 build/fs/devfs/devfs.o
 .data          0xffffffff80144340        0x4 build/ipc/msgqueue.o
 .data          0xffffffff80144344        0x8 build/ipc/axiomd_channel.o
 .data          0xffffffff8014434c        0x4 build/ipc/shm.o
 *fill*         0xffffffff80144350       0x10 
 .data          0xffffffff80144360       0xa0 build/sysctl/sysctl.o
 .data          0xffffffff80144400      0x224 build/sysctl/nodes.o
 .data          0xffffffff80144624        0x0 build/sysctl/handlers.o
 .data          0xffffffff80144624        0x0 build/lib/string.o
 .data          0xffffffff80144624        0x0 build/lib/printf.o
 .data          0xffffffff80144624        0x0 build/lib/bitmap.o
 .data          0xffffffff80144624        0x0 build/lib/rbtree.o
 .data          0xffffffff80144624        0x0 build/arch/x86_64/boot/boot.o
 .data          0xffffffff80144624        0x0 build/arch/x86_64/boot/interrupt.o
 .data          0xffffffff80144624        0x0 build/arch/x86_64/process/context.o
 *(.data.*)
                0xffffffff80144624                __data_end = .
                0xffffffff80144624                __bss_start = .

.got            0xffffffff80144628        0x0 load address 0x0000000000144628
 .got           0xffffffff80144628        0x0 build/arch/x86_64/boot/gdt.o

.got.plt        0xffffffff80144628        0x0 load address 0x0000000000144628
 .got.plt       0xffffffff80144628        0x0 build/arch/x86_64/boot/gdt.o

.igot.plt       0xffffffff80144628        0x0 load address 0x0000000000144628
 .igot.plt      0xffffffff80144628        0x0 build/arch/x86_64/boot/gdt.o

.bss            0xffffffff80145000    0x2f618 load address 0x0000000000145000
 *(COMMON)
 *(.bss)
 .bss           0xffffffff80145000     0x40b8 build/arch/x86_64/boot/gdt.o
 *fill*         0xffffffff801490b8        0x8 
 .bss           0xffffffff801490c0     0x1130 build/arch/x86_64/boot/idt.o
 .bss           0xffffffff8014a1f0        0x0 build/arch/x86_64/cpu.o
 .bss           0xffffffff8014a1f0        0x0 build/arch/x86_64/io/port.o
 .bss           0xffffffff8014a1f0        0x1 build/arch/x86_64/io/uart.o
 *fill*         0xffffffff8014a1f1        0xf 
 .bss           0xffffffff8014a200       0x18 build/arch/x86_64/mm/paging.o
 .bss           0xffffffff8014a218       0x20 build/arch/x86_64/mm/physmem.o
 *fill*         0xffffffff8014a238        0x8 
 .bss           0xffffffff8014a240     0x1988 build/arch/x86_64/process/syscall.o
                0xffffffff8014a240                loader_trace_budget
                0xffffffff8014a244                loader_trace_enabled
 *fill*         0xffffffff8014bbc8       0x18 
 .bss           0xffffffff8014bbe0     0x1420 build/drivers/pci.o
 .bss           0xffffffff8014d000    0x10cb8 build/net/core.o
 *fill*         0xffffffff8015dcb8        0x8 
 .bss           0xffffffff8015dcc0      0x480 build/net/e1000.o
 .bss           0xffffffff8015e140      0x110 build/net/virtio_net.o
 .bss           0xffffffff8015e250       0x30 build/mm/pmm.o
 .bss           0xffffffff8015e280       0xa8 build/mm/vmm.o
 *fill*         0xffffffff8015e328       0x18 
 .bss           0xffffffff8015e340       0x98 build/mm/kmalloc.o
 *fill*         0xffffffff8015e3d8        0x8 
 .bss           0xffffffff8015e3e0      0x138 build/kernel/main.o
 *fill*         0xffffffff8015e518        0x8 
 .bss           0xffffffff8015e520      0x664 build/kernel/bootinfo.o
 .bss           0xffffffff8015eb84        0x0 build/kernel/initramfs.o
 .bss           0xffffffff8015eb84        0x0 build/kernel/time.o
 .bss           0xffffffff8015eb84        0x1 build/kernel/panic.o
 *fill*         0xffffffff8015eb85       0x1b 
 .bss           0xffffffff8015eba0       0xb8 build/kernel/printk.o
 .bss           0xffffffff8015ec58        0x0 build/kernel/power.o
 .bss           0xffffffff8015ec58        0x8 build/kernel/kthread.o
 .bss           0xffffffff8015ec60       0x18 build/proc/process.o
                0xffffffff8015ec60                idle_process
                0xffffffff8015ec68                init_process
 *fill*         0xffffffff8015ec78        0x8 
 .bss           0xffffffff8015ec80      0x96c build/proc/scheduler.o
                0xffffffff8015ec80                current_policy
                0xffffffff8015eca0                runqueue
 .bss           0xffffffff8015f5ec        0x0 build/proc/fork.o
 .bss           0xffffffff8015f5ec        0x0 build/proc/exec.o
 *fill*         0xffffffff8015f5ec       0x14 
 .bss           0xffffffff8015f600      0x840 build/fs/vfs.o
                0xffffffff8015f600                file_cache
                0xffffffff8015f608                dentry_cache
                0xffffffff8015f610                inode_cache
 .bss           0xffffffff8015fe40    0x10020 build/fs/inode.o
 .bss           0xffffffff8016fe60        0x0 build/fs/dentry.o
 .bss           0xffffffff8016fe60        0x0 build/fs/file.o
 .bss           0xffffffff8016fe60        0x0 build/fs/axiomfs/super.o
 .bss           0xffffffff8016fe60        0x0 build/fs/axiomfs/inode.o
 .bss           0xffffffff8016fe60        0x0 build/fs/axiomfs/dir.o
 .bss           0xffffffff8016fe60        0x0 build/fs/axiomfs/file.o
 .bss           0xffffffff8016fe60       0x10 build/fs/axiomfs/policy_ipc.o
 .bss           0xffffffff8016fe70        0x0 build/fs/axiomfs/cache.o
 *fill*         0xffffffff8016fe70       0x10 
 .bss           0xffffffff8016fe80     0x35d0 build/fs/devfs/devfs.o
 *fill*         0xffffffff80173450       0x10 
 .bss           0xffffffff80173460      0x800 build/ipc/msgqueue.o
 .bss           0xffffffff80173c60       0x68 build/ipc/axiomd_channel.o
 *fill*         0xffffffff80173cc8       0x18 
 .bss           0xffffffff80173ce0      0x800 build/ipc/shm.o
 .bss           0xffffffff801744e0       0x18 build/sysctl/sysctl.o
                0xffffffff801744e0                sysctl_root
 *fill*         0xffffffff801744f8        0x8 
 .bss           0xffffffff80174500      0x10c build/sysctl/nodes.o
 .bss           0xffffffff8017460c        0x0 build/sysctl/handlers.o
 *fill*         0xffffffff8017460c        0x4 
 .bss           0xffffffff80174610        0x8 build/lib/string.o
 .bss           0xffffffff80174618        0x0 build/lib/printf.o
 .bss           0xffffffff80174618        0x0 build/lib/bitmap.o
 .bss           0xffffffff80174618        0x0 build/lib/rbtree.o
 .bss           0xffffffff80174618        0x0 build/arch/x86_64/boot/boot.o
 .bss           0xffffffff80174618        0x0 build/arch/x86_64/boot/interrupt.o
 .bss           0xffffffff80174618        0x0 build/arch/x86_64/process/context.o
 *(.bss.*)
                0xffffffff80174618                __bss_end = .

.lbss           0xffffffff80174620   0x123400 load address 0x0000000000174620
 .lbss          0xffffffff80174620    0x43400 build/arch/x86_64/process/syscall.o
 .lbss          0xffffffff801b7a20    0x20000 build/mm/pmm.o
 .lbss          0xffffffff801d7a20    0x40000 build/proc/process.o
                0xffffffff801d7a20                pid_table
 .lbss          0xffffffff80217a20    0x80000 build/fs/axiomfs/inode.o
                0xffffffff80298000                . = ALIGN (0x1000)
                0xffffffff80298000                __kernel_end = .
                0xffffffff80100000                __kernel_start = (KERNEL_VMA + KERNEL_LMA)
                0x0000000000298000                __kernel_phys_end = (__kernel_end - KERNEL_VMA)

/DISCARD/
 *(.comment)
 *(.note)
 *(.note.*)
 *(.eh_frame)
 *(.eh_frame_hdr)
LOAD build/arch/x86_64/boot/gdt.o
LOAD build/arch/x86_64/boot/idt.o
LOAD build/arch/x86_64/cpu.o
LOAD build/arch/x86_64/io/port.o
LOAD build/arch/x86_64/io/uart.o
LOAD build/arch/x86_64/mm/paging.o
LOAD build/arch/x86_64/mm/physmem.o
LOAD build/arch/x86_64/process/syscall.o
LOAD build/drivers/pci.o
LOAD build/net/core.o
LOAD build/net/e1000.o
LOAD build/net/virtio_net.o
LOAD build/mm/pmm.o
LOAD build/mm/vmm.o
LOAD build/mm/kmalloc.o
LOAD build/kernel/main.o
LOAD build/kernel/bootinfo.o
LOAD build/kernel/initramfs.o
LOAD build/kernel/time.o
LOAD build/kernel/panic.o
LOAD build/kernel/printk.o
LOAD build/kernel/power.o
LOAD build/kernel/kthread.o
LOAD build/proc/process.o
LOAD build/proc/scheduler.o
LOAD build/proc/fork.o
LOAD build/proc/exec.o
LOAD build/fs/vfs.o
LOAD build/fs/inode.o
LOAD build/fs/dentry.o
LOAD build/fs/file.o
LOAD build/fs/axiomfs/super.o
LOAD build/fs/axiomfs/inode.o
LOAD build/fs/axiomfs/dir.o
LOAD build/fs/axiomfs/file.o
LOAD build/fs/axiomfs/policy_ipc.o
LOAD build/fs/axiomfs/cache.o
LOAD build/fs/devfs/devfs.o
LOAD build/ipc/msgqueue.o
LOAD build/ipc/axiomd_channel.o
LOAD build/ipc/shm.o
LOAD build/sysctl/sysctl.o
LOAD build/sysctl/nodes.o
LOAD build/sysctl/handlers.o
LOAD build/lib/string.o
LOAD build/lib/printf.o
LOAD build/lib/bitmap.o
LOAD build/lib/rbtree.o
LOAD build/arch/x86_64/boot/boot.o
LOAD build/arch/x86_64/boot/interrupt.o
LOAD build/arch/x86_64/process/context.o
LOAD build/support/elf_validate.o
LOAD build/support/initramfs_scan.o
LOAD build/support/path_validate.o
LOAD build/support/safe_arith.o
LOAD build/support/exec_string.o
OUTPUT(build/kernel.elf elf64-x86-64)

.debug_info     0x0000000000000000    0x5d9e1
 .debug_info    0x0000000000000000      0x731 build/arch/x86_64/boot/gdt.o
 .debug_info    0x0000000000000731     0x330b build/arch/x86_64/boot/idt.o
 .debug_info    0x0000000000003a3c      0x801 build/arch/x86_64/cpu.o
 .debug_info    0x000000000000423d      0x47e build/arch/x86_64/io/port.o
 .debug_info    0x00000000000046bb      0x98d build/arch/x86_64/io/uart.o
 .debug_info    0x0000000000005048     0x1469 build/arch/x86_64/mm/paging.o
 .debug_info    0x00000000000064b1      0x723 build/arch/x86_64/mm/physmem.o
 .debug_info    0x0000000000006bd4     0xc341 build/arch/x86_64/process/syscall.o
 .debug_info    0x0000000000012f15     0x1bab build/drivers/pci.o
 .debug_info    0x0000000000014ac0     0x4160 build/net/core.o
 .debug_info    0x0000000000018c20     0x1872 build/net/e1000.o
 .debug_info    0x000000000001a492     0x2302 build/net/virtio_net.o
 .debug_info    0x000000000001c794     0x18d1 build/mm/pmm.o
 .debug_info    0x000000000001e065     0x320c build/mm/vmm.o
 .debug_info    0x0000000000021271     0x257b build/mm/kmalloc.o
 .debug_info    0x00000000000237ec     0x26cf build/kernel/main.o
 .debug_info    0x0000000000025ebb      0x844 build/kernel/bootinfo.o
 .debug_info    0x00000000000266ff     0x1d3f build/kernel/initramfs.o
 .debug_info    0x000000000002843e      0x26c build/kernel/time.o
 .debug_info    0x00000000000286aa      0xa87 build/kernel/panic.o
 .debug_info    0x0000000000029131     0x23b2 build/kernel/printk.o
 .debug_info    0x000000000002b4e3      0x59d build/kernel/power.o
 .debug_info    0x000000000002ba80      0xb1b build/kernel/kthread.o
 .debug_info    0x000000000002c59b     0x2ed3 build/proc/process.o
 .debug_info    0x000000000002f46e     0x2905 build/proc/scheduler.o
 .debug_info    0x0000000000031d73     0x125d build/proc/fork.o
 .debug_info    0x0000000000032fd0     0x5cd6 build/proc/exec.o
 .debug_info    0x0000000000038ca6     0x3095 build/fs/vfs.o
 .debug_info    0x000000000003bd3b     0x259a build/fs/inode.o
 .debug_info    0x000000000003e2d5     0x1b42 build/fs/dentry.o
 .debug_info    0x000000000003fe17     0x1eae build/fs/file.o
 .debug_info    0x0000000000041cc5     0x162f build/fs/axiomfs/super.o
 .debug_info    0x00000000000432f4     0x2cf8 build/fs/axiomfs/inode.o
 .debug_info    0x0000000000045fec     0x1851 build/fs/axiomfs/dir.o
 .debug_info    0x000000000004783d     0x1db7 build/fs/axiomfs/file.o
 .debug_info    0x00000000000495f4     0x163e build/fs/axiomfs/policy_ipc.o
 .debug_info    0x000000000004ac32     0x1afb build/fs/axiomfs/cache.o
 .debug_info    0x000000000004c72d     0x6c08 build/fs/devfs/devfs.o
 .debug_info    0x0000000000053335     0x1418 build/ipc/msgqueue.o
 .debug_info    0x000000000005474d      0xd84 build/ipc/axiomd_channel.o
 .debug_info    0x00000000000554d1     0x1041 build/ipc/shm.o
 .debug_info    0x0000000000056512     0x1811 build/sysctl/sysctl.o
 .debug_info    0x0000000000057d23     0x1e58 build/sysctl/nodes.o
 .debug_info    0x0000000000059b7b      0x6b1 build/sysctl/handlers.o
 .debug_info    0x000000000005a22c      0xe08 build/lib/string.o
 .debug_info    0x000000000005b034     0x1379 build/lib/printf.o
 .debug_info    0x000000000005c3ad      0x7fa build/lib/bitmap.o
 .debug_info    0x000000000005cba7      0xdb0 build/lib/rbtree.o
 .debug_info    0x000000000005d957       0x2e build/arch/x86_64/boot/boot.o
 .debug_info    0x000000000005d985       0x2e build/arch/x86_64/boot/interrupt.o
 .debug_info    0x000000000005d9b3       0x2e build/arch/x86_64/process/context.o

.debug_abbrev   0x0000000000000000     0xb9ab
 .debug_abbrev  0x0000000000000000      0x22d build/arch/x86_64/boot/gdt.o
 .debug_abbrev  0x000000000000022d      0x620 build/arch/x86_64/boot/idt.o
 .debug_abbrev  0x000000000000084d      0x2b0 build/arch/x86_64/cpu.o
 .debug_abbrev  0x0000000000000afd      0x127 build/arch/x86_64/io/port.o
 .debug_abbrev  0x0000000000000c24      0x2cc build/arch/x86_64/io/uart.o
 .debug_abbrev  0x0000000000000ef0      0x40e build/arch/x86_64/mm/paging.o
 .debug_abbrev  0x00000000000012fe      0x277 build/arch/x86_64/mm/physmem.o
 .debug_abbrev  0x0000000000001575      0x68c build/arch/x86_64/process/syscall.o
 .debug_abbrev  0x0000000000001c01      0x34c build/drivers/pci.o
 .debug_abbrev  0x0000000000001f4d      0x486 build/net/core.o
 .debug_abbrev  0x00000000000023d3      0x3cc build/net/e1000.o
 .debug_abbrev  0x000000000000279f      0x515 build/net/virtio_net.o
 .debug_abbrev  0x0000000000002cb4      0x49c build/mm/pmm.o
 .debug_abbrev  0x0000000000003150      0x571 build/mm/vmm.o
 .debug_abbrev  0x00000000000036c1      0x552 build/mm/kmalloc.o
 .debug_abbrev  0x0000000000003c13      0x44d build/kernel/main.o
 .debug_abbrev  0x0000000000004060      0x240 build/kernel/bootinfo.o
 .debug_abbrev  0x00000000000042a0      0x3b3 build/kernel/initramfs.o
 .debug_abbrev  0x0000000000004653      0x165 build/kernel/time.o
 .debug_abbrev  0x00000000000047b8      0x263 build/kernel/panic.o
 .debug_abbrev  0x0000000000004a1b      0x4d7 build/kernel/printk.o
 .debug_abbrev  0x0000000000004ef2      0x189 build/kernel/power.o
 .debug_abbrev  0x000000000000507b      0x351 build/kernel/kthread.o
 .debug_abbrev  0x00000000000053cc      0x6b9 build/proc/process.o
 .debug_abbrev  0x0000000000005a85      0x72c build/proc/scheduler.o
 .debug_abbrev  0x00000000000061b1      0x3be build/proc/fork.o
 .debug_abbrev  0x000000000000656f      0x5a1 build/proc/exec.o
 .debug_abbrev  0x0000000000006b10      0x566 build/fs/vfs.o
 .debug_abbrev  0x0000000000007076      0x4fc build/fs/inode.o
 .debug_abbrev  0x0000000000007572      0x335 build/fs/dentry.o
 .debug_abbrev  0x00000000000078a7      0x3e5 build/fs/file.o
 .debug_abbrev  0x0000000000007c8c      0x297 build/fs/axiomfs/super.o
 .debug_abbrev  0x0000000000007f23      0x575 build/fs/axiomfs/inode.o
 .debug_abbrev  0x0000000000008498      0x29a build/fs/axiomfs/dir.o
 .debug_abbrev  0x0000000000008732      0x311 build/fs/axiomfs/file.o
 .debug_abbrev  0x0000000000008a43      0x4a6 build/fs/axiomfs/policy_ipc.o
 .debug_abbrev  0x0000000000008ee9      0x376 build/fs/axiomfs/cache.o
 .debug_abbrev  0x000000000000925f      0x71e build/fs/devfs/devfs.o
 .debug_abbrev  0x000000000000997d      0x3a0 build/ipc/msgqueue.o
 .debug_abbrev  0x0000000000009d1d      0x367 build/ipc/axiomd_channel.o
 .debug_abbrev  0x000000000000a084      0x2b7 build/ipc/shm.o
 .debug_abbrev  0x000000000000a33b      0x3e4 build/sysctl/sysctl.o
 .debug_abbrev  0x000000000000a71f      0x3d2 build/sysctl/nodes.o
 .debug_abbrev  0x000000000000aaf1      0x1bc build/sysctl/handlers.o
 .debug_abbrev  0x000000000000acad      0x367 build/lib/string.o
 .debug_abbrev  0x000000000000b014      0x471 build/lib/printf.o
 .debug_abbrev  0x000000000000b485      0x200 build/lib/bitmap.o
 .debug_abbrev  0x000000000000b685      0x2ea build/lib/rbtree.o
 .debug_abbrev  0x000000000000b96f       0x14 build/arch/x86_64/boot/boot.o
 .debug_abbrev  0x000000000000b983       0x14 build/arch/x86_64/boot/interrupt.o
 .debug_abbrev  0x000000000000b997       0x14 build/arch/x86_64/process/context.o

.debug_loclists
                0x0000000000000000    0x293d7
 .debug_loclists
                0x0000000000000000      0x164 build/arch/x86_64/boot/gdt.o
 .debug_loclists
                0x0000000000000164      0xfcb build/arch/x86_64/boot/idt.o
 .debug_loclists
                0x000000000000112f      0x24a build/arch/x86_64/cpu.o
 .debug_loclists
                0x0000000000001379      0x112 build/arch/x86_64/io/port.o
 .debug_loclists
                0x000000000000148b      0x286 build/arch/x86_64/io/uart.o
 .debug_loclists
                0x0000000000001711      0xbe4 build/arch/x86_64/mm/paging.o
 .debug_loclists
                0x00000000000022f5      0x37c build/arch/x86_64/mm/physmem.o
 .debug_loclists
                0x0000000000002671     0x7ff3 build/arch/x86_64/process/syscall.o
 .debug_loclists
                0x000000000000a664     0x1148 build/drivers/pci.o
 .debug_loclists
                0x000000000000b7ac     0x2c2b build/net/core.o
 .debug_loclists
                0x000000000000e3d7      0xa9e build/net/e1000.o
 .debug_loclists
                0x000000000000ee75     0x1453 build/net/virtio_net.o
 .debug_loclists
                0x00000000000102c8      0xe1e build/mm/pmm.o
 .debug_loclists
                0x00000000000110e6     0x1140 build/mm/vmm.o
 .debug_loclists
                0x0000000000012226     0x116a build/mm/kmalloc.o
 .debug_loclists
                0x0000000000013390      0x10b build/kernel/main.o
 .debug_loclists
                0x000000000001349b      0x23f build/kernel/bootinfo.o
 .debug_loclists
                0x00000000000136da      0x8f0 build/kernel/initramfs.o
 .debug_loclists
                0x0000000000013fca       0x93 build/kernel/time.o
 .debug_loclists
                0x000000000001405d      0x10c build/kernel/panic.o
 .debug_loclists
                0x0000000000014169     0x1a54 build/kernel/printk.o
 .debug_loclists
                0x0000000000015bbd       0x48 build/kernel/power.o
 .debug_loclists
                0x0000000000015c05      0x274 build/kernel/kthread.o
 .debug_loclists
                0x0000000000015e79      0x9c9 build/proc/process.o
 .debug_loclists
                0x0000000000016842      0x9fc build/proc/scheduler.o
 .debug_loclists
                0x000000000001723e      0x301 build/proc/fork.o
 .debug_loclists
                0x000000000001753f     0x466c build/proc/exec.o
 .debug_loclists
                0x000000000001bbab     0x18e1 build/fs/vfs.o
 .debug_loclists
                0x000000000001d48c      0x675 build/fs/inode.o
 .debug_loclists
                0x000000000001db01      0x575 build/fs/dentry.o
 .debug_loclists
                0x000000000001e076      0x469 build/fs/file.o
 .debug_loclists
                0x000000000001e4df      0x15a build/fs/axiomfs/super.o
 .debug_loclists
                0x000000000001e639      0xa0c build/fs/axiomfs/inode.o
 .debug_loclists
                0x000000000001f045       0xdf build/fs/axiomfs/dir.o
 .debug_loclists
                0x000000000001f124      0x52a build/fs/axiomfs/file.o
 .debug_loclists
                0x000000000001f64e      0xd44 build/fs/axiomfs/policy_ipc.o
 .debug_loclists
                0x0000000000020392      0x450 build/fs/axiomfs/cache.o
 .debug_loclists
                0x00000000000207e2     0x3487 build/fs/devfs/devfs.o
 .debug_loclists
                0x0000000000023c69      0x65c build/ipc/msgqueue.o
 .debug_loclists
                0x00000000000242c5      0x43b build/ipc/axiomd_channel.o
 .debug_loclists
                0x0000000000024700      0x573 build/ipc/shm.o
 .debug_loclists
                0x0000000000024c73      0xb0f build/sysctl/sysctl.o
 .debug_loclists
                0x0000000000025782      0xc26 build/sysctl/nodes.o
 .debug_loclists
                0x00000000000263a8      0x44a build/sysctl/handlers.o
 .debug_loclists
                0x00000000000267f2      0xde6 build/lib/string.o
 .debug_loclists
                0x00000000000275d8     0x100c build/lib/printf.o
 .debug_loclists
                0x00000000000285e4      0x5e5 build/lib/bitmap.o
 .debug_loclists
                0x0000000000028bc9      0x80e build/lib/rbtree.o

.debug_aranges  0x0000000000000000      0x9a0
 .debug_aranges
                0x0000000000000000       0x30 build/arch/x86_64/boot/gdt.o
 .debug_aranges
                0x0000000000000030       0x30 build/arch/x86_64/boot/idt.o
 .debug_aranges
                0x0000000000000060       0x30 build/arch/x86_64/cpu.o
 .debug_aranges
                0x0000000000000090       0x30 build/arch/x86_64/io/port.o
 .debug_aranges
                0x00000000000000c0       0x30 build/arch/x86_64/io/uart.o
 .debug_aranges
                0x00000000000000f0       0x30 build/arch/x86_64/mm/paging.o
 .debug_aranges
                0x0000000000000120       0x30 build/arch/x86_64/mm/physmem.o
 .debug_aranges
                0x0000000000000150       0x40 build/arch/x86_64/process/syscall.o
 .debug_aranges
                0x0000000000000190       0x30 build/drivers/pci.o
 .debug_aranges
                0x00000000000001c0       0x30 build/net/core.o
 .debug_aranges
                0x00000000000001f0       0x30 build/net/e1000.o
 .debug_aranges
                0x0000000000000220       0x30 build/net/virtio_net.o
 .debug_aranges
                0x0000000000000250       0x30 build/mm/pmm.o
 .debug_aranges
                0x0000000000000280       0x30 build/mm/vmm.o
 .debug_aranges
                0x00000000000002b0       0x30 build/mm/kmalloc.o
 .debug_aranges
                0x00000000000002e0       0x30 build/kernel/main.o
 .debug_aranges
                0x0000000000000310       0x30 build/kernel/bootinfo.o
 .debug_aranges
                0x0000000000000340       0x30 build/kernel/initramfs.o
 .debug_aranges
                0x0000000000000370       0x30 build/kernel/time.o
 .debug_aranges
                0x00000000000003a0       0x30 build/kernel/panic.o
 .debug_aranges
                0x00000000000003d0       0x30 build/kernel/printk.o
 .debug_aranges
                0x0000000000000400       0x30 build/kernel/power.o
 .debug_aranges
                0x0000000000000430       0x30 build/kernel/kthread.o
 .debug_aranges
                0x0000000000000460       0x30 build/proc/process.o
 .debug_aranges
                0x0000000000000490       0x30 build/proc/scheduler.o
 .debug_aranges
                0x00000000000004c0       0x30 build/proc/fork.o
 .debug_aranges
                0x00000000000004f0       0x30 build/proc/exec.o
 .debug_aranges
                0x0000000000000520       0x30 build/fs/vfs.o
 .debug_aranges
                0x0000000000000550       0x30 build/fs/inode.o
 .debug_aranges
                0x0000000000000580       0x30 build/fs/dentry.o
 .debug_aranges
                0x00000000000005b0       0x30 build/fs/file.o
 .debug_aranges
                0x00000000000005e0       0x30 build/fs/axiomfs/super.o
 .debug_aranges
                0x0000000000000610       0x30 build/fs/axiomfs/inode.o
 .debug_aranges
                0x0000000000000640       0x30 build/fs/axiomfs/dir.o
 .debug_aranges
                0x0000000000000670       0x30 build/fs/axiomfs/file.o
 .debug_aranges
                0x00000000000006a0       0x30 build/fs/axiomfs/policy_ipc.o
 .debug_aranges
                0x00000000000006d0       0x30 build/fs/axiomfs/cache.o
 .debug_aranges
                0x0000000000000700       0x30 build/fs/devfs/devfs.o
 .debug_aranges
                0x0000000000000730       0x30 build/ipc/msgqueue.o
 .debug_aranges
                0x0000000000000760       0x30 build/ipc/axiomd_channel.o
 .debug_aranges
                0x0000000000000790       0x30 build/ipc/shm.o
 .debug_aranges
                0x00000000000007c0       0x30 build/sysctl/sysctl.o
 .debug_aranges
                0x00000000000007f0       0x30 build/sysctl/nodes.o
 .debug_aranges
                0x0000000000000820       0x30 build/sysctl/handlers.o
 .debug_aranges
                0x0000000000000850       0x30 build/lib/string.o
 .debug_aranges
                0x0000000000000880       0x30 build/lib/printf.o
 .debug_aranges
                0x00000000000008b0       0x30 build/lib/bitmap.o
 .debug_aranges
                0x00000000000008e0       0x30 build/lib/rbtree.o
 .debug_aranges
                0x0000000000000910       0x30 build/arch/x86_64/boot/boot.o
 .debug_aranges
                0x0000000000000940       0x30 build/arch/x86_64/boot/interrupt.o
 .debug_aranges
                0x0000000000000970       0x30 build/arch/x86_64/process/context.o

.debug_rnglists
                0x0000000000000000     0x44ed
 .debug_rnglists
                0x0000000000000000       0xa5 build/arch/x86_64/boot/gdt.o
 .debug_rnglists
                0x00000000000000a5      0x1cf build/arch/x86_64/boot/idt.o
 .debug_rnglists
                0x0000000000000274       0x7b build/arch/x86_64/cpu.o
 .debug_rnglists
                0x00000000000002ef       0x8d build/arch/x86_64/io/uart.o
 .debug_rnglists
                0x000000000000037c      0x116 build/arch/x86_64/mm/paging.o
 .debug_rnglists
                0x0000000000000492       0x32 build/arch/x86_64/mm/physmem.o
 .debug_rnglists
                0x00000000000004c4      0xa59 build/arch/x86_64/process/syscall.o
 .debug_rnglists
                0x0000000000000f1d      0x3bf build/drivers/pci.o
 .debug_rnglists
                0x00000000000012dc      0x2c9 build/net/core.o
 .debug_rnglists
                0x00000000000015a5      0x13d build/net/e1000.o
 .debug_rnglists
                0x00000000000016e2      0x25a build/net/virtio_net.o
 .debug_rnglists
                0x000000000000193c      0x30e build/mm/pmm.o
 .debug_rnglists
                0x0000000000001c4a      0x20b build/mm/vmm.o
 .debug_rnglists
                0x0000000000001e55      0x27f build/mm/kmalloc.o
 .debug_rnglists
                0x00000000000020d4       0x6b build/kernel/main.o
 .debug_rnglists
                0x000000000000213f       0x58 build/kernel/bootinfo.o
 .debug_rnglists
                0x0000000000002197       0xdc build/kernel/initramfs.o
 .debug_rnglists
                0x0000000000002273       0x58 build/kernel/time.o
 .debug_rnglists
                0x00000000000022cb       0x1c build/kernel/panic.o
 .debug_rnglists
                0x00000000000022e7      0x487 build/kernel/printk.o
 .debug_rnglists
                0x000000000000276e       0x56 build/kernel/kthread.o
 .debug_rnglists
                0x00000000000027c4      0x1a1 build/proc/process.o
 .debug_rnglists
                0x0000000000002965      0x10b build/proc/scheduler.o
 .debug_rnglists
                0x0000000000002a70       0x88 build/proc/fork.o
 .debug_rnglists
                0x0000000000002af8      0x551 build/proc/exec.o
 .debug_rnglists
                0x0000000000003049      0x1e1 build/fs/vfs.o
 .debug_rnglists
                0x000000000000322a       0x85 build/fs/inode.o
 .debug_rnglists
                0x00000000000032af      0x126 build/fs/dentry.o
 .debug_rnglists
                0x00000000000033d5       0x47 build/fs/file.o
 .debug_rnglists
                0x000000000000341c       0x17 build/fs/axiomfs/super.o
 .debug_rnglists
                0x0000000000003433       0xca build/fs/axiomfs/inode.o
 .debug_rnglists
                0x00000000000034fd       0x42 build/fs/axiomfs/file.o
 .debug_rnglists
                0x000000000000353f      0x128 build/fs/axiomfs/policy_ipc.o
 .debug_rnglists
                0x0000000000003667       0xd8 build/fs/axiomfs/cache.o
 .debug_rnglists
                0x000000000000373f      0x683 build/fs/devfs/devfs.o
 .debug_rnglists
                0x0000000000003dc2       0x8a build/ipc/msgqueue.o
 .debug_rnglists
                0x0000000000003e4c       0xc3 build/ipc/axiomd_channel.o
 .debug_rnglists
                0x0000000000003f0f       0x3d build/ipc/shm.o
 .debug_rnglists
                0x0000000000003f4c       0x92 build/sysctl/sysctl.o
 .debug_rnglists
                0x0000000000003fde       0x8b build/sysctl/nodes.o
 .debug_rnglists
                0x0000000000004069       0x27 build/sysctl/handlers.o
 .debug_rnglists
                0x0000000000004090       0x6c build/lib/string.o
 .debug_rnglists
                0x00000000000040fc      0x255 build/lib/printf.o
 .debug_rnglists
                0x0000000000004351       0x22 build/lib/bitmap.o
 .debug_rnglists
                0x0000000000004373      0x17a build/lib/rbtree.o

.debug_line     0x0000000000000000    0x2592d
 .debug_line    0x0000000000000000      0x1f2 build/arch/x86_64/boot/gdt.o
 .debug_line    0x00000000000001f2     0x1062 build/arch/x86_64/boot/idt.o
 .debug_line    0x0000000000001254      0x286 build/arch/x86_64/cpu.o
 .debug_line    0x00000000000014da      0x111 build/arch/x86_64/io/port.o
 .debug_line    0x00000000000015eb      0x4a7 build/arch/x86_64/io/uart.o
 .debug_line    0x0000000000001a92      0xa0e build/arch/x86_64/mm/paging.o
 .debug_line    0x00000000000024a0      0x2e6 build/arch/x86_64/mm/physmem.o
 .debug_line    0x0000000000002786     0x642e build/arch/x86_64/process/syscall.o
 .debug_line    0x0000000000008bb4      0x988 build/drivers/pci.o
 .debug_line    0x000000000000953c     0x1fe8 build/net/core.o
 .debug_line    0x000000000000b524      0x9bb build/net/e1000.o
 .debug_line    0x000000000000bedf      0xf7c build/net/virtio_net.o
 .debug_line    0x000000000000ce5b     0x109d build/mm/pmm.o
 .debug_line    0x000000000000def8     0x1217 build/mm/vmm.o
 .debug_line    0x000000000000f10f     0x1111 build/mm/kmalloc.o
 .debug_line    0x0000000000010220      0x3f5 build/kernel/main.o
 .debug_line    0x0000000000010615      0x41e build/kernel/bootinfo.o
 .debug_line    0x0000000000010a33      0x81c build/kernel/initramfs.o
 .debug_line    0x000000000001124f      0x183 build/kernel/time.o
 .debug_line    0x00000000000113d2      0x2a7 build/kernel/panic.o
 .debug_line    0x0000000000011679     0x1ae5 build/kernel/printk.o
 .debug_line    0x000000000001315e      0x1a2 build/kernel/power.o
 .debug_line    0x0000000000013300      0x383 build/kernel/kthread.o
 .debug_line    0x0000000000013683     0x1041 build/proc/process.o
 .debug_line    0x00000000000146c4      0xfe9 build/proc/scheduler.o
 .debug_line    0x00000000000156ad      0x462 build/proc/fork.o
 .debug_line    0x0000000000015b0f     0x2686 build/proc/exec.o
 .debug_line    0x0000000000018195     0x15d6 build/fs/vfs.o
 .debug_line    0x000000000001976b      0x93e build/fs/inode.o
 .debug_line    0x000000000001a0a9      0x827 build/fs/dentry.o
 .debug_line    0x000000000001a8d0      0x4b5 build/fs/file.o
 .debug_line    0x000000000001ad85      0x2e1 build/fs/axiomfs/super.o
 .debug_line    0x000000000001b066      0xbe1 build/fs/axiomfs/inode.o
 .debug_line    0x000000000001bc47      0x234 build/fs/axiomfs/dir.o
 .debug_line    0x000000000001be7b      0x49e build/fs/axiomfs/file.o
 .debug_line    0x000000000001c319      0x9ec build/fs/axiomfs/policy_ipc.o
 .debug_line    0x000000000001cd05      0x5b9 build/fs/axiomfs/cache.o
 .debug_line    0x000000000001d2be     0x34a2 build/fs/devfs/devfs.o
 .debug_line    0x0000000000020760      0x5c1 build/ipc/msgqueue.o
 .debug_line    0x0000000000020d21      0x52e build/ipc/axiomd_channel.o
 .debug_line    0x000000000002124f      0x553 build/ipc/shm.o
 .debug_line    0x00000000000217a2      0xb79 build/sysctl/sysctl.o
 .debug_line    0x000000000002231b      0x723 build/sysctl/nodes.o
 .debug_line    0x0000000000022a3e      0x3f2 build/sysctl/handlers.o
 .debug_line    0x0000000000022e30      0xc29 build/lib/string.o
 .debug_line    0x0000000000023a59      0xd86 build/lib/printf.o
 .debug_line    0x00000000000247df      0x4e8 build/lib/bitmap.o
 .debug_line    0x0000000000024cc7      0x9c8 build/lib/rbtree.o
 .debug_line    0x000000000002568f       0xb4 build/arch/x86_64/boot/boot.o
 .debug_line    0x0000000000025743      0x13b build/arch/x86_64/boot/interrupt.o
 .debug_line    0x000000000002587e       0xaf build/arch/x86_64/process/context.o

.debug_str      0x0000000000000000     0x7226
 .debug_str     0x0000000000000000     0x7226 build/arch/x86_64/boot/gdt.o
                                        0x2ed (size before relaxing)
 .debug_str     0x0000000000007226        0x0 build/arch/x86_64/boot/idt.o
                                        0xc79 (size before relaxing)
 .debug_str     0x0000000000007226        0x0 build/arch/x86_64/cpu.o
                                        0x278 (size before relaxing)
 .debug_str     0x0000000000007226        0x0 build/arch/x86_64/io/port.o
                                        0x1ab (size before relaxing)
 .debug_str     0x0000000000007226        0x0 build/arch/x86_64/io/uart.o
                                        0x225 (size before relaxing)
 .debug_str     0x0000000000007226        0x0 build/arch/x86_64/mm/paging.o
                                        0x398 (size before relaxing)
 .debug_str     0x0000000000007226        0x0 build/arch/x86_64/mm/physmem.o
                                        0x324 (size before relaxing)
 .debug_str     0x0000000000007226        0x0 build/arch/x86_64/process/syscall.o
                                       0x1f80 (size before relaxing)
 .debug_str     0x0000000000007226        0x0 build/drivers/pci.o
                                        0x2f1 (size before relaxing)
 .debug_str     0x0000000000007226        0x0 build/net/core.o
                                        0x9d8 (size before relaxing)
 .debug_str     0x0000000000007226        0x0 build/net/e1000.o
                                        0x51e (size before relaxing)
 .debug_str     0x0000000000007226        0x0 build/net/virtio_net.o
                                        0x726 (size before relaxing)
 .debug_str     0x0000000000007226        0x0 build/mm/pmm.o
                                        0x5e7 (size before relaxing)
 .debug_str     0x0000000000007226        0x0 build/mm/vmm.o
                                        0xf3a (size before relaxing)
 .debug_str     0x0000000000007226        0x0 build/mm/kmalloc.o
                                        0x683 (size before relaxing)
 .debug_str     0x0000000000007226        0x0 build/kernel/main.o
                                        0xe89 (size before relaxing)
 .debug_str     0x0000000000007226        0x0 build/kernel/bootinfo.o
                                        0x409 (size before relaxing)
 .debug_str     0x0000000000007226        0x0 build/kernel/initramfs.o
                                        0x8fc (size before relaxing)
 .debug_str     0x0000000000007226        0x0 build/kernel/time.o
                                        0x17b (size before relaxing)
 .debug_str     0x0000000000007226        0x0 build/kernel/panic.o
                                        0x27a (size before relaxing)
 .debug_str     0x0000000000007226        0x0 build/kernel/printk.o
                                        0x718 (size before relaxing)
 .debug_str     0x0000000000007226        0x0 build/kernel/power.o
                                        0x1e6 (size before relaxing)
 .debug_str     0x0000000000007226        0x0 build/kernel/kthread.o
                                        0x4ee (size before relaxing)
 .debug_str     0x0000000000007226        0x0 build/proc/process.o
                                        0xef9 (size before relaxing)
 .debug_str     0x0000000000007226        0x0 build/proc/scheduler.o
                                        0xa78 (size before relaxing)
 .debug_str     0x0000000000007226        0x0 build/proc/fork.o
                                        0x73a (size before relaxing)
 .debug_str     0x0000000000007226        0x0 build/proc/exec.o
                                       0x142e (size before relaxing)
 .debug_str     0x0000000000007226        0x0 build/fs/vfs.o
                                        0xad7 (size before relaxing)
 .debug_str     0x0000000000007226        0x0 build/fs/inode.o
                                        0xd55 (size before relaxing)
 .debug_str     0x0000000000007226        0x0 build/fs/dentry.o
                                        0x87f (size before relaxing)
 .debug_str     0x0000000000007226        0x0 build/fs/file.o
                                        0xc93 (size before relaxing)
 .debug_str     0x0000000000007226        0x0 build/fs/axiomfs/super.o
                                        0xa7c (size before relaxing)
 .debug_str     0x0000000000007226        0x0 build/fs/axiomfs/inode.o
                                        0xff9 (size before relaxing)
 .debug_str     0x0000000000007226        0x0 build/fs/axiomfs/dir.o
                                        0xb14 (size before relaxing)
 .debug_str     0x0000000000007226        0x0 build/fs/axiomfs/file.o
                                        0xc9c (size before relaxing)
 .debug_str     0x0000000000007226        0x0 build/fs/axiomfs/policy_ipc.o
                                        0x53b (size before relaxing)
 .debug_str     0x0000000000007226        0x0 build/fs/axiomfs/cache.o
                                        0xa8b (size before relaxing)
 .debug_str     0x0000000000007226        0x0 build/fs/devfs/devfs.o
                                       0x12aa (size before relaxing)
 .debug_str     0x0000000000007226        0x0 build/ipc/msgqueue.o
                                        0x839 (size before relaxing)
 .debug_str     0x0000000000007226        0x0 build/ipc/axiomd_channel.o
                                        0x550 (size before relaxing)
 .debug_str     0x0000000000007226        0x0 build/ipc/shm.o
                                        0x6ae (size before relaxing)
 .debug_str     0x0000000000007226        0x0 build/sysctl/sysctl.o
                                        0x4f6 (size before relaxing)
 .debug_str     0x0000000000007226        0x0 build/sysctl/nodes.o
                                        0x9dc (size before relaxing)
 .debug_str     0x0000000000007226        0x0 build/sysctl/handlers.o
                                        0x2bf (size before relaxing)
 .debug_str     0x0000000000007226        0x0 build/lib/string.o
                                        0x27c (size before relaxing)