
Merging program properties

Updated property 0xc0010001 (0x41) to merge build/arch/x86_64/boot/gdt.o (0x1) and build/arch/x86_64/process/context.o (0x41)

Discarded input sections

 .comment       0x0000000000000000       0x1e build/arch/x86_64/boot/gdt.o
 .note.GNU-stack
                0x0000000000000000        0x0 build/arch/x86_64/boot/gdt.o
 .note.gnu.property
                0x0000000000000000       0x30 build/arch/x86_64/boot/gdt.o
 .eh_frame      0x0000000000000000       0x80 build/arch/x86_64/boot/gdt.o
 .comment       0x0000000000000000       0x1e build/arch/x86_64/boot/idt.o
 .note.GNU-stack
                0x0000000000000000        0x0 build/arch/x86_64/boot/idt.o
 .note.gnu.property
                0x0000000000000000       0x30 build/arch/x86_64/boot/idt.o
 .eh_frame      0x0000000000000000      0x170 build/arch/x86_64/boot/idt.o
 .comment       0x0000000000000000       0x1e build/arch/x86_64/cpu.o
 .note.GNU-stack
                0x0000000000000000        0x0 build/arch/x86_64/cpu.o
 .note.gnu.property
                0x0000000000000000       0x30 build/arch/x86_64/cpu.o
 .eh_frame      0x0000000000000000       0xc0 build/arch/x86_64/cpu.o
 .comment       0x0000000000000000       0x1e build/arch/x86_64/io/port.o
 .note.GNU-stack
                0x0000000000000000        0x0 build/arch/x86_64/io/port.o
 .note.gnu.property
                0x0000000000000000       0x30 build/arch/x86_64/io/port.o
 .eh_frame      0x0000000000000000      0x120 build/arch/x86_64/io/port.o
 .comment       0x0000000000000000       0x1e build/arch/x86_64/io/uart.o
 .note.GNU-stack
                0x0000000000000000        0x0 build/arch/x86_64/io/uart.o
 .note.gnu.property
                0x0000000000000000       0x30 build/arch/x86_64/io/uart.o
 .eh_frame      0x0000000000000000      0x260 build/arch/x86_64/io/uart.o
 .comment       0x0000000000000000       0x1e build/arch/x86_64/mm/paging.o
 .note.GNU-stack
                0x0000000000000000        0x0 build/arch/x86_64/mm/paging.o
 .note.gnu.property
                0x0000000000000000       0x30 build/arch/x86_64/mm/paging.o
 .eh_frame      0x0000000000000000      0x2b8 build/arch/x86_64/mm/paging.o
 .comment       0x0000000000000000       0x1e build/arch/x86_64/mm/physmem.o
 .note.GNU-stack
                0x0000000000000000        0x0 build/arch/x86_64/mm/physmem.o
 .note.gnu.property
                0x0000000000000000       0x30 build/arch/x86_64/mm/physmem.o
 .eh_frame      0x0000000000000000       0x98 build/arch/x86_64/mm/physmem.o
 .comment       0x0000000000000000       0x1e build/arch/x86_64/process/syscall.o
 .note.GNU-stack
                0x0000000000000000        0x0 build/arch/x86_64/process/syscall.o
 .note.gnu.property
                0x0000000000000000       0x30 build/arch/x86_64/process/syscall.o
 .eh_frame      0x0000000000000000      0xda0 build/arch/x86_64/process/syscall.o
 .comment       0x0000000000000000       0x1e build/mm/pmm.o
 .note.GNU-stack
                0x0000000000000000        0x0 build/mm/pmm.o
 .note.gnu.property
                0x0000000000000000       0x30 build/mm/pmm.o
 .eh_frame      0x0000000000000000      0x250 build/mm/pmm.o
 .comment       0x0000000000000000       0x1e build/mm/vmm.o
 .note.GNU-stack
                0x0000000000000000        0x0 build/mm/vmm.o
 .note.gnu.property
                0x0000000000000000       0x30 build/mm/vmm.o
 .eh_frame      0x0000000000000000      0x500 build/mm/vmm.o
 .comment       0x0000000000000000       0x1e build/mm/kmalloc.o
 .note.GNU-stack
                0x0000000000000000        0x0 build/mm/kmalloc.o
 .note.gnu.property
                0x0000000000000000       0x30 build/mm/kmalloc.o
 .eh_frame      0x0000000000000000      0x338 build/mm/kmalloc.o
 .comment       0x0000000000000000       0x1e build/kernel/main.o
 .note.GNU-stack
                0x0000000000000000        0x0 build/kernel/main.o
 .note.gnu.property
                0x0000000000000000       0x30 build/kernel/main.o
 .eh_frame      0x0000000000000000       0x50 build/kernel/main.o
 .comment       0x0000000000000000       0x1e build/kernel/bootinfo.o
 .note.GNU-stack
                0x0000000000000000        0x0 build/kernel/bootinfo.o
 .note.gnu.property
                0x0000000000000000       0x30 build/kernel/bootinfo.o
 .eh_frame      0x0000000000000000      0x108 build/kernel/bootinfo.o
 .comment       0x0000000000000000       0x1e build/kernel/initramfs.o
 .note.GNU-stack
                0x0000000000000000        0x0 build/kernel/initramfs.o
 .note.gnu.property
                0x0000000000000000       0x30 build/kernel/initramfs.o
 .eh_frame      0x0000000000000000      0x1a0 build/kernel/initramfs.o
 .comment       0x0000000000000000       0x1e build/kernel/time.o
 .note.GNU-stack
                0x0000000000000000        0x0 build/kernel/time.o
 .note.gnu.property
                0x0000000000000000       0x30 build/kernel/time.o
 .eh_frame      0x0000000000000000       0x58 build/kernel/time.o
[...]
Memory Configuration

Name             Origin             Length             Attributes
*default*        0x0000000000000000 0xffffffffffffffff

Linker script and memory map

                0xffffffff80000000                KERNEL_VMA = 0xffffffff80000000
                0x0000000000100000                KERNEL_LMA = 0x100000
                0x0000000000100000                . = KERNEL_LMA

.multiboot      0x0000000000100000       0x48
 *(.multiboot)
 .multiboot     0x0000000000100000       0x48 build/arch/x86_64/boot/boot.o

.text.boot      0x0000000000101000      0x185
 *(.text.boot)
 .text.boot     0x0000000000101000      0x185 build/arch/x86_64/boot/boot.o
                0x0000000000101000                _start
 *(.text.boot.*)

.rodata.boot    0x0000000000102000       0x8e
 *(.rodata.boot)
 .rodata.boot   0x0000000000102000       0x8e build/arch/x86_64/boot/boot.o
 *(.rodata.boot.*)

.data.boot
 *(.data.boot)
 *(.data.boot.*)

.bss.boot       0x0000000000103000     0xc008
 *(.bss.boot)
 .bss.boot      0x0000000000103000     0xc008 build/arch/x86_64/boot/boot.o
 *(.bss.boot.*)
                0xffffffff8010f008                . = (. + KERNEL_VMA)
                0xffffffff8010f008                __text_start = .

.text           0xffffffff80110000    0x19cb3 load address 0x0000000000110000
 *(.text)
 .text          0xffffffff80110000      0x18b build/arch/x86_64/boot/gdt.o
                0xffffffff80110000                gdt_init
                0xffffffff80110170                tss_set_rsp0
                0xffffffff80110180                tss_get_rsp0
 *fill*         0xffffffff8011018b       0x35 
 .text          0xffffffff801101c0      0x8f5 build/arch/x86_64/boot/idt.o
                0xffffffff80110400                exception_handler
                0xffffffff80110670                irq_handler
                0xffffffff801107c0                irq_enable
                0xffffffff80110820                irq_disable
                0xffffffff80110890                idt_init
 *fill*         0xffffffff80110ab5        0xb 
 .text          0xffffffff80110ac0      0x14b build/arch/x86_64/cpu.o
                0xffffffff80110ac0                cpu_detect_features
                0xffffffff80110b30                cpu_has_feature
                0xffffffff80110b50                cpu_print_info
                0xffffffff80110b60                cpu_init
                0xffffffff80110c00                cpu_get_current
 *fill*         0xffffffff80110c0b        0x5 
 .text          0xffffffff80110c10       0xc5 build/arch/x86_64/io/port.o
                0xffffffff80110c10                outb
                0xffffffff80110c20                inb
                0xffffffff80110c30                outw
                0xffffffff80110c40                inw
                0xffffffff80110c50                outl
                0xffffffff80110c60                inl
                0xffffffff80110c70                outsb
                0xffffffff80110c80                insb
                0xffffffff80110c90                outsw
                0xffffffff80110ca0                insw
                0xffffffff80110cb0                outsl
                0xffffffff80110cc0                insl
                0xffffffff80110cd0                io_wait
 *fill*         0xffffffff80110cd5       0x2b 
 .text          0xffffffff80110d00      0x5c7 build/arch/x86_64/io/uart.o
                0xffffffff80110d00                uart_init
                0xffffffff80110dd0                uart_putc
                0xffffffff80110e40                uart_getc
                0xffffffff80110ea0                uart_getc_nonblock
                0xffffffff80110f00                uart_puts
                0xffffffff80110fd0                uart_write
                0xffffffff80111070                uart_read
                0xffffffff80111100                uart_puthex
                0xffffffff80111170                uart_putdec
                0xffffffff80111270                uart_set_port
 *fill*         0xffffffff801112c7       0x19 
 .text          0xffffffff801112e0      0x857 build/arch/x86_64/mm/paging.o
                0xffffffff80111550                mmu_create_page_table
                0xffffffff80111610                mmu_destroy_page_table
                0xffffffff80111660                mmu_map
                0xffffffff801116f0                mmu_unmap
                0xffffffff80111760                mmu_map_range
                0xffffffff80111890                mmu_unmap_range
                0xffffffff80111940                mmu_resolve
                0xffffffff80111990                mmu_get_flags
                0xffffffff801119d0                mmu_set_flags
                0xffffffff80111a40                mmu_switch
                0xffffffff80111a50                mmu_get_kernel_pt
                0xffffffff80111a60                mmu_flush_tlb_page
                0xffffffff80111a70                mmu_flush_tlb_range
                0xffffffff80111ae0                mmu_flush_tlb_all
                0xffffffff80111af0                paging_init
 *fill*         0xffffffff80111b37        0x9 
 .text          0xffffffff80111b40      0x45b build/arch/x86_64/mm/physmem.o
                0xffffffff80111b40                physmem_init
                0xffffffff80111f80                physmem_get_total
                0xffffffff80111f90                physmem_get_usable
 *fill*         0xffffffff80111f9b        0x5 
 .text          0xffffffff80111fa0     0x3c3f build/arch/x86_64/process/syscall.o
                0xffffffff80115530                syscall_dispatch
                0xffffffff801157b0                syscall_init
 *fill*         0xffffffff80115bdf       0x21 
 .text          0xffffffff80115c00      0x81d build/mm/pmm.o
                0xffffffff80115c00                pmm_init_bitmap
                0xffffffff80115d20                pmm_mark_region_free
                0xffffffff80115e30                pmm_mark_region_used
                0xffffffff80115f20                pmm_alloc_page_zone
                0xffffffff80115fe0                pmm_alloc_page
                0xffffffff80116020                pmm_alloc_pages_zone
                0xffffffff80116130                pmm_alloc_pages
                0xffffffff80116170                pmm_free_page
                0xffffffff80116230                pmm_free_pages
                0xffffffff80116290                pmm_get_total_pages
                0xffffffff801162a0                pmm_get_usable_pages
                0xffffffff801162b0                pmm_get_free_pages
                0xffffffff801162c0                pmm_get_used_pages
                0xffffffff801162e0                pmm_get_zone
                0xffffffff80116310                pmm_dump_stats
                0xffffffff801163e0                pmm_init
 *fill*         0xffffffff8011641d        0x3 
 .text          0xffffffff80116420     0x14a0 build/mm/vmm.o
                0xffffffff80116530                vmm_create_address_space
                0xffffffff801165c0                vmm_destroy_address_space
                0xffffffff80116670                vmm_get_kernel_address_space
                0xffffffff80116680                vmm_create_vma
                0xffffffff80116700                vmm_free_vma
                0xffffffff80116750                vmm_find_vma
                0xffffffff80116790                vmm_find_vma_intersection
                0xffffffff801167d0                vmm_insert_vma
                0xffffffff801168b0                vmm_clone_address_space
                0xffffffff80116ad0                vmm_remove_vma
                0xffffffff80116b10                vmm_prot_to_pte_flags
                0xffffffff80116b30                vmm_munmap
                0xffffffff80116dc0                vmm_mmap
                0xffffffff80117280                vmm_mprotect
                0xffffffff80117330                vmm_brk
                0xffffffff801174a0                vmm_handle_page_fault
                0xffffffff80117670                vmm_alloc_kernel_pages
                0xffffffff801176a0                vmm_free_kernel_pages
                0xffffffff801176c0                vmm_map_physical
                0xffffffff801176d0                vmm_unmap_physical
                0xffffffff801176e0                vmm_copy_from_user
                0xffffffff80117770                vmm_copy_to_user
                0xffffffff80117800                vmm_verify_user_read
                0xffffffff80117810                vmm_verify_user_write
                0xffffffff80117830                vmm_init
 .text          0xffffffff801178c0      0xebe build/mm/kmalloc.o
                0xffffffff801179c0                kmem_cache_alloc
                0xffffffff80117bf0                kmem_cache_zalloc
                0xffffffff80117c40                kmem_cache_free
                0xffffffff80117e70                kmem_cache_destroy
                0xffffffff80117fc0                kmem_cache_shrink
                0xffffffff80118040                kmalloc
                0xffffffff80118150                kmem_cache_create
                0xffffffff80118370                kzalloc
                0xffffffff801183c0                kcalloc
                0xffffffff80118420                krealloc
                0xffffffff80118500                kfree
                0xffffffff80118540                kmalloc_usable_size
                0xffffffff80118550                kmalloc_dump_stats
                0xffffffff80118610                kmalloc_init
 *fill*         0xffffffff8011877e        0x2 
 .text          0xffffffff80118780      0x6cb build/kernel/main.o
                0xffffffff80118780                kernel_main
 *fill*         0xffffffff80118e4b       0x15 
 .text          0xffffffff80118e60      0x2db build/kernel/bootinfo.o
                0xffffffff80118e60                bootinfo_init
                0xffffffff80119040                bootinfo_cmdline
                0xffffffff80119050                bootinfo_module_count
                0xffffffff80119060                bootinfo_module_at
                0xffffffff80119090                bootinfo_find_module
 *fill*         0xffffffff8011913b        0x5 
 .text          0xffffffff80119140      0xad6 build/kernel/initramfs.o
                0xffffffff801194b0                initramfs_unpack_tar
 *fill*         0xffffffff80119c16        0xa 
 .text          0xffffffff80119c20       0xb4 build/kernel/time.o
                0xffffffff80119c20                get_ticks
                0xffffffff80119c50                get_time_ns
                0xffffffff80119c80                delay_ms
 *fill*         0xffffffff80119cd4        0xc 
 .text          0xffffffff80119ce0      0x3ed build/kernel/panic.o
                0xffffffff80119d70                panic
                0xffffffff80119f30                oops
                0xffffffff8011a040                warn_slowpath
 *fill*         0xffffffff8011a0cd       0x33 
 .text          0xffffffff8011a100     0x1001 build/kernel/printk.o
                0xffffffff8011af70                console_putc
                0xffffffff8011af80                console_write
                0xffffffff8011afc0                printk
                0xffffffff8011b060                vprintk
                0xffffffff8011b070                snprintf
                0xffffffff8011b0c0                vsnprintf
                0xffffffff8011b0e0                printk_get_loglevel
                0xffffffff8011b0f0                printk_set_loglevel
 *fill*         0xffffffff8011b101        0xf 
 .text          0xffffffff8011b110      0x411 build/kernel/kthread.o
                0xffffffff8011b120                kthread_create
                0xffffffff8011b300                kthread_run
                0xffffffff8011b380                kthread_stop
                0xffffffff8011b3d0                kthread_should_stop
                0xffffffff8011b3e0                kthread_park
                0xffffffff8011b430                kthread_unpark
                0xffffffff8011b440                kthread_init
                0xffffffff8011b490                kthread_destroy
 *fill*         0xffffffff8011b521       0x1f 
 .text          0xffffffff8011b540      0xfd5 build/proc/process.o
                0xffffffff8011b6a0                cred_create
                0xffffffff8011b6f0                cred_clone
                0xffffffff8011b740                cred_free
                0xffffffff8011b760                fd_table_create
                0xffffffff8011b7e0                fd_table_clone
                0xffffffff8011b870                fd_table_free
                0xffffffff8011b930                fd_alloc
                0xffffffff8011ba10                fd_free
                0xffffffff8011ba40                fd_get
                0xffffffff8011ba60                process_create
                0xffffffff8011bfa0                process_destroy
                0xffffffff8011c130                process_find
                0xffffffff8011c160                process_set_init_path
                0xffffffff8011c1f0                process_init
                0xffffffff8011c3b0                do_exit
                0xffffffff8011c3e0                do_wait
 *fill*         0xffffffff8011c515        0xb 
 .text          0xffffffff8011c520      0xbda build/proc/scheduler.o
                0xffffffff8011c7b0                current_thread_info
                0xffffffff8011c7c0                current_process
                0xffffffff8011c7d0                scheduler_enqueue
                0xffffffff8011c8a0                scheduler_dequeue
                0xffffffff8011c920                schedule
                0xffffffff8011cbd0                scheduler_yield
                0xffffffff8011cbe0                scheduler_tick
                0xffffffff8011cc40                scheduler_exit
                0xffffffff8011cc90                scheduler_sleep
                0xffffffff8011ccf0                scheduler_wake
                0xffffffff8011cd20                scheduler_sleep_timeout
                0xffffffff8011cd90                scheduler_set_priority
                0xffffffff8011cdb0                scheduler_set_nice
                0xffffffff8011cdf0                scheduler_get_priority
                0xffffffff8011ce00                scheduler_set_policy
                0xffffffff8011ce30                scheduler_get_policy
                0xffffffff8011ce40                scheduler_register_policy
                0xffffffff8011cee0                scheduler_get_switches
                0xffffffff8011cef0                scheduler_get_runtime
                0xffffffff8011cf00                timer_init
                0xffffffff8011cf80                scheduler_init
                0xffffffff8011d0b0                scheduler_start
 *fill*         0xffffffff8011d0fa        0x6 
 .text          0xffffffff8011d100      0x40c build/proc/fork.o
                0xffffffff8011d100                do_fork
                0xffffffff8011d4c0                sys_fork
                0xffffffff8011d4e0                sys_vfork
                0xffffffff8011d500                sys_clone
 *fill*         0xffffffff8011d50c       0x34 
 .text          0xffffffff8011d540     0x1d36 build/proc/exec.o
                0xffffffff8011d6c0                do_execve
 *fill*         0xffffffff8011f276        0xa 
 .text          0xffffffff8011f280     0x1676 build/fs/vfs.o
                0xffffffff8011f280                register_filesystem
                0xffffffff8011f340                unregister_filesystem
                0xffffffff8011f390                vfs_umount
                0xffffffff8011f3a0                vfs_lookup
                0xffffffff8011f7a0                vfs_mount
                0xffffffff8011f9d0                vfs_close
                0xffffffff8011fa40                vfs_read
                0xffffffff8011fad0                vfs_write
                0xffffffff8011fb60                vfs_lseek
                0xffffffff8011fbe0                vfs_fsync
                0xffffffff8011fc10                vfs_create
                0xffffffff8011fe80                vfs_open
                0xffffffff80120120                vfs_mkdir
                0xffffffff80120390                vfs_rmdir
                0xffffffff80120530                vfs_unlink
                0xffffffff80120660                vfs_stat
                0xffffffff80120710                vfs_fstat
                0xffffffff801207a0                generic_file_llseek
                0xffffffff80120800                vfs_init
 *fill*         0xffffffff801208f6        0xa 
 .text          0xffffffff80120900      0x7ba build/fs/inode.o
                0xffffffff80120900                inode_cache_init
                0xffffffff80120940                inode_cache_lookup
                0xffffffff801209f0                inode_cache_insert
                0xffffffff80120a80                inode_cache_remove
                0xffffffff80120af0                new_inode
                0xffffffff80120bd0                free_inode
                0xffffffff80120c20                inode_init_once
                0xffffffff80120c90                inode_init_owner
                0xffffffff80120d30                igrab
                0xffffffff80120d60                ihold
                0xffffffff80120d70                iput
                0xffffffff80120e70                inode_lock
                0xffffffff80120e90                inode_unlock
                0xffffffff80120ea0                inode_trylock
                0xffffffff80120ec0                mark_inode_dirty
                0xffffffff80120f00                clear_inode
                0xffffffff80120f10                iget_locked
                0xffffffff80120f70                unlock_new_inode
                0xffffffff80120f80                generic_permission
                0xffffffff80121050                generic_getattr
 *fill*         0xffffffff801210ba        0x6 
 .text          0xffffffff801210c0      0x60a build/fs/dentry.o
                0xffffffff801210c0                dentry_alloc
                0xffffffff80121260                dentry_free
                0xffffffff80121350                dget
                0xffffffff80121370                dput
                0xffffffff80121390                d_instantiate
                0xffffffff80121400                d_add
                0xffffffff80121470                d_make_root
                0xffffffff80121520                d_delete
                0xffffffff80121570                d_lookup
                0xffffffff801215f0                d_path
 *fill*         0xffffffff801216ca       0x16 
 .text          0xffffffff801216e0      0x4da build/fs/file.o
                0xffffffff801216e0                alloc_file
                0xffffffff80121760                free_file
                0xffffffff801217c0                get_file
                0xffffffff801217e0                put_file
                0xffffffff80121830                fput
                0xffffffff80121880                fget
                0xffffffff801218d0                get_unused_fd_flags
                0xffffffff80121950                put_unused_fd
                0xffffffff801219a0                fd_install
                0xffffffff801219f0                close_fd
                0xffffffff80121ab0                generic_file_read
                0xffffffff80121ac0                generic_file_write
                0xffffffff80121ad0                generic_file_open
                0xffffffff80121ae0                generic_file_release
                0xffffffff80121af0                simple_read_from_buffer
                0xffffffff80121b60                simple_write_to_buffer
 *fill*         0xffffffff80121bba        0x6 
 .text          0xffffffff80121bc0      0x32d build/fs/axiomfs/super.o
                0xffffffff80121bc0                axiomfs_mount
                0xffffffff80121e30                axiomfs_kill_sb
                0xffffffff80121ea0                axiomfs_init
 *fill*         0xffffffff80121eed       0x13 
 .text          0xffffffff80121f00      0xd8f build/fs/axiomfs/inode.o
                0xffffffff80122200                axiomfs_iget
                0xffffffff80122400                axiomfs_write_inode
                0xffffffff80122460                axiomfs_delete_inode
                0xffffffff80122540                axiomfs_evict_inode
                0xffffffff801225a0                axiomfs_alloc_inode_num
                0xffffffff801225f0                axiomfs_free_inode_num
                0xffffffff80122660                axiomfs_create
                0xffffffff80122730                axiomfs_mkdir
                0xffffffff80122820                axiomfs_rmdir
                0xffffffff80122940                axiomfs_unlink
                0xffffffff80122a20                axiomfs_link
                0xffffffff80122a80                axiomfs_rename
                0xffffffff80122b90                axiomfs_lookup
 *fill*         0xffffffff80122c8f        0x1 
 .text          0xffffffff80122c90      0x26a build/fs/axiomfs/dir.o
                0xffffffff80122c90                axiomfs_readdir
 *fill*         0xffffffff80122efa        0x6 
 .text          0xffffffff80122f00      0x52d build/fs/axiomfs/file.o
                0xffffffff80122f00                axiomfs_read
                0xffffffff80123070                axiomfs_write
                0xffffffff80123320                axiomfs_policy_check_access
                0xffffffff80123410                axiomfs_policy_inherit_permissions
 *fill*         0xffffffff8012342d       0x13 
 .text          0xffffffff80123440      0x986 build/fs/axiomfs/policy_ipc.o
                0xffffffff801235e0                policy_cache_create
                0xffffffff80123650                policy_cache_destroy
                0xffffffff801236e0                policy_cache_lookup
                0xffffffff80123800                policy_cache_insert
                0xffffffff80123820                policy_cache_invalidate
                0xffffffff801238e0                policy_cache_flush
                0xffffffff80123990                policy_daemon_available
                0xffffffff801239b0                policy_daemon_query
                0xffffffff80123a40                policy_check_access
                0xffffffff80123b90                policy_init
                0xffffffff80123c80                policy_get_allocation
                0xffffffff80123ce0                policy_get_inherited_mode
 *fill*         0xffffffff80123dc6       0x1a 
 .text          0xffffffff80123de0      0x4cd build/fs/axiomfs/cache.o
                0xffffffff80123de0                block_cache_create
                0xffffffff80123e50                block_cache_destroy
                0xffffffff80123ee0                block_cache_get
                0xffffffff80123f90                block_cache_put
                0xffffffff80124140                block_cache_invalidate
                0xffffffff80124200                block_cache_sync
                0xffffffff80124240                axiomfs_read_block
                0xffffffff80124250                axiomfs_write_block
                0xffffffff80124260                axiomfs_alloc_block
                0xffffffff801242a0                axiomfs_free_block
 *fill*         0xffffffff801242ad        0x3 
 .text          0xffffffff801242b0      0x725 build/fs/devfs/devfs.o
                0xffffffff80124730                devfs_register
                0xffffffff80124820                devfs_unregister
                0xffffffff801248e0                devfs_init
 *fill*         0xffffffff801249d5        0xb 
 .text          0xffffffff801249e0      0x58c build/ipc/msgqueue.o
                0xffffffff801249e0                msgqueue_create
                0xffffffff80124b90                msgqueue_get
                0xffffffff80124bd0                msgqueue_destroy
                0xffffffff80124c90                msgqueue_send
                0xffffffff80124dd0                msgqueue_recv
                0xffffffff80124ef0                msgqueue_init
                0xffffffff80124f60                ipc_init
 *fill*         0xffffffff80124f6c       0x14 
 .text          0xffffffff80124f80      0x530 build/ipc/axiomd_channel.o
                0xffffffff80125040                axiomd_channel_init
                0xffffffff80125130                axiomd_connect
                0xffffffff80125170                axiomd_disconnect
                0xffffffff801251e0                axiomd_is_connected
                0xffffffff80125200                axiomd_send_query
                0xffffffff80125250                axiomd_recv_response
                0xffffffff80125280                axiomd_query_sync
                0xffffffff80125330                axiomd_daemon_register
                0xffffffff80125390                axiomd_daemon_unregister
                0xffffffff801253d0                axiomd_ping
 *fill*         0xffffffff801254b0       0x10 
 .text          0xffffffff801254c0      0x641 build/ipc/shm.o
                0xffffffff801254c0                shmget
                0xffffffff80125770                shmat
                0xffffffff80125950                shmdt
                0xffffffff80125a60                shmctl
 *fill*         0xffffffff80125b01       0x3f 
 .text          0xffffffff80125b40      0xec1 build/sysctl/sysctl.o
                0xffffffff80125e00                sysctl_register_node
                0xffffffff80126040                sysctl_lookup
                0xffffffff80126140                sysctl_register_int
                0xffffffff801261a0                sysctl_register_uint
                0xffffffff80126200                sysctl_register_long
                0xffffffff80126260                sysctl_register_ulong
                0xffffffff801262c0                sysctl_register_string
                0xffffffff80126320                sysctl_register_bool
                0xffffffff80126380                sysctl_register_handler
                0xffffffff801263e0                sysctl_read
                0xffffffff80126480                sysctl_write
                0xffffffff80126530                sysctl_read_string
                0xffffffff801267c0                sysctl_dump_tree
                0xffffffff80126810                sysctl_init
 *fill*         0xffffffff80126a01        0xf 
 .text          0xffffffff80126a10      0x5e4 build/sysctl/nodes.o
                0xffffffff80126c90                sysctl_register_system_nodes
                0xffffffff80126ec0                sysctl_init_cpu_info
 *fill*         0xffffffff80126ff4        0xc 
 .text          0xffffffff80127000      0x2bc build/sysctl/handlers.o
                0xffffffff80127000                sysctl_handle_int
                0xffffffff80127050                sysctl_handle_uint
                0xffffffff801270a0                sysctl_handle_long
                0xffffffff801270f0                sysctl_handle_ulong
                0xffffffff80127140                sysctl_handle_string
                0xffffffff801271f0                sysctl_handle_bool
                0xffffffff80127250                sysctl_handle_int_minmax
 *fill*         0xffffffff801272bc        0x4 
 .text          0xffffffff801272c0      0xa49 build/lib/string.o
                0xffffffff801272c0                strlen
                0xffffffff801272f0                strnlen
                0xffffffff80127320                strcpy
                0xffffffff80127350                strncpy
                0xffffffff801273b0                strcat
                0xffffffff801273f0                strncat
                0xffffffff80127440                strcmp
                0xffffffff80127480                strncmp
                0xffffffff801274d0                strcasecmp
                0xffffffff80127530                strchr
                0xffffffff80127570                strrchr
                0xffffffff801275a0                strstr
                0xffffffff80127620                strtok_r
                0xffffffff80127720                strtok
                0xffffffff80127740                memcpy
                0xffffffff801277f0                strdup
                0xffffffff80127870                strndup
                0xffffffff801278e0                memmove
                0xffffffff80127930                memset
                0xffffffff801279f0                memcmp
                0xffffffff80127a30                memchr
                0xffffffff80127a60                bzero
                0xffffffff80127b00                atoi
                0xffffffff80127b80                atol
                0xffffffff80127c00                strtoul
 *fill*         0xffffffff80127d09       0x37 
 .text          0xffffffff80127d40     0x1003 build/lib/printf.o
                0xffffffff80128ad0                sprintf
                0xffffffff80128b70                vsprintf
                0xffffffff80128bd0                snprintf_full
                0xffffffff80128cb0                vsnprintf_full
 *fill*         0xffffffff80128d43       0x1d 
 .text          0xffffffff80128d60      0x49b build/lib/bitmap.o
                0xffffffff80128d60                set_bit
                0xffffffff80128d80                clear_bit
                0xffffffff80128da0                test_bit
                0xffffffff80128dc0                test_and_set_bit
                0xffffffff80128df0                test_and_clear_bit
                0xffffffff80128e20                change_bit
                0xffffffff80128e40                ffs
                0xffffffff80128e60                fls
                0xffffffff80128e70                ffz
                0xffffffff80128e90                find_first_bit
                0xffffffff80128ee0                find_first_zero_bit
                0xffffffff80128f40                find_next_bit
                0xffffffff80128fe0                find_next_zero_bit
                0xffffffff80129080                bitmap_set
                0xffffffff80129100                bitmap_clear
                0xffffffff80129180                bitmap_weight
                0xffffffff801291c0                bitmap_zero
                0xffffffff801291e0                bitmap_fill
 *fill*         0xffffffff801291fb        0x5 
 .text          0xffffffff80129200      0x6c1 build/lib/rbtree.o
                0xffffffff80129320                rb_link_node
                0xffffffff80129340                rb_insert_color
                0xffffffff80129480                rb_erase
                0xffffffff801297b0                rb_first
                0xffffffff801297e0                rb_last
                0xffffffff80129810                rb_next
                0xffffffff80129870                rb_prev
 .text          0xffffffff801298c1        0x0 build/arch/x86_64/boot/boot.o
 .text          0xffffffff801298c1      0x307 build/arch/x86_64/boot/interrupt.o
                0xffffffff801298c1                isr_stub_0
                0xffffffff801298ca                isr_stub_1
                0xffffffff801298d3                isr_stub_2
                0xffffffff801298dc                isr_stub_3
                0xffffffff801298e5                isr_stub_4
                0xffffffff801298ee                isr_stub_5
                0xffffffff801298f7                isr_stub_6
                0xffffffff80129900                isr_stub_7
                0xffffffff80129909                isr_stub_8
                0xffffffff80129910                isr_stub_9
                0xffffffff80129919                isr_stub_10
                0xffffffff80129920                isr_stub_11
                0xffffffff80129927                isr_stub_12
                0xffffffff8012992e                isr_stub_13
                0xffffffff80129935                isr_stub_14
                0xffffffff8012993c                isr_stub_15
                0xffffffff80129945                isr_stub_16
                0xffffffff8012994e                isr_stub_17
                0xffffffff80129955                isr_stub_18
                0xffffffff8012995e                isr_stub_19
                0xffffffff80129967                isr_stub_20
                0xffffffff80129970                isr_stub_21
                0xffffffff80129977                isr_stub_22
                0xffffffff80129980                isr_stub_23
                0xffffffff80129989                isr_stub_24
                0xffffffff80129992                isr_stub_25
                0xffffffff8012999b                isr_stub_26
                0xffffffff801299a4                isr_stub_27
                0xffffffff801299ad                isr_stub_28
                0xffffffff801299b6                isr_stub_29
                0xffffffff801299bf                isr_stub_30
                0xffffffff801299c6                isr_stub_31
                0xffffffff801299cc                irq_stub_0
                0xffffffff801299d5                irq_stub_1
                0xffffffff801299de                irq_stub_2
                0xffffffff801299e7                irq_stub_3
                0xffffffff801299f0                irq_stub_4
                0xffffffff801299f9                irq_stub_5
                0xffffffff80129a02                irq_stub_6
                0xffffffff80129a0b                irq_stub_7
                0xffffffff80129a14                irq_stub_8
                0xffffffff80129a1d                irq_stub_9
                0xffffffff80129a26                irq_stub_10
                0xffffffff80129a2c                irq_stub_11
                0xffffffff80129a32                irq_stub_12
                0xffffffff80129a38                irq_stub_13
                0xffffffff80129a3e                irq_stub_14
                0xffffffff80129a44                irq_stub_15
                0xffffffff80129af8                syscall_stub
                0xffffffff80129b57                syscall_entry
 .text          0xffffffff80129bc8       0xeb build/arch/x86_64/process/context.o
                0xffffffff80129bc8                context_switch
                0xffffffff80129c26                context_switch_initial
                0xffffffff80129c47                fork_return
                0xffffffff80129c6d                user_mode_enter
 *(.text.*)
                0xffffffff80129cb3                __text_end = .
                0xffffffff80129cb3                __rodata_start = .

.iplt           0xffffffff80129cb3        0x0 load address 0x0000000000129cb3
 .iplt          0xffffffff80129cb3        0x0 build/arch/x86_64/boot/gdt.o

.rodata         0xffffffff8012a000     0x38a8 load address 0x000000000012a000
 *(.rodata)
 .rodata        0xffffffff8012a000      0x280 build/arch/x86_64/boot/idt.o
 .rodata        0xffffffff8012a280       0x11 build/arch/x86_64/io/uart.o
 *fill*         0xffffffff8012a291        0x7 
 .rodata        0xffffffff8012a298       0x30 build/arch/x86_64/mm/physmem.o
 *fill*         0xffffffff8012a2c8       0x18 
 .rodata        0xffffffff8012a2e0       0x48 build/arch/x86_64/process/syscall.o
 *fill*         0xffffffff8012a328       0x18 
 .rodata        0xffffffff8012a340       0x58 build/mm/kmalloc.o
 *fill*         0xffffffff8012a398        0x8 
 .rodata        0xffffffff8012a3a0      0x7b1 build/kernel/printk.o
 *fill*         0xffffffff8012ab51        0xf 
 .rodata        0xffffffff8012ab60       0x30 build/proc/process.o
 .rodata        0xffffffff8012ab90       0x20 build/proc/exec.o
 *fill*         0xffffffff8012abb0       0x10 
 .rodata        0xffffffff8012abc0      0x210 build/fs/axiomfs/super.o
                0xffffffff8012abc0                axiomfs_file_ops
                0xffffffff8012ac20                axiomfs_dir_ops
                0xffffffff8012ac80                axiomfs_file_inode_ops
                0xffffffff8012ad00                axiomfs_dir_inode_ops
 *fill*         0xffffffff8012add0       0x10 
 .rodata        0xffffffff8012ade0      0x1e8 build/fs/devfs/devfs.o
 .rodata        0xffffffff8012afc8       0x70 build/sysctl/sysctl.o
 *fill*         0xffffffff8012b038        0x8 
 .rodata        0xffffffff8012b040      0x1c1 build/lib/printf.o
 *(.rodata.*)
 .rodata.str1.1
                0xffffffff8012b201      0xc16 build/arch/x86_64/boot/gdt.o
                                         0x18 (size before relaxing)
 *fill*         0xffffffff8012be17        0x1 
 .rodata.str1.8
                0xffffffff8012be18     0x1a89 build/arch/x86_64/boot/gdt.o
                                         0x2b (size before relaxing)
 .rodata.str1.8
                0xffffffff8012d8a1        0x0 build/arch/x86_64/boot/idt.o
                                        0x2d8 (size before relaxing)
 .rodata.str1.1
                0xffffffff8012d8a1        0x0 build/arch/x86_64/boot/idt.o
                                        0x29c (size before relaxing)
 *fill*         0xffffffff8012d8a1        0x1 
 .rodata.cst2   0xffffffff8012d8a2        0x6 build/arch/x86_64/boot/idt.o
                                          0x2 (size before relaxing)
 .rodata.str1.8
                0xffffffff8012d8a8        0x0 build/arch/x86_64/cpu.o
                                         0x25 (size before relaxing)
 .rodata.str1.1
                0xffffffff8012d8a8        0x0 build/arch/x86_64/io/uart.o
                                          0x3 (size before relaxing)
 .rodata.str1.8
                0xffffffff8012d8a8        0x0 build/arch/x86_64/mm/paging.o
                                         0x2d (size before relaxing)
 .rodata.str1.1
                0xffffffff8012d8a8        0x0 build/arch/x86_64/mm/physmem.o
                                         0x4d (size before relaxing)
 .rodata.str1.8
                0xffffffff8012d8a8        0x0 build/arch/x86_64/mm/physmem.o
                                        0x14f (size before relaxing)
 .rodata.str1.1
                0xffffffff8012d8a8        0x0 build/arch/x86_64/process/syscall.o
                                        0x10d (size before relaxing)
 .rodata.str1.8
                0xffffffff8012d8a8        0x0 build/arch/x86_64/process/syscall.o
                                        0x25b (size before relaxing)
 .rodata.cst2   0xffffffff8012d8a8        0x0 build/arch/x86_64/process/syscall.o
                                          0x2 (size before relaxing)
 .rodata.str1.8
                0xffffffff8012d8a8        0x0 build/mm/pmm.o
                                        0x164 (size before relaxing)
 .rodata.str1.1
                0xffffffff8012d8a8        0x0 build/mm/pmm.o
                                         0x10 (size before relaxing)
 .rodata.str1.8
                0xffffffff8012d8a8        0x0 build/mm/vmm.o
                                         0x8b (size before relaxing)
 .rodata.str1.1
                0xffffffff8012d8a8        0x0 build/mm/vmm.o
                                         0x14 (size before relaxing)
 .rodata.str1.8
                0xffffffff8012d8a8        0x0 build/mm/kmalloc.o
                                        0x134 (size before relaxing)
 .rodata.str1.1
                0xffffffff8012d8a8        0x0 build/mm/kmalloc.o
                                         0xa9 (size before relaxing)
 .rodata.str1.8
                0xffffffff8012d8a8        0x0 build/kernel/main.o
                                        0x429 (size before relaxing)
 .rodata.str1.1
                0xffffffff8012d8a8        0x0 build/kernel/main.o
                                        0x253 (size before relaxing)
 .rodata.str1.1
                0xffffffff8012d8a8        0x0 build/kernel/bootinfo.o
                                         0x22 (size before relaxing)
 .rodata.str1.8
                0xffffffff8012d8a8        0x0 build/kernel/bootinfo.o
                                         0x86 (size before relaxing)
 .rodata.str1.1
                0xffffffff8012d8a8        0x0 build/kernel/initramfs.o
                                         0x18 (size before relaxing)
 .rodata.str1.8
                0xffffffff8012d8a8        0x0 build/kernel/initramfs.o
                                        0x120 (size before relaxing)
 .rodata.str1.1
                0xffffffff8012d8a8        0x0 build/kernel/panic.o
                                         0xa9 (size before relaxing)
 .rodata.str1.8
                0xffffffff8012d8a8        0x0 build/kernel/panic.o
                                        0x1be (size before relaxing)
 .rodata.str1.1
                0xffffffff8012d8a8        0x0 build/kernel/printk.o
                                          0x7 (size before relaxing)
 .rodata.str1.8
                0xffffffff8012d8a8        0x0 build/kernel/kthread.o
                                         0x50 (size before relaxing)
 .rodata.str1.1
                0xffffffff8012d8a8        0x0 build/kernel/kthread.o
                                          0xb (size before relaxing)
 .rodata.cst2   0xffffffff8012d8a8        0x0 build/kernel/kthread.o
                                          0x2 (size before relaxing)
 .rodata.str1.1
                0xffffffff8012d8a8        0x0 build/proc/process.o
                                         0xbc (size before relaxing)
 .rodata.str1.8
                0xffffffff8012d8a8        0x0 build/proc/process.o
                                        0x153 (size before relaxing)
 .rodata.str1.8
                0xffffffff8012d8a8        0x0 build/proc/scheduler.o
                                        0x13a (size before relaxing)
 .rodata.str1.1
                0xffffffff8012d8a8        0x0 build/proc/scheduler.o
                                         0x72 (size before relaxing)
 .rodata.str1.8
                0xffffffff8012d8a8        0x0 build/proc/exec.o
                                        0x236 (size before relaxing)
 .rodata.str1.1
                0xffffffff8012d8a8        0x0 build/proc/exec.o
                                         0x73 (size before relaxing)
 .rodata.str1.8
                0xffffffff8012d8a8        0x0 build/fs/vfs.o
                                         0xc1 (size before relaxing)
 .rodata.str1.1
                0xffffffff8012d8a8        0x0 build/fs/vfs.o
                                         0x72 (size before relaxing)
 .rodata.str1.1
                0xffffffff8012d8a8        0x0 build/fs/dentry.o
                                          0x2 (size before relaxing)
 .rodata.str1.1
                0xffffffff8012d8a8        0x0 build/fs/axiomfs/super.o
                                         0x75 (size before relaxing)
 .rodata.str1.8
                0xffffffff8012d8a8        0x0 build/fs/axiomfs/super.o
                                         0x5e (size before relaxing)
 .rodata.str1.1
                0xffffffff8012d8a8        0x0 build/fs/axiomfs/dir.o
                                          0x5 (size before relaxing)
 .rodata.str1.1
                0xffffffff8012d8a8        0x0 build/fs/axiomfs/file.o
                                          0x1 (size before relaxing)
 .rodata.str1.1
                0xffffffff8012d8a8        0x0 build/fs/axiomfs/policy_ipc.o
                                         0x15 (size before relaxing)
 .rodata.str1.8
                0xffffffff8012d8a8        0x0 build/fs/axiomfs/policy_ipc.o
                                         0x96 (size before relaxing)
 .rodata.str1.1
                0xffffffff8012d8a8        0x0 build/fs/devfs/devfs.o
                                         0x5c (size before relaxing)
 .rodata.str1.8
                0xffffffff8012d8a8        0x0 build/fs/devfs/devfs.o
                                         0x54 (size before relaxing)
 .rodata.str1.8
                0xffffffff8012d8a8        0x0 build/ipc/msgqueue.o
                                         0x47 (size before relaxing)
 .rodata.str1.1
                0xffffffff8012d8a8        0x0 build/ipc/msgqueue.o
                                          0xc (size before relaxing)
 .rodata.str1.8
                0xffffffff8012d8a8        0x0 build/ipc/axiomd_channel.o
                                         0xd0 (size before relaxing)
 .rodata.str1.1
                0xffffffff8012d8a8        0x0 build/sysctl/sysctl.o
                                         0xee (size before relaxing)
 .rodata.str1.1
                0xffffffff8012d8a8        0x0 build/sysctl/nodes.o
                                        0x11a (size before relaxing)
 .rodata.str1.8
                0xffffffff8012d8a8        0x0 build/sysctl/nodes.o
                                         0x89 (size before relaxing)
 .rodata.str1.1
                0xffffffff8012d8a8        0x0 build/lib/printf.o
                                          0xd (size before relaxing)
                0xffffffff8012d8a8                __rodata_end = .
                0xffffffff8012d8a8                __data_start = .

.rela.dyn       0xffffffff8012d8a8        0x0 load address 0x000000000012d8a8
 .rela.got      0xffffffff8012d8a8        0x0 build/arch/x86_64/boot/gdt.o
 .rela.iplt     0xffffffff8012d8a8        0x0 build/arch/x86_64/boot/gdt.o
 .rela.text     0xffffffff8012d8a8        0x0 build/arch/x86_64/boot/gdt.o
 .rela.text.boot
                0xffffffff8012d8a8        0x0 build/arch/x86_64/boot/gdt.o

.data           0xffffffff8012e000      0x604 load address 0x000000000012e000
 *(.data)
 .data          0xffffffff8012e000        0x0 build/arch/x86_64/boot/gdt.o
 .data          0xffffffff8012e000        0x0 build/arch/x86_64/boot/idt.o
 .data          0xffffffff8012e000       0x90 build/arch/x86_64/cpu.o
 .data          0xffffffff8012e090        0x0 build/arch/x86_64/io/port.o
 .data          0xffffffff8012e090        0x2 build/arch/x86_64/io/uart.o
 .data          0xffffffff8012e092        0x0 build/arch/x86_64/mm/paging.o
 .data          0xffffffff8012e092        0x0 build/arch/x86_64/mm/physmem.o
 *fill*         0xffffffff8012e092        0x2 
 .data          0xffffffff8012e094        0x4 build/arch/x86_64/process/syscall.o
 *fill*         0xffffffff8012e098        0x8 
 .data          0xffffffff8012e0a0       0xc0 build/mm/pmm.o
 .data          0xffffffff8012e160        0x0 build/mm/vmm.o
 .data          0xffffffff8012e160       0x10 build/mm/kmalloc.o
 .data          0xffffffff8012e170        0x0 build/kernel/main.o
 .data          0xffffffff8012e170        0x0 build/kernel/bootinfo.o
 .data          0xffffffff8012e170        0x0 build/kernel/initramfs.o
 .data          0xffffffff8012e170        0x0 build/kernel/time.o
 .data          0xffffffff8012e170        0x0 build/kernel/panic.o
 .data          0xffffffff8012e170        0x4 build/kernel/printk.o
 *fill*         0xffffffff8012e174        0xc 
 .data          0xffffffff8012e180       0x20 build/kernel/kthread.o
 .data          0xffffffff8012e1a0       0x94 build/proc/process.o
                0xffffffff8012e220                all_processes
                0xffffffff8012e230                next_pid
 *fill*         0xffffffff8012e234        0xc 
 .data          0xffffffff8012e240       0x48 build/proc/scheduler.o
 .data          0xffffffff8012e288        0x0 build/proc/fork.o
 .data          0xffffffff8012e288        0x0 build/proc/exec.o
 *fill*         0xffffffff8012e288        0x8 
 .data          0xffffffff8012e290       0x10 build/fs/vfs.o
 .data          0xffffffff8012e2a0        0x0 build/fs/inode.o
 .data          0xffffffff8012e2a0        0x0 build/fs/dentry.o
 .data          0xffffffff8012e2a0        0x0 build/fs/file.o
 .data          0xffffffff8012e2a0       0x30 build/fs/axiomfs/super.o
 .data          0xffffffff8012e2d0        0x0 build/fs/axiomfs/inode.o
 .data          0xffffffff8012e2d0        0x0 build/fs/axiomfs/dir.o
 .data          0xffffffff8012e2d0        0x0 build/fs/axiomfs/file.o
 .data          0xffffffff8012e2d0        0x4 build/fs/axiomfs/policy_ipc.o
 *fill*         0xffffffff8012e2d4        0x4 
 .data          0xffffffff8012e2d8        0x8 build/fs/axiomfs/cache.o
 .data          0xffffffff8012e2e0       0x40 build/fs/devfs/devfs.o
 .data          0xffffffff8012e320        0x4 build/ipc/msgqueue.o
 .data          0xffffffff8012e324        0x8 build/ipc/axiomd_channel.o
 .data          0xffffffff8012e32c        0x4 build/ipc/shm.o
 *fill*         0xffffffff8012e330       0x10 
 .data          0xffffffff8012e340       0xa0 build/sysctl/sysctl.o
 .data          0xffffffff8012e3e0      0x224 build/sysctl/nodes.o
 .data          0xffffffff8012e604        0x0 build/sysctl/handlers.o
 .data          0xffffffff8012e604        0x0 build/lib/string.o
 .data          0xffffffff8012e604        0x0 build/lib/printf.o
 .data          0xffffffff8012e604        0x0 build/lib/bitmap.o
 .data          0xffffffff8012e604        0x0 build/lib/rbtree.o
 .data          0xffffffff8012e604        0x0 build/arch/x86_64/boot/boot.o
 .data          0xffffffff8012e604        0x0 build/arch/x86_64/boot/interrupt.o
 .data          0xffffffff8012e604        0x0 build/arch/x86_64/process/context.o
 *(.data.*)
                0xffffffff8012e604                __data_end = .
                0xffffffff8012e604                __bss_start = .

.got            0xffffffff8012e608        0x0 load address 0x000000000012e608
 .got           0xffffffff8012e608        0x0 build/arch/x86_64/boot/gdt.o

.got.plt        0xffffffff8012e608        0x0 load address 0x000000000012e608
 .got.plt       0xffffffff8012e608        0x0 build/arch/x86_64/boot/gdt.o

.igot.plt       0xffffffff8012e608        0x0 load address 0x000000000012e608
 .igot.plt      0xffffffff8012e608        0x0 build/arch/x86_64/boot/gdt.o

.bss            0xffffffff8012f000    0x19798 load address 0x000000000012f000
 *(COMMON)
 *(.bss)
 .bss           0xffffffff8012f000     0x40b8 build/arch/x86_64/boot/gdt.o
 *fill*         0xffffffff801330b8        0x8 
 .bss           0xffffffff801330c0     0x1020 build/arch/x86_64/boot/idt.o
 .bss           0xffffffff801340e0        0x0 build/arch/x86_64/cpu.o
 .bss           0xffffffff801340e0        0x0 build/arch/x86_64/io/port.o
 .bss           0xffffffff801340e0        0x1 build/arch/x86_64/io/uart.o
 *fill*         0xffffffff801340e1        0xf 
 .bss           0xffffffff801340f0       0x18 build/arch/x86_64/mm/paging.o
 .bss           0xffffffff80134108       0x20 build/arch/x86_64/mm/physmem.o
 *fill*         0xffffffff80134128       0x18 
 .bss           0xffffffff80134140     0x1960 build/arch/x86_64/process/syscall.o
 .bss           0xffffffff80135aa0       0x18 build/mm/pmm.o
 *fill*         0xffffffff80135ab8        0x8 
 .bss           0xffffffff80135ac0       0xa8 build/mm/vmm.o
 *fill*         0xffffffff80135b68       0x18 
 .bss           0xffffffff80135b80       0x98 build/mm/kmalloc.o
 *fill*         0xffffffff80135c18        0x8 
 .bss           0xffffffff80135c20      0x138 build/kernel/main.o
 *fill*         0xffffffff80135d58        0x8 
 .bss           0xffffffff80135d60      0x620 build/kernel/bootinfo.o
 .bss           0xffffffff80136380        0x0 build/kernel/initramfs.o
 .bss           0xffffffff80136380        0x0 build/kernel/time.o
 .bss           0xffffffff80136380        0x1 build/kernel/panic.o
 *fill*         0xffffffff80136381        0x7 
 .bss           0xffffffff80136388       0x20 build/kernel/printk.o
 .bss           0xffffffff801363a8        0x8 build/kernel/kthread.o
 .bss           0xffffffff801363b0       0x18 build/proc/process.o
                0xffffffff801363b0                idle_process
                0xffffffff801363b8                init_process
 *fill*         0xffffffff801363c8       0x18 
 .bss           0xffffffff801363e0      0x96c build/proc/scheduler.o
                0xffffffff801363e0                current_policy
                0xffffffff80136400                runqueue
 .bss           0xffffffff80136d4c        0x0 build/proc/fork.o
 .bss           0xffffffff80136d4c        0x0 build/proc/exec.o
 *fill*         0xffffffff80136d4c       0x14 
 .bss           0xffffffff80136d60      0x840 build/fs/vfs.o
                0xffffffff80136d60                file_cache
                0xffffffff80136d68                dentry_cache
                0xffffffff80136d70                inode_cache
 .bss           0xffffffff801375a0    0x10020 build/fs/inode.o
 .bss           0xffffffff801475c0        0x0 build/fs/dentry.o
 .bss           0xffffffff801475c0        0x0 build/fs/file.o
 .bss           0xffffffff801475c0        0x0 build/fs/axiomfs/super.o
 .bss           0xffffffff801475c0        0x0 build/fs/axiomfs/inode.o
 .bss           0xffffffff801475c0        0x0 build/fs/axiomfs/dir.o
 .bss           0xffffffff801475c0        0x0 build/fs/axiomfs/file.o
 .bss           0xffffffff801475c0       0x10 build/fs/axiomfs/policy_ipc.o
 .bss           0xffffffff801475d0        0x0 build/fs/axiomfs/cache.o
 .bss           0xffffffff801475d0        0x0 build/fs/devfs/devfs.o
 *fill*         0xffffffff801475d0       0x10 
 .bss           0xffffffff801475e0      0x800 build/ipc/msgqueue.o
 .bss           0xffffffff80147de0       0x68 build/ipc/axiomd_channel.o
 *fill*         0xffffffff80147e48       0x18 
 .bss           0xffffffff80147e60      0x800 build/ipc/shm.o
 .bss           0xffffffff80148660       0x18 build/sysctl/sysctl.o
                0xffffffff80148660                sysctl_root
 *fill*         0xffffffff80148678        0x8 
 .bss           0xffffffff80148680      0x10c build/sysctl/nodes.o
 .bss           0xffffffff8014878c        0x0 build/sysctl/handlers.o
 *fill*         0xffffffff8014878c        0x4 
 .bss           0xffffffff80148790        0x8 build/lib/string.o
 .bss           0xffffffff80148798        0x0 build/lib/printf.o
 .bss           0xffffffff80148798        0x0 build/lib/bitmap.o
 .bss           0xffffffff80148798        0x0 build/lib/rbtree.o
 .bss           0xffffffff80148798        0x0 build/arch/x86_64/boot/boot.o
 .bss           0xffffffff80148798        0x0 build/arch/x86_64/boot/interrupt.o
 .bss           0xffffffff80148798        0x0 build/arch/x86_64/process/context.o
 *(.bss.*)
                0xffffffff80148798                __bss_end = .

.lbss           0xffffffff801487a0    0xe0000 load address 0x00000000001487a0
 .lbss          0xffffffff801487a0    0x20000 build/mm/pmm.o
 .lbss          0xffffffff801687a0    0x40000 build/proc/process.o
                0xffffffff801687a0                pid_table
 .lbss          0xffffffff801a87a0    0x80000 build/fs/axiomfs/inode.o
                0xffffffff80229000                . = ALIGN (0x1000)
                0xffffffff80229000                __kernel_end = .
                0xffffffff80100000                __kernel_start = (KERNEL_VMA + KERNEL_LMA)
                0x0000000000229000                __kernel_phys_end = (__kernel_end - KERNEL_VMA)

/DISCARD/
 *(.comment)
 *(.note)
 *(.note.*)
 *(.eh_frame)
 *(.eh_frame_hdr)
LOAD build/arch/x86_64/boot/gdt.o
LOAD build/arch/x86_64/boot/idt.o
LOAD build/arch/x86_64/cpu.o
LOAD build/arch/x86_64/io/port.o
LOAD build/arch/x86_64/io/uart.o
LOAD build/arch/x86_64/mm/paging.o
LOAD build/arch/x86_64/mm/physmem.o
LOAD build/arch/x86_64/process/syscall.o
LOAD build/mm/pmm.o
LOAD build/mm/vmm.o
LOAD build/mm/kmalloc.o
LOAD build/kernel/main.o
LOAD build/kernel/bootinfo.o
LOAD build/kernel/initramfs.o
LOAD build/kernel/time.o
LOAD build/kernel/panic.o
LOAD build/kernel/printk.o
LOAD build/kernel/kthread.o
LOAD build/proc/process.o
LOAD build/proc/scheduler.o
LOAD build/proc/fork.o
LOAD build/proc/exec.o
LOAD build/fs/vfs.o
LOAD build/fs/inode.o
LOAD build/fs/dentry.o
LOAD build/fs/file.o
LOAD build/fs/axiomfs/super.o
LOAD build/fs/axiomfs/inode.o
LOAD build/fs/axiomfs/dir.o
LOAD build/fs/axiomfs/file.o
LOAD build/fs/axiomfs/policy_ipc.o
LOAD build/fs/axiomfs/cache.o
LOAD build/fs/devfs/devfs.o
LOAD build/ipc/msgqueue.o
LOAD build/ipc/axiomd_channel.o
LOAD build/ipc/shm.o
LOAD build/sysctl/sysctl.o
LOAD build/sysctl/nodes.o
LOAD build/sysctl/handlers.o
LOAD build/lib/string.o
LOAD build/lib/printf.o
LOAD build/lib/bitmap.o
LOAD build/lib/rbtree.o
LOAD build/arch/x86_64/boot/boot.o
LOAD build/arch/x86_64/boot/interrupt.o
LOAD build/arch/x86_64/process/context.o
OUTPUT(build/kernel.elf elf64-x86-64)

.debug_info     0x0000000000000000    0x41627
 .debug_info    0x0000000000000000      0x731 build/arch/x86_64/boot/gdt.o
 .debug_info    0x0000000000000731     0x1b49 build/arch/x86_64/boot/idt.o
 .debug_info    0x000000000000227a      0x801 build/arch/x86_64/cpu.o
 .debug_info    0x0000000000002a7b      0x47e build/arch/x86_64/io/port.o
 .debug_info    0x0000000000002ef9      0x98d build/arch/x86_64/io/uart.o
 .debug_info    0x0000000000003886     0x1469 build/arch/x86_64/mm/paging.o
 .debug_info    0x0000000000004cef      0x723 build/arch/x86_64/mm/physmem.o
 .debug_info    0x0000000000005412     0x6d70 build/arch/x86_64/process/syscall.o
 .debug_info    0x000000000000c182      0xed0 build/mm/pmm.o
 .debug_info    0x000000000000d052     0x3120 build/mm/vmm.o
 .debug_info    0x0000000000010172     0x21f7 build/mm/kmalloc.o
 .debug_info    0x0000000000012369     0x2566 build/kernel/main.o
 .debug_info    0x00000000000148cf      0x53e build/kernel/bootinfo.o
 .debug_info    0x0000000000014e0d     0x1ce0 build/kernel/initramfs.o
 .debug_info    0x0000000000016aed      0x26c build/kernel/time.o
 .debug_info    0x0000000000016d59      0xa87 build/kernel/panic.o
 .debug_info    0x00000000000177e0      0xfbd build/kernel/printk.o
 .debug_info    0x000000000001879d      0xb1b build/kernel/kthread.o
 .debug_info    0x00000000000192b8     0x2bc2 build/proc/process.o
 .debug_info    0x000000000001be7a     0x1f45 build/proc/scheduler.o
 .debug_info    0x000000000001ddbf     0x1205 build/proc/fork.o
 .debug_info    0x000000000001efc4     0x3cb3 build/proc/exec.o
 .debug_info    0x0000000000022c77     0x2cf1 build/fs/vfs.o
 .debug_info    0x0000000000025968     0x2548 build/fs/inode.o
 .debug_info    0x0000000000027eb0     0x1b42 build/fs/dentry.o
 .debug_info    0x00000000000299f2     0x1e5c build/fs/file.o
 .debug_info    0x000000000002b84e     0x162f build/fs/axiomfs/super.o
 .debug_info    0x000000000002ce7d     0x2ca6 build/fs/axiomfs/inode.o
 .debug_info    0x000000000002fb23     0x17ff build/fs/axiomfs/dir.o
 .debug_info    0x0000000000031322     0x1d65 build/fs/axiomfs/file.o
 .debug_info    0x0000000000033087     0x163e build/fs/axiomfs/policy_ipc.o
 .debug_info    0x00000000000346c5     0x1afb build/fs/axiomfs/cache.o
 .debug_info    0x00000000000361c0     0x1d2b build/fs/devfs/devfs.o
 .debug_info    0x0000000000037eeb     0x13c6 build/ipc/msgqueue.o
 .debug_info    0x00000000000392b1      0xd84 build/ipc/axiomd_channel.o
 .debug_info    0x000000000003a035      0xfef build/ipc/shm.o
 .debug_info    0x000000000003b024     0x1811 build/sysctl/sysctl.o
 .debug_info    0x000000000003c835      0xf8c build/sysctl/nodes.o
 .debug_info    0x000000000003d7c1      0x6b1 build/sysctl/handlers.o
 .debug_info    0x000000000003de72      0xe08 build/lib/string.o
 .debug_info    0x000000000003ec7a     0x1379 build/lib/printf.o
 .debug_info    0x000000000003fff3      0x7fa build/lib/bitmap.o
 .debug_info    0x00000000000407ed      0xdb0 build/lib/rbtree.o
 .debug_info    0x000000000004159d       0x2e build/arch/x86_64/boot/boot.o
 .debug_info    0x00000000000415cb       0x2e build/arch/x86_64/boot/interrupt.o
 .debug_info    0x00000000000415f9       0x2e build/arch/x86_64/process/context.o

.debug_abbrev   0x0000000000000000     0x9f60
 .debug_abbrev  0x0000000000000000      0x22d build/arch/x86_64/boot/gdt.o
 .debug_abbrev  0x000000000000022d      0x4df build/arch/x86_64/boot/idt.o
 .debug_abbrev  0x000000000000070c      0x2b0 build/arch/x86_64/cpu.o
 .debug_abbrev  0x00000000000009bc      0x127 build/arch/x86_64/io/port.o
 .debug_abbrev  0x0000000000000ae3      0x2cc build/arch/x86_64/io/uart.o
 .debug_abbrev  0x0000000000000daf      0x40e build/arch/x86_64/mm/paging.o
 .debug_abbrev  0x00000000000011bd      0x277 build/arch/x86_64/mm/physmem.o
 .debug_abbrev  0x0000000000001434      0x70d build/arch/x86_64/process/syscall.o
 .debug_abbrev  0x0000000000001b41      0x3be build/mm/pmm.o
 .debug_abbrev  0x0000000000001eff      0x58a build/mm/vmm.o
 .debug_abbrev  0x0000000000002489      0x52d build/mm/kmalloc.o
 .debug_abbrev  0x00000000000029b6      0x44d build/kernel/main.o
 .debug_abbrev  0x0000000000002e03      0x211 build/kernel/bootinfo.o
 .debug_abbrev  0x0000000000003014      0x3b3 build/kernel/initramfs.o
 .debug_abbrev  0x00000000000033c7      0x165 build/kernel/time.o
 .debug_abbrev  0x000000000000352c      0x263 build/kernel/panic.o
 .debug_abbrev  0x000000000000378f      0x476 build/kernel/printk.o
 .debug_abbrev  0x0000000000003c05      0x351 build/kernel/kthread.o
 .debug_abbrev  0x0000000000003f56      0x656 build/proc/process.o
 .debug_abbrev  0x00000000000045ac      0x6dd build/proc/scheduler.o
 .debug_abbrev  0x0000000000004c89      0x3be build/proc/fork.o
 .debug_abbrev  0x0000000000005047      0x52c build/proc/exec.o
 .debug_abbrev  0x0000000000005573      0x51e build/fs/vfs.o
 .debug_abbrev  0x0000000000005a91      0x4fc build/fs/inode.o
 .debug_abbrev  0x0000000000005f8d      0x335 build/fs/dentry.o
 .debug_abbrev  0x00000000000062c2      0x3e5 build/fs/file.o
 .debug_abbrev  0x00000000000066a7      0x297 build/fs/axiomfs/super.o
 .debug_abbrev  0x000000000000693e      0x575 build/fs/axiomfs/inode.o
 .debug_abbrev  0x0000000000006eb3      0x29a build/fs/axiomfs/dir.o
 .debug_abbrev  0x000000000000714d      0x311 build/fs/axiomfs/file.o
 .debug_abbrev  0x000000000000745e      0x4a6 build/fs/axiomfs/policy_ipc.o
 .debug_abbrev  0x0000000000007904      0x376 build/fs/axiomfs/cache.o
 .debug_abbrev  0x0000000000007c7a      0x447 build/fs/devfs/devfs.o
 .debug_abbrev  0x00000000000080c1      0x3a0 build/ipc/msgqueue.o
 .debug_abbrev  0x0000000000008461      0x367 build/ipc/axiomd_channel.o
 .debug_abbrev  0x00000000000087c8      0x2b7 build/ipc/shm.o
 .debug_abbrev  0x0000000000008a7f      0x3e4 build/sysctl/sysctl.o
 .debug_abbrev  0x0000000000008e63      0x243 build/sysctl/nodes.o
 .debug_abbrev  0x00000000000090a6      0x1bc build/sysctl/handlers.o
 .debug_abbrev  0x0000000000009262      0x367 build/lib/string.o
 .debug_abbrev  0x00000000000095c9      0x471 build/lib/printf.o
 .debug_abbrev  0x0000000000009a3a      0x200 build/lib/bitmap.o
 .debug_abbrev  0x0000000000009c3a      0x2ea build/lib/rbtree.o
 .debug_abbrev  0x0000000000009f24       0x14 build/arch/x86_64/boot/boot.o
 .debug_abbrev  0x0000000000009f38       0x14 build/arch/x86_64/boot/interrupt.o
 .debug_abbrev  0x0000000000009f4c       0x14 build/arch/x86_64/process/context.o

.debug_loclists
                0x0000000000000000    0x16c9c
 .debug_loclists
                0x0000000000000000      0x164 build/arch/x86_64/boot/gdt.o
 .debug_loclists
                0x0000000000000164      0x501 build/arch/x86_64/boot/idt.o
 .debug_loclists
                0x0000000000000665      0x24a build/arch/x86_64/cpu.o
 .debug_loclists
                0x00000000000008af      0x112 build/arch/x86_64/io/port.o
 .debug_loclists
                0x00000000000009c1      0x286 build/arch/x86_64/io/uart.o
 .debug_loclists
                0x0000000000000c47      0xbe4 build/arch/x86_64/mm/paging.o
 .debug_loclists
                0x000000000000182b      0x37c build/arch/x86_64/mm/physmem.o
 .debug_loclists
                0x0000000000001ba7     0x3541 build/arch/x86_64/process/syscall.o
 .debug_loclists
                0x00000000000050e8      0x934 build/mm/pmm.o
 .debug_loclists
                0x0000000000005a1c     0x11c4 build/mm/vmm.o
 .debug_loclists
                0x0000000000006be0     0x1109 build/mm/kmalloc.o
 .debug_loclists
                0x0000000000007ce9      0x10b build/kernel/main.o
 .debug_loclists
                0x0000000000007df4      0x140 build/kernel/bootinfo.o
 .debug_loclists
                0x0000000000007f34      0x8ab build/kernel/initramfs.o
 .debug_loclists
                0x00000000000087df       0x93 build/kernel/time.o
 .debug_loclists
                0x0000000000008872      0x10c build/kernel/panic.o
 .debug_loclists
                0x000000000000897e      0xd3e build/kernel/printk.o
 .debug_loclists
                0x00000000000096bc      0x274 build/kernel/kthread.o
 .debug_loclists
                0x0000000000009930      0x7f2 build/proc/process.o
 .debug_loclists
                0x000000000000a122      0x664 build/proc/scheduler.o
 .debug_loclists
                0x000000000000a786      0x301 build/proc/fork.o
 .debug_loclists
                0x000000000000aa87     0x2001 build/proc/exec.o
 .debug_loclists
                0x000000000000ca88     0x1657 build/fs/vfs.o
 .debug_loclists
                0x000000000000e0df      0x675 build/fs/inode.o
 .debug_loclists
                0x000000000000e754      0x575 build/fs/dentry.o
 .debug_loclists
                0x000000000000ecc9      0x469 build/fs/file.o
 .debug_loclists
                0x000000000000f132      0x15a build/fs/axiomfs/super.o
 .debug_loclists
                0x000000000000f28c      0xa0c build/fs/axiomfs/inode.o
 .debug_loclists
                0x000000000000fc98       0xdf build/fs/axiomfs/dir.o
 .debug_loclists
                0x000000000000fd77      0x52a build/fs/axiomfs/file.o
 .debug_loclists
                0x00000000000102a1      0xd44 build/fs/axiomfs/policy_ipc.o
 .debug_loclists
                0x0000000000010fe5      0x450 build/fs/axiomfs/cache.o
 .debug_loclists
                0x0000000000011435      0x6ae build/fs/devfs/devfs.o
 .debug_loclists
                0x0000000000011ae3      0x65c build/ipc/msgqueue.o
 .debug_loclists
                0x000000000001213f      0x43b build/ipc/axiomd_channel.o
 .debug_loclists
                0x000000000001257a      0x573 build/ipc/shm.o
 .debug_loclists
                0x0000000000012aed      0xb0f build/sysctl/sysctl.o
 .debug_loclists
                0x00000000000135fc      0x671 build/sysctl/nodes.o
 .debug_loclists
                0x0000000000013c6d      0x44a build/sysctl/handlers.o
 .debug_loclists
                0x00000000000140b7      0xde6 build/lib/string.o
 .debug_loclists
                0x0000000000014e9d     0x100c build/lib/printf.o
 .debug_loclists
                0x0000000000015ea9      0x5e5 build/lib/bitmap.o
 .debug_loclists
                0x000000000001648e      0x80e build/lib/rbtree.o

.debug_aranges  0x0000000000000000      0x8a0
 .debug_aranges
                0x0000000000000000       0x30 build/arch/x86_64/boot/gdt.o
 .debug_aranges
                0x0000000000000030       0x30 build/arch/x86_64/boot/idt.o
 .debug_aranges
                0x0000000000000060       0x30 build/arch/x86_64/cpu.o
 .debug_aranges
                0x0000000000000090       0x30 build/arch/x86_64/io/port.o
 .debug_aranges
                0x00000000000000c0       0x30 build/arch/x86_64/io/uart.o
 .debug_aranges
                0x00000000000000f0       0x30 build/arch/x86_64/mm/paging.o
 .debug_aranges
                0x0000000000000120       0x30 build/arch/x86_64/mm/physmem.o
 .debug_aranges
                0x0000000000000150       0x30 build/arch/x86_64/process/syscall.o
 .debug_aranges
                0x0000000000000180       0x30 build/mm/pmm.o
 .debug_aranges
                0x00000000000001b0       0x30 build/mm/vmm.o
 .debug_aranges
                0x00000000000001e0       0x30 build/mm/kmalloc.o
 .debug_aranges
                0x0000000000000210       0x30 build/kernel/main.o
 .debug_aranges
                0x0000000000000240       0x30 build/kernel/bootinfo.o
 .debug_aranges
                0x0000000000000270       0x30 build/kernel/initramfs.o
 .debug_aranges
                0x00000000000002a0       0x30 build/kernel/time.o
 .debug_aranges
                0x00000000000002d0       0x30 build/kernel/panic.o
 .debug_aranges
                0x0000000000000300       0x30 build/kernel/printk.o
 .debug_aranges
                0x0000000000000330       0x30 build/kernel/kthread.o
 .debug_aranges
                0x0000000000000360       0x30 build/proc/process.o
 .debug_aranges
                0x0000000000000390       0x30 build/proc/scheduler.o
 .debug_aranges
                0x00000000000003c0       0x30 build/proc/fork.o
 .debug_aranges
                0x00000000000003f0       0x30 build/proc/exec.o
 .debug_aranges
                0x0000000000000420       0x30 build/fs/vfs.o
 .debug_aranges
                0x0000000000000450       0x30 build/fs/inode.o
 .debug_aranges
                0x0000000000000480       0x30 build/fs/dentry.o
 .debug_aranges
                0x00000000000004b0       0x30 build/fs/file.o
 .debug_aranges
                0x00000000000004e0       0x30 build/fs/axiomfs/super.o
 .debug_aranges
                0x0000000000000510       0x30 build/fs/axiomfs/inode.o
 .debug_aranges
                0x0000000000000540       0x30 build/fs/axiomfs/dir.o
 .debug_aranges
                0x0000000000000570       0x30 build/fs/axiomfs/file.o
 .debug_aranges
                0x00000000000005a0       0x30 build/fs/axiomfs/policy_ipc.o
 .debug_aranges
                0x00000000000005d0       0x30 build/fs/axiomfs/cache.o
 .debug_aranges
                0x0000000000000600       0x30 build/fs/devfs/devfs.o
 .debug_aranges
                0x0000000000000630       0x30 build/ipc/msgqueue.o
 .debug_aranges
                0x0000000000000660       0x30 build/ipc/axiomd_channel.o
 .debug_aranges
                0x0000000000000690       0x30 build/ipc/shm.o
 .debug_aranges
                0x00000000000006c0       0x30 build/sysctl/sysctl.o
 .debug_aranges
                0x00000000000006f0       0x30 build/sysctl/nodes.o
 .debug_aranges
                0x0000000000000720       0x30 build/sysctl/handlers.o
 .debug_aranges
                0x0000000000000750       0x30 build/lib/string.o
 .debug_aranges
                0x0000000000000780       0x30 build/lib/printf.o
 .debug_aranges
                0x00000000000007b0       0x30 build/lib/bitmap.o
 .debug_aranges
                0x00000000000007e0       0x30 build/lib/rbtree.o
 .debug_aranges
                0x0000000000000810       0x30 build/arch/x86_64/boot/boot.o
 .debug_aranges
                0x0000000000000840       0x30 build/arch/x86_64/boot/interrupt.o
 .debug_aranges
                0x0000000000000870       0x30 build/arch/x86_64/process/context.o

.debug_rnglists
                0x0000000000000000     0x245b
 .debug_rnglists
                0x0000000000000000       0xa5 build/arch/x86_64/boot/gdt.o
 .debug_rnglists
                0x00000000000000a5       0x82 build/arch/x86_64/boot/idt.o
 .debug_rnglists
                0x0000000000000127       0x7b build/arch/x86_64/cpu.o
 .debug_rnglists
                0x00000000000001a2       0x8d build/arch/x86_64/io/uart.o
 .debug_rnglists
                0x000000000000022f      0x116 build/arch/x86_64/mm/paging.o
 .debug_rnglists
                0x0000000000000345       0x32 build/arch/x86_64/mm/physmem.o
 .debug_rnglists
                0x0000000000000377      0x389 build/arch/x86_64/process/syscall.o
 .debug_rnglists
                0x0000000000000700      0x12f build/mm/pmm.o
 .debug_rnglists
                0x000000000000082f      0x1f0 build/mm/vmm.o
 .debug_rnglists
                0x0000000000000a1f      0x252 build/mm/kmalloc.o
 .debug_rnglists
                0x0000000000000c71       0x61 build/kernel/main.o
 .debug_rnglists
                0x0000000000000cd2       0x35 build/kernel/bootinfo.o
 .debug_rnglists
                0x0000000000000d07       0xd7 build/kernel/initramfs.o
 .debug_rnglists
                0x0000000000000dde       0x58 build/kernel/time.o
 .debug_rnglists
                0x0000000000000e36       0x1c build/kernel/panic.o
 .debug_rnglists
                0x0000000000000e52      0x1e4 build/kernel/printk.o
 .debug_rnglists
                0x0000000000001036       0x56 build/kernel/kthread.o
 .debug_rnglists
                0x000000000000108c      0x165 build/proc/process.o
 .debug_rnglists
                0x00000000000011f1       0x8d build/proc/scheduler.o
 .debug_rnglists
                0x000000000000127e       0x7e build/proc/fork.o
 .debug_rnglists
                0x00000000000012fc      0x329 build/proc/exec.o
 .debug_rnglists
                0x0000000000001625      0x15b build/fs/vfs.o
 .debug_rnglists
                0x0000000000001780       0x85 build/fs/inode.o
 .debug_rnglists
                0x0000000000001805      0x126 build/fs/dentry.o
 .debug_rnglists
                0x000000000000192b       0x47 build/fs/file.o
 .debug_rnglists
                0x0000000000001972       0x17 build/fs/axiomfs/super.o
 .debug_rnglists
                0x0000000000001989       0xca build/fs/axiomfs/inode.o
 .debug_rnglists
                0x0000000000001a53       0x42 build/fs/axiomfs/file.o
 .debug_rnglists
                0x0000000000001a95      0x128 build/fs/axiomfs/policy_ipc.o
 .debug_rnglists
                0x0000000000001bbd       0xd8 build/fs/axiomfs/cache.o
 .debug_rnglists
                0x0000000000001c95       0xb6 build/fs/devfs/devfs.o
 .debug_rnglists
                0x0000000000001d4b       0x8a build/ipc/msgqueue.o
 .debug_rnglists
                0x0000000000001dd5       0xc3 build/ipc/axiomd_channel.o
 .debug_rnglists
                0x0000000000001e98       0x3d build/ipc/shm.o
 .debug_rnglists
                0x0000000000001ed5       0x92 build/sysctl/sysctl.o
 .debug_rnglists
                0x0000000000001f67       0x70 build/sysctl/nodes.o
 .debug_rnglists
                0x0000000000001fd7       0x27 build/sysctl/handlers.o
 .debug_rnglists
                0x0000000000001ffe       0x6c build/lib/string.o
 .debug_rnglists
                0x000000000000206a      0x255 build/lib/printf.o
 .debug_rnglists
                0x00000000000022bf       0x22 build/lib/bitmap.o
 .debug_rnglists
                0x00000000000022e1      0x17a build/lib/rbtree.o

.debug_line     0x0000000000000000    0x17133
 .debug_line    0x0000000000000000      0x1f2 build/arch/x86_64/boot/gdt.o
 .debug_line    0x00000000000001f2      0x640 build/arch/x86_64/boot/idt.o
 .debug_line    0x0000000000000832      0x286 build/arch/x86_64/cpu.o
 .debug_line    0x0000000000000ab8      0x111 build/arch/x86_64/io/port.o
 .debug_line    0x0000000000000bc9      0x4a7 build/arch/x86_64/io/uart.o
 .debug_line    0x0000000000001070      0xa0e build/arch/x86_64/mm/paging.o
 .debug_line    0x0000000000001a7e      0x2e6 build/arch/x86_64/mm/physmem.o
 .debug_line    0x0000000000001d64     0x3162 build/arch/x86_64/process/syscall.o
 .debug_line    0x0000000000004ec6      0x886 build/mm/pmm.o
 .debug_line    0x000000000000574c     0x113a build/mm/vmm.o
 .debug_line    0x0000000000006886      0xfd4 build/mm/kmalloc.o
 .debug_line    0x000000000000785a      0x3c2 build/kernel/main.o
 .debug_line    0x0000000000007c1c      0x280 build/kernel/bootinfo.o
 .debug_line    0x0000000000007e9c      0x7f8 build/kernel/initramfs.o
 .debug_line    0x0000000000008694      0x183 build/kernel/time.o
 .debug_line    0x0000000000008817      0x2a7 build/kernel/panic.o
 .debug_line    0x0000000000008abe      0xcda build/kernel/printk.o
 .debug_line    0x0000000000009798      0x383 build/kernel/kthread.o
 .debug_line    0x0000000000009b1b      0xe6c build/proc/process.o
 .debug_line    0x000000000000a987      0xab7 build/proc/scheduler.o
 .debug_line    0x000000000000b43e      0x42e build/proc/fork.o
 .debug_line    0x000000000000b86c     0x156c build/proc/exec.o
 .debug_line    0x000000000000cdd8     0x1320 build/fs/vfs.o
 .debug_line    0x000000000000e0f8      0x93e build/fs/inode.o
 .debug_line    0x000000000000ea36      0x827 build/fs/dentry.o
 .debug_line    0x000000000000f25d      0x4b5 build/fs/file.o
 .debug_line    0x000000000000f712      0x2e1 build/fs/axiomfs/super.o
 .debug_line    0x000000000000f9f3      0xbe1 build/fs/axiomfs/inode.o
 .debug_line    0x00000000000105d4      0x234 build/fs/axiomfs/dir.o
 .debug_line    0x0000000000010808      0x49e build/fs/axiomfs/file.o
 .debug_line    0x0000000000010ca6      0x9ec build/fs/axiomfs/policy_ipc.o
 .debug_line    0x0000000000011692      0x5b9 build/fs/axiomfs/cache.o
 .debug_line    0x0000000000011c4b      0x689 build/fs/devfs/devfs.o
 .debug_line    0x00000000000122d4      0x5c1 build/ipc/msgqueue.o
 .debug_line    0x0000000000012895      0x52e build/ipc/axiomd_channel.o
 .debug_line    0x0000000000012dc3      0x553 build/ipc/shm.o
 .debug_line    0x0000000000013316      0xb79 build/sysctl/sysctl.o
 .debug_line    0x0000000000013e8f      0x3c7 build/sysctl/nodes.o
 .debug_line    0x0000000000014256      0x3f2 build/sysctl/handlers.o
 .debug_line    0x0000000000014648      0xc29 build/lib/string.o
 .debug_line    0x0000000000015271      0xd86 build/lib/printf.o
 .debug_line    0x0000000000015ff7      0x4e8 build/lib/bitmap.o
 .debug_line    0x00000000000164df      0x9c8 build/lib/rbtree.o
 .debug_line    0x0000000000016ea7       0xb3 build/arch/x86_64/boot/boot.o
 .debug_line    0x0000000000016f5a      0x138 build/arch/x86_64/boot/interrupt.o
 .debug_line    0x0000000000017092       0xa1 build/arch/x86_64/process/context.o

.debug_str      0x0000000000000000     0x4983
 .debug_str     0x0000000000000000     0x4983 build/arch/x86_64/boot/gdt.o
                                        0x2ed (size before relaxing)
 .debug_str     0x0000000000004983        0x0 build/arch/x86_64/boot/idt.o
                                        0x9ea (size before relaxing)
 .debug_str     0x0000000000004983        0x0 build/arch/x86_64/cpu.o
                                        0x278 (size before relaxing)
 .debug_str     0x0000000000004983        0x0 build/arch/x86_64/io/port.o
                                        0x1ab (size before relaxing)
 .debug_str     0x0000000000004983        0x0 build/arch/x86_64/io/uart.o
                                        0x225 (size before relaxing)
 .debug_str     0x0000000000004983        0x0 build/arch/x86_64/mm/paging.o
                                        0x398 (size before relaxing)
 .debug_str     0x0000000000004983        0x0 build/arch/x86_64/mm/physmem.o
                                        0x324 (size before relaxing)
 .debug_str     0x0000000000004983        0x0 build/arch/x86_64/process/syscall.o
                                       0x1510 (size before relaxing)
 .debug_str     0x0000000000004983        0x0 build/mm/pmm.o
                                        0x422 (size before relaxing)
 .debug_str     0x0000000000004983        0x0 build/mm/vmm.o
                                        0xecd (size before relaxing)
 .debug_str     0x0000000000004983        0x0 build/mm/kmalloc.o
                                        0x584 (size before relaxing)
 .debug_str     0x0000000000004983        0x0 build/kernel/main.o
                                        0xe02 (size before relaxing)
 .debug_str     0x0000000000004983        0x0 build/kernel/bootinfo.o
                                        0x2a1 (size before relaxing)
 .debug_str     0x0000000000004983        0x0 build/kernel/initramfs.o
                                        0x8e9 (size before relaxing)
 .debug_str     0x0000000000004983        0x0 build/kernel/time.o
                                        0x17b (size before relaxing)
 .debug_str     0x0000000000004983        0x0 build/kernel/panic.o
                                        0x27a (size before relaxing)
 .debug_str     0x0000000000004983        0x0 build/kernel/printk.o
                                        0x390 (size before relaxing)
 .debug_str     0x0000000000004983        0x0 build/kernel/kthread.o
                                        0x4ee (size before relaxing)
 .debug_str     0x0000000000004983        0x0 build/proc/process.o
                                        0xe8d (size before relaxing)
 .debug_str     0x0000000000004983        0x0 build/proc/scheduler.o
                                        0x9a6 (size before relaxing)
 .debug_str     0x0000000000004983        0x0 build/proc/fork.o
                                        0x70e (size before relaxing)
 .debug_str     0x0000000000004983        0x0 build/proc/exec.o
                                        0xfa8 (size before relaxing)
 .debug_str     0x0000000000004983        0x0 build/fs/vfs.o
                                        0xa9f (size before relaxing)
 .debug_str     0x0000000000004983        0x0 build/fs/inode.o
                                        0xd29 (size before relaxing)
 .debug_str     0x0000000000004983        0x0 build/fs/dentry.o
                                        0x87f (size before relaxing)
 .debug_str     0x0000000000004983        0x0 build/fs/file.o
                                        0xc67 (size before relaxing)
 .debug_str     0x0000000000004983        0x0 build/fs/axiomfs/super.o
                                        0xa7c (size before relaxing)
 .debug_str     0x0000000000004983        0x0 build/fs/axiomfs/inode.o
                                        0xfcd (size before relaxing)
 .debug_str     0x0000000000004983        0x0 build/fs/axiomfs/dir.o
                                        0xae8 (size before relaxing)
 .debug_str     0x0000000000004983        0x0 build/fs/axiomfs/file.o
                                        0xc70 (size before relaxing)
 .debug_str     0x0000000000004983        0x0 build/fs/axiomfs/policy_ipc.o
                                        0x53b (size before relaxing)
 .debug_str     0x0000000000004983        0x0 build/fs/axiomfs/cache.o
                                        0xa8b (size before relaxing)
 .debug_str     0x0000000000004983        0x0 build/fs/devfs/devfs.o
                                        0x905 (size before relaxing)
 .debug_str     0x0000000000004983        0x0 build/ipc/msgqueue.o
                                        0x80d (size before relaxing)
 .debug_str     0x0000000000004983        0x0 build/ipc/axiomd_channel.o
                                        0x550 (size before relaxing)
 .debug_str     0x0000000000004983        0x0 build/ipc/shm.o
                                        0x682 (size before relaxing)
 .debug_str     0x0000000000004983        0x0 build/sysctl/sysctl.o
                                        0x4f6 (size before relaxing)
 .debug_str     0x0000000000004983        0x0 build/sysctl/nodes.o
                                        0x469 (size before relaxing)
 .debug_str     0x0000000000004983        0x0 build/sysctl/handlers.o
                                        0x2bf (size before relaxing)
 .debug_str     0x0000000000004983        0x0 build/lib/string.o
                                        0x27c (size before relaxing)
 .debug_str     0x0000000000004983        0x0 build/lib/printf.o
                                        0x345 (size before relaxing)
 .debug_str     0x0000000000004983        0x0 build/lib/bitmap.o
                                        0x278 (size before relaxing)
 .debug_str     0x0000000000004983        0x0 build/lib/rbtree.o
                                        0x237 (size before relaxing)
 .debug_str     0x0000000000004983        0x0 build/arch/x86_64/boot/boot.o
                                         0x4f (size before relaxing)
 .debug_str     0x0000000000004983        0x0 build/arch/x86_64/boot/interrupt.o
                                         0x54 (size before relaxing)
 .debug_str     0x0000000000004983        0x0 build/arch/x86_64/process/context.o
                                         0x55 (size before relaxing)

.debug_line_str
                0x0000000000000000      0x4ee
 .debug_line_str
                0x0000000000000000      0x4ee build/arch/x86_64/boot/gdt.o
                                         0xa9 (size before relaxing)
 .debug_line_str
                0x00000000000004ee        0x0 build/arch/x86_64/boot/idt.o
                                        0x10b (size before relaxing)
 .debug_line_str
                0x00000000000004ee        0x0 build/arch/x86_64/cpu.o
                                         0xc7 (size before relaxing)
 .debug_line_str
                0x00000000000004ee        0x0 build/arch/x86_64/io/port.o
                                         0x9f (size before relaxing)
 .debug_line_str
                0x00000000000004ee        0x0 build/arch/x86_64/io/uart.o
                                         0xc0 (size before relaxing)
 .debug_line_str
                0x00000000000004ee        0x0 build/arch/x86_64/mm/paging.o
                                         0xeb (size before relaxing)
 .debug_line_str
                0x00000000000004ee        0x0 build/arch/x86_64/mm/physmem.o
                                         0xc7 (size before relaxing)
 .debug_line_str
                0x00000000000004ee        0x0 build/arch/x86_64/process/syscall.o
                                        0x188 (size before relaxing)
 .debug_line_str
                0x00000000000004ee        0x0 build/mm/pmm.o
                                         0xa3 (size before relaxing)
 .debug_line_str
                0x00000000000004ee        0x0 build/mm/vmm.o
                                        0x10f (size before relaxing)
 .debug_line_str
                0x00000000000004ee        0x0 build/mm/kmalloc.o
                                         0xb9 (size before relaxing)
 .debug_line_str
                0x00000000000004ee        0x0 build/kernel/main.o
                                        0x164 (size before relaxing)
 .debug_line_str
                0x00000000000004ee        0x0 build/kernel/bootinfo.o
                                         0xaf (size before relaxing)
 .debug_line_str
                0x00000000000004ee        0x0 build/kernel/initramfs.o
                                         0xcc (size before relaxing)
 .debug_line_str
                0x00000000000004ee        0x0 build/kernel/time.o
                                         0xb0 (size before relaxing)
 .debug_line_str
                0x00000000000004ee        0x0 build/kernel/panic.o
                                         0xfd (size before relaxing)
 .debug_line_str
                0x00000000000004ee        0x0 build/kernel/printk.o
                                         0xdf (size before relaxing)
 .debug_line_str
                0x00000000000004ee        0x0 build/kernel/kthread.o
                                        0x13e (size before relaxing)
 .debug_line_str
                0x00000000000004ee        0x0 build/proc/process.o
                                        0x132 (size before relaxing)
 .debug_line_str
                0x00000000000004ee        0x0 build/proc/scheduler.o
                                        0x111 (size before relaxing)
 .debug_line_str
                0x00000000000004ee        0x0 build/proc/fork.o
                                         0xfc (size before relaxing)
 .debug_line_str
                0x00000000000004ee        0x0 build/proc/exec.o
                                        0x114 (size before relaxing)
 .debug_line_str
                0x00000000000004ee        0x0 build/fs/vfs.o
                                         0xcc (size before relaxing)
 .debug_line_str
                0x00000000000004ee        0x0 build/fs/inode.o
                                        0x11d (size before relaxing)
 .debug_line_str
                0x00000000000004ee        0x0 build/fs/dentry.o
                                         0xc6 (size before relaxing)
 .debug_line_str
                0x00000000000004ee        0x0 build/fs/file.o
                                        0x113 (size before relaxing)
 .debug_line_str
                0x00000000000004ee        0x0 build/fs/axiomfs/super.o
                                        0x112 (size before relaxing)
 .debug_line_str
                0x00000000000004ee        0x0 build/fs/axiomfs/inode.o
                                        0x157 (size before relaxing)
 .debug_line_str
                0x00000000000004ee        0x0 build/fs/axiomfs/dir.o
                                        0x135 (size before relaxing)
 .debug_line_str
                0x00000000000004ee        0x0 build/fs/axiomfs/file.o
                                        0x154 (size before relaxing)
 .debug_line_str
                0x00000000000004ee        0x0 build/fs/axiomfs/policy_ipc.o
                                        0x10d (size before relaxing)
 .debug_line_str
                0x00000000000004ee        0x0 build/fs/axiomfs/cache.o
                                         0xfa (size before relaxing)
 .debug_line_str
                0x00000000000004ee        0x0 build/fs/devfs/devfs.o
                                         0xd7 (size before relaxing)
 .debug_line_str
                0x00000000000004ee        0x0 build/ipc/msgqueue.o
                                        0x121 (size before relaxing)
 .debug_line_str
                0x00000000000004ee        0x0 build/ipc/axiomd_channel.o
                                         0xf0 (size before relaxing)
 .debug_line_str
                0x00000000000004ee        0x0 build/ipc/shm.o
                                         0xfb (size before relaxing)
 .debug_line_str
                0x00000000000004ee        0x0 build/sysctl/sysctl.o
                                         0xd9 (size before relaxing)
 .debug_line_str
                0x00000000000004ee        0x0 build/sysctl/nodes.o
                                        0x113 (size before relaxing)
 .debug_line_str
                0x00000000000004ee        0x0 build/sysctl/handlers.o
                                         0xc5 (size before relaxing)
 .debug_line_str
                0x00000000000004ee        0x0 build/lib/string.o
                                         0x98 (size before relaxing)
 .debug_line_str
                0x00000000000004ee        0x0 build/lib/printf.o
                                         0xd9 (size before relaxing)
 .debug_line_str
                0x00000000000004ee        0x0 build/lib/bitmap.o
                                         0x98 (size before relaxing)
 .debug_line_str
                0x00000000000004ee        0x0 build/lib/rbtree.o
                                         0x8f (size before relaxing)
