
Merging program properties

Updated property 0xc0010001 (0x41) to merge build/arch/x86_64/boot/gdt.o (0x1) and build/arch/x86_64/process/context.o (0x41)

Discarded input sections

 .comment       0x0000000000000000       0x1e build/arch/x86_64/boot/gdt.o
 .note.GNU-stack
                0x0000000000000000        0x0 build/arch/x86_64/boot/gdt.o
 .note.gnu.property
                0x0000000000000000       0x30 build/arch/x86_64/boot/gdt.o
 .eh_frame      0x0000000000000000       0x80 build/arch/x86_64/boot/gdt.o
 .comment       0x0000000000000000       0x1e build/arch/x86_64/boot/idt.o
 .note.GNU-stack
                0x0000000000000000        0x0 build/arch/x86_64/boot/idt.o
 .note.gnu.property
                0x0000000000000000       0x30 build/arch/x86_64/boot/idt.o
 .eh_frame      0x0000000000000000      0x180 build/arch/x86_64/boot/idt.o
 .comment       0x0000000000000000       0x1e build/arch/x86_64/cpu.o
 .note.GNU-stack
                0x0000000000000000        0x0 build/arch/x86_64/cpu.o
 .note.gnu.property
                0x0000000000000000       0x30 build/arch/x86_64/cpu.o
 .eh_frame      0x0000000000000000       0xc0 build/arch/x86_64/cpu.o
 .comment       0x0000000000000000       0x1e build/arch/x86_64/io/port.o
 .note.GNU-stack
                0x0000000000000000        0x0 build/arch/x86_64/io/port.o
 .note.gnu.property
                0x0000000000000000       0x30 build/arch/x86_64/io/port.o
 .eh_frame      0x0000000000000000      0x120 build/arch/x86_64/io/port.o
 .comment       0x0000000000000000       0x1e build/arch/x86_64/io/uart.o
 .note.GNU-stack
                0x0000000000000000        0x0 build/arch/x86_64/io/uart.o
 .note.gnu.property
                0x0000000000000000       0x30 build/arch/x86_64/io/uart.o
 .eh_frame      0x0000000000000000      0x260 build/arch/x86_64/io/uart.o
 .comment       0x0000000000000000       0x1e build/arch/x86_64/mm/paging.o
 .note.GNU-stack
                0x0000000000000000        0x0 build/arch/x86_64/mm/paging.o
 .note.gnu.property
                0x0000000000000000       0x30 build/arch/x86_64/mm/paging.o
 .eh_frame      0x0000000000000000      0x2b8 build/arch/x86_64/mm/paging.o
 .comment       0x0000000000000000       0x1e build/arch/x86_64/mm/physmem.o
 .note.GNU-stack
                0x0000000000000000        0x0 build/arch/x86_64/mm/physmem.o
 .note.gnu.property
                0x0000000000000000       0x30 build/arch/x86_64/mm/physmem.o
 .eh_frame      0x0000000000000000       0x98 build/arch/x86_64/mm/physmem.o
 .comment       0x0000000000000000       0x1e build/arch/x86_64/process/syscall.o
 .note.GNU-stack
                0x0000000000000000        0x0 build/arch/x86_64/process/syscall.o
 .note.gnu.property
                0x0000000000000000       0x30 build/arch/x86_64/process/syscall.o
 .eh_frame      0x0000000000000000     0x10d0 build/arch/x86_64/process/syscall.o
 .comment       0x0000000000000000       0x1e build/drivers/pci.o
 .note.GNU-stack
                0x0000000000000000        0x0 build/drivers/pci.o
 .note.gnu.property
                0x0000000000000000       0x30 build/drivers/pci.o
 .eh_frame      0x0000000000000000      0x198 build/drivers/pci.o
 .comment       0x0000000000000000       0x1e build/net/core.o
 .note.GNU-stack
                0x0000000000000000        0x0 build/net/core.o
 .note.gnu.property
                0x0000000000000000       0x30 build/net/core.o
 .eh_frame      0x0000000000000000      0x6f8 build/net/core.o
 .comment       0x0000000000000000       0x1e build/net/e1000.o
 .note.GNU-stack
                0x0000000000000000        0x0 build/net/e1000.o
 .note.gnu.property
                0x0000000000000000       0x30 build/net/e1000.o
 .eh_frame      0x0000000000000000      0x160 build/net/e1000.o
 .comment       0x0000000000000000       0x1e build/net/virtio_net.o
 .note.GNU-stack
                0x0000000000000000        0x0 build/net/virtio_net.o
 .note.gnu.property
                0x0000000000000000       0x30 build/net/virtio_net.o
 .eh_frame      0x0000000000000000      0x290 build/net/virtio_net.o
 .comment       0x0000000000000000       0x1e build/mm/pmm.o
 .note.GNU-stack
                0x0000000000000000        0x0 build/mm/pmm.o
 .note.gnu.property
                0x0000000000000000       0x30 build/mm/pmm.o
 .eh_frame      0x0000000000000000      0x250 build/mm/pmm.o
 .comment       0x0000000000000000       0x1e build/mm/vmm.o
 .note.GNU-stack
                0x0000000000000000        0x0 build/mm/vmm.o
 .note.gnu.property
                0x0000000000000000       0x30 build/mm/vmm.o
 .eh_frame      0x0000000000000000      0x500 build/mm/vmm.o
 .comment       0x0000000000000000       0x1e build/mm/kmalloc.o
 .note.GNU-stack
                0x0000000000000000        0x0 build/mm/kmalloc.o
 .note.gnu.property
                0x0000000000000000       0x30 build/mm/kmalloc.o
 .eh_frame      0x0000000000000000      0x338 build/mm/kmalloc.o
[...]
Memory Configuration

Name             Origin             Length             Attributes
*default*        0x0000000000000000 0xffffffffffffffff

Linker script and memory map

                0xffffffff80000000                KERNEL_VMA = 0xffffffff80000000
                0x0000000000100000                KERNEL_LMA = 0x100000
                0x0000000000100000                . = KERNEL_LMA

.multiboot      0x0000000000100000       0x48
 *(.multiboot)
 .multiboot     0x0000000000100000       0x48 build/arch/x86_64/boot/boot.o

.text.boot      0x0000000000101000      0x185
 *(.text.boot)
 .text.boot     0x0000000000101000      0x185 build/arch/x86_64/boot/boot.o
                0x0000000000101000                _start
 *(.text.boot.*)

.rodata.boot    0x0000000000102000       0x8e
 *(.rodata.boot)
 .rodata.boot   0x0000000000102000       0x8e build/arch/x86_64/boot/boot.o
 *(.rodata.boot.*)

.data.boot
 *(.data.boot)
 *(.data.boot.*)

.bss.boot       0x0000000000103000     0xc008
 *(.bss.boot)
 .bss.boot      0x0000000000103000     0xc008 build/arch/x86_64/boot/boot.o
 *(.bss.boot.*)
                0xffffffff8010f008                . = (. + KERNEL_VMA)
                0xffffffff8010f008                __text_start = .

.text           0xffffffff80110000    0x23433 load address 0x0000000000110000
 *(.text)
 .text          0xffffffff80110000      0x18b build/arch/x86_64/boot/gdt.o
                0xffffffff80110000                gdt_init
                0xffffffff80110170                tss_set_rsp0
                0xffffffff80110180                tss_get_rsp0
 *fill*         0xffffffff8011018b       0x35 
 .text          0xffffffff801101c0      0xa35 build/arch/x86_64/boot/idt.o
                0xffffffff80110400                exception_handler
                0xffffffff80110670                irq_handler
                0xffffffff80110880                irq_register_handler
                0xffffffff801108c0                irq_enable
                0xffffffff80110920                irq_disable
                0xffffffff80110990                idt_init
 *fill*         0xffffffff80110bf5        0xb 
 .text          0xffffffff80110c00      0x14b build/arch/x86_64/cpu.o
                0xffffffff80110c00                cpu_detect_features
                0xffffffff80110c70                cpu_has_feature
                0xffffffff80110c90                cpu_print_info
                0xffffffff80110ca0                cpu_init
                0xffffffff80110d40                cpu_get_current
 *fill*         0xffffffff80110d4b        0x5 
 .text          0xffffffff80110d50       0xc5 build/arch/x86_64/io/port.o
                0xffffffff80110d50                outb
                0xffffffff80110d60                inb
                0xffffffff80110d70                outw
                0xffffffff80110d80                inw
                0xffffffff80110d90                outl
                0xffffffff80110da0                inl
                0xffffffff80110db0                outsb
                0xffffffff80110dc0                insb
                0xffffffff80110dd0                outsw
                0xffffffff80110de0                insw
                0xffffffff80110df0                outsl
                0xffffffff80110e00                insl
                0xffffffff80110e10                io_wait
 *fill*         0xffffffff80110e15       0x2b 
 .text          0xffffffff80110e40      0x5c7 build/arch/x86_64/io/uart.o
                0xffffffff80110e40                uart_init
                0xffffffff80110f10                uart_putc
                0xffffffff80110f80                uart_getc
                0xffffffff80110fe0                uart_getc_nonblock
                0xffffffff80111040                uart_puts
                0xffffffff80111110                uart_write
                0xffffffff801111b0                uart_read
                0xffffffff80111240                uart_puthex
                0xffffffff801112b0                uart_putdec
                0xffffffff801113b0                uart_set_port
 *fill*         0xffffffff80111407       0x19 
 .text          0xffffffff80111420      0x857 build/arch/x86_64/mm/paging.o
                0xffffffff80111690                mmu_create_page_table
                0xffffffff80111750                mmu_destroy_page_table
                0xffffffff801117a0                mmu_map
                0xffffffff80111830                mmu_unmap
                0xffffffff801118a0                mmu_map_range
                0xffffffff801119d0                mmu_unmap_range
                0xffffffff80111a80                mmu_resolve
                0xffffffff80111ad0                mmu_get_flags
                0xffffffff80111b10                mmu_set_flags
                0xffffffff80111b80                mmu_switch
                0xffffffff80111b90                mmu_get_kernel_pt
                0xffffffff80111ba0                mmu_flush_tlb_page
                0xffffffff80111bb0                mmu_flush_tlb_range
                0xffffffff80111c20                mmu_flush_tlb_all
                0xffffffff80111c30                paging_init
 *fill*         0xffffffff80111c77        0x9 
 .text          0xffffffff80111c80      0x45b build/arch/x86_64/mm/physmem.o
                0xffffffff80111c80                physmem_init
                0xffffffff801120c0                physmem_get_total
                0xffffffff801120d0                physmem_get_usable
 *fill*         0xffffffff801120db        0x5 
 .text          0xffffffff801120e0     0x5049 build/arch/x86_64/process/syscall.o
                0xffffffff801169b0                syscall_dispatch
                0xffffffff80116c40                syscall_init
 *fill*         0xffffffff80117129        0x7 
 .text          0xffffffff80117130      0x69b build/drivers/pci.o
                0xffffffff80117130                pci_config_read32
                0xffffffff80117190                pci_config_read16
                0xffffffff801171f0                pci_config_read8
                0xffffffff80117250                pci_config_write32
                0xffffffff801172b0                pci_config_write16
                0xffffffff80117350                pci_config_write8
                0xffffffff801173f0                pci_init
                0xffffffff80117790                pci_device_count
                0xffffffff801177a0                pci_get_device
 *fill*         0xffffffff801177cb       0x35 
 .text          0xffffffff80117800     0x26ca build/net/core.o
                0xffffffff801187b0                net_recv_icmp_echo_event
                0xffffffff80118810                net_recv_udp_event
                0xffffffff80118920                net_send_icmp_echo
                0xffffffff801189e0                net_send_udp
                0xffffffff80118ae0                net_tcp_connect
                0xffffffff80118c50                net_tcp_is_connected
                0xffffffff80118ca0                net_tcp_send
                0xffffffff80118d70                net_tcp_recv
                0xffffffff80118e90                net_tcp_close
                0xffffffff80118f20                net_init
                0xffffffff80119010                net_register_device
                0xffffffff80119180                net_rx_frame
                0xffffffff80119c20                net_tick
                0xffffffff80119ec0                net_is_ready
 *fill*         0xffffffff80119eca       0x16 
 .text          0xffffffff80119ee0      0x8a5 build/net/e1000.o
                0xffffffff8011a160                e1000_init
 *fill*         0xffffffff8011a785        0xb 
 .text          0xffffffff8011a790      0xd62 build/net/virtio_net.o
                0xffffffff8011ae30                virtio_net_init
 *fill*         0xffffffff8011b4f2        0xe 
 .text          0xffffffff8011b500      0x81d build/mm/pmm.o
                0xffffffff8011b500                pmm_init_bitmap
                0xffffffff8011b620                pmm_mark_region_free
                0xffffffff8011b730                pmm_mark_region_used
                0xffffffff8011b820                pmm_alloc_page_zone
                0xffffffff8011b8e0                pmm_alloc_page
                0xffffffff8011b920                pmm_alloc_pages_zone
                0xffffffff8011ba30                pmm_alloc_pages
                0xffffffff8011ba70                pmm_free_page
                0xffffffff8011bb30                pmm_free_pages
                0xffffffff8011bb90                pmm_get_total_pages
                0xffffffff8011bba0                pmm_get_usable_pages
                0xffffffff8011bbb0                pmm_get_free_pages
                0xffffffff8011bbc0                pmm_get_used_pages
                0xffffffff8011bbe0                pmm_get_zone
                0xffffffff8011bc10                pmm_dump_stats
                0xffffffff8011bce0                pmm_init
 *fill*         0xffffffff8011bd1d        0x3 
 .text          0xffffffff8011bd20     0x14a0 build/mm/vmm.o
                0xffffffff8011be30                vmm_create_address_space
                0xffffffff8011bec0                vmm_destroy_address_space
                0xffffffff8011bf70                vmm_get_kernel_address_space
                0xffffffff8011bf80                vmm_create_vma
                0xffffffff8011c000                vmm_free_vma
                0xffffffff8011c050                vmm_find_vma
                0xffffffff8011c090                vmm_find_vma_intersection
                0xffffffff8011c0d0                vmm_insert_vma
                0xffffffff8011c1b0                vmm_clone_address_space
                0xffffffff8011c3d0                vmm_remove_vma
                0xffffffff8011c410                vmm_prot_to_pte_flags
                0xffffffff8011c430                vmm_munmap
                0xffffffff8011c6c0                vmm_mmap
                0xffffffff8011cb80                vmm_mprotect
                0xffffffff8011cc30                vmm_brk
                0xffffffff8011cda0                vmm_handle_page_fault
                0xffffffff8011cf70                vmm_alloc_kernel_pages
                0xffffffff8011cfa0                vmm_free_kernel_pages
                0xffffffff8011cfc0                vmm_map_physical
                0xffffffff8011cfd0                vmm_unmap_physical
                0xffffffff8011cfe0                vmm_copy_from_user
                0xffffffff8011d070                vmm_copy_to_user
                0xffffffff8011d100                vmm_verify_user_read
                0xffffffff8011d110                vmm_verify_user_write
                0xffffffff8011d130                vmm_init
 .text          0xffffffff8011d1c0      0xebe build/mm/kmalloc.o
                0xffffffff8011d2c0                kmem_cache_alloc
                0xffffffff8011d4f0                kmem_cache_zalloc
                0xffffffff8011d540                kmem_cache_free
                0xffffffff8011d770                kmem_cache_destroy
                0xffffffff8011d8c0                kmem_cache_shrink
                0xffffffff8011d940                kmalloc
                0xffffffff8011da50                kmem_cache_create
                0xffffffff8011dc70                kzalloc
                0xffffffff8011dcc0                kcalloc
                0xffffffff8011dd20                krealloc
                0xffffffff8011de00                kfree
                0xffffffff8011de40                kmalloc_usable_size
                0xffffffff8011de50                kmalloc_dump_stats
                0xffffffff8011df10                kmalloc_init
 *fill*         0xffffffff8011e07e        0x2 
 .text          0xffffffff8011e080      0x73c build/kernel/main.o
                0xffffffff8011e080                kernel_main
 *fill*         0xffffffff8011e7bc        0x4 
 .text          0xffffffff8011e7c0      0x39b build/kernel/bootinfo.o
                0xffffffff8011e7c0                bootinfo_init
                0xffffffff8011ea50                bootinfo_cmdline
                0xffffffff8011ea60                bootinfo_module_count
                0xffffffff8011ea70                bootinfo_module_at
                0xffffffff8011eaa0                bootinfo_find_module
                0xffffffff8011eb50                bootinfo_framebuffer
 *fill*         0xffffffff8011eb5b        0x5 
 .text          0xffffffff8011eb60      0xad6 build/kernel/initramfs.o
                0xffffffff8011eed0                initramfs_unpack_tar
 *fill*         0xffffffff8011f636        0xa 
 .text          0xffffffff8011f640       0xb4 build/kernel/time.o
                0xffffffff8011f640                get_ticks
                0xffffffff8011f670                get_time_ns
                0xffffffff8011f6a0                delay_ms
 *fill*         0xffffffff8011f6f4        0xc 
 .text          0xffffffff8011f700      0x3ed build/kernel/panic.o
                0xffffffff8011f790                panic
                0xffffffff8011f950                oops
                0xffffffff8011fa60                warn_slowpath
 *fill*         0xffffffff8011faed       0x13 
 .text          0xffffffff8011fb00     0x1eb1 build/kernel/printk.o
                0xffffffff801215b0                console_fb_init
                0xffffffff801217f0                console_putc
                0xffffffff80121800                console_write
                0xffffffff80121840                console_poll
                0xffffffff80121870                printk
                0xffffffff80121910                vprintk
                0xffffffff80121920                snprintf
                0xffffffff80121970                vsnprintf
                0xffffffff80121990                printk_get_loglevel
                0xffffffff801219a0                printk_set_loglevel
 *fill*         0xffffffff801219b1        0xf 
 .text          0xffffffff801219c0      0x411 build/kernel/kthread.o
                0xffffffff801219d0                kthread_create
                0xffffffff80121bb0                kthread_run
                0xffffffff80121c30                kthread_stop
                0xffffffff80121c80                kthread_should_stop
                0xffffffff80121c90                kthread_park
                0xffffffff80121ce0                kthread_unpark
                0xffffffff80121cf0                kthread_init
                0xffffffff80121d40                kthread_destroy
 *fill*         0xffffffff80121dd1        0xf 
 .text          0xffffffff80121de0     0x1025 build/proc/process.o
                0xffffffff80121f40                cred_create
                0xffffffff80121f90                cred_clone
                0xffffffff80121fe0                cred_free
                0xffffffff80122000                fd_table_create
                0xffffffff80122080                fd_table_clone
                0xffffffff80122110                fd_table_free
                0xffffffff801221d0                fd_alloc
                0xffffffff801222b0                fd_free
                0xffffffff801222e0                fd_get
                0xffffffff80122300                process_create
                0xffffffff80122860                process_destroy
                0xffffffff80122a20                process_find
                0xffffffff80122a50                process_set_init_path
                0xffffffff80122ae0                process_init
                0xffffffff80122ca0                do_exit
                0xffffffff80122cd0                do_wait
 *fill*         0xffffffff80122e05       0x1b 
 .text          0xffffffff80122e20      0xf4a build/proc/scheduler.o
                0xffffffff80123160                current_thread_info
                0xffffffff80123170                current_process
                0xffffffff80123180                scheduler_enqueue
                0xffffffff801232b0                scheduler_dequeue
                0xffffffff80123330                schedule
                0xffffffff801235d0                scheduler_yield
                0xffffffff801235e0                scheduler_tick
                0xffffffff80123720                scheduler_exit
                0xffffffff80123770                scheduler_sleep
                0xffffffff80123820                scheduler_wake
                0xffffffff801238e0                scheduler_sleep_timeout
                0xffffffff801239d0                scheduler_set_priority
                0xffffffff801239f0                scheduler_set_nice
                0xffffffff80123a30                scheduler_get_priority
                0xffffffff80123a40                scheduler_set_policy
                0xffffffff80123a70                scheduler_get_policy
                0xffffffff80123a80                scheduler_register_policy
                0xffffffff80123b20                scheduler_get_switches
                0xffffffff80123b30                scheduler_get_runtime
                0xffffffff80123b40                timer_init
                0xffffffff80123bf0                scheduler_init
                0xffffffff80123d20                scheduler_start
 *fill*         0xffffffff80123d6a        0x6 
 .text          0xffffffff80123d70      0x40c build/proc/fork.o
                0xffffffff80123d70                do_fork
                0xffffffff80124130                sys_fork
                0xffffffff80124150                sys_vfork
                0xffffffff80124170                sys_clone
 *fill*         0xffffffff8012417c        0x4 
 .text          0xffffffff80124180     0x1d9c build/proc/exec.o
                0xffffffff80124300                do_execve
 *fill*         0xffffffff80125f1c        0x4 
 .text          0xffffffff80125f20     0x1666 build/fs/vfs.o
                0xffffffff80125f20                register_filesystem
                0xffffffff80125fe0                unregister_filesystem
                0xffffffff80126030                vfs_umount
                0xffffffff80126040                vfs_lookup
                0xffffffff80126430                vfs_mount
                0xffffffff80126660                vfs_close
                0xffffffff801266d0                vfs_read
                0xffffffff80126760                vfs_write
                0xffffffff801267f0                vfs_lseek
                0xffffffff80126870                vfs_fsync
                0xffffffff801268a0                vfs_create
                0xffffffff80126b10                vfs_open
                0xffffffff80126db0                vfs_mkdir
                0xffffffff80127020                vfs_rmdir
                0xffffffff801271c0                vfs_unlink
                0xffffffff801272f0                vfs_stat
                0xffffffff801273a0                vfs_fstat
                0xffffffff80127430                generic_file_llseek
                0xffffffff80127490                vfs_init
 *fill*         0xffffffff80127586        0xa 
 .text          0xffffffff80127590      0x7ba build/fs/inode.o
                0xffffffff80127590                inode_cache_init
                0xffffffff801275d0                inode_cache_lookup
                0xffffffff80127680                inode_cache_insert
                0xffffffff80127710                inode_cache_remove
                0xffffffff80127780                new_inode
                0xffffffff80127860                free_inode
                0xffffffff801278b0                inode_init_once
                0xffffffff80127920                inode_init_owner
                0xffffffff801279c0                igrab
                0xffffffff801279f0                ihold
                0xffffffff80127a00                iput
                0xffffffff80127b00                inode_lock
                0xffffffff80127b20                inode_unlock
                0xffffffff80127b30                inode_trylock
                0xffffffff80127b50                mark_inode_dirty
                0xffffffff80127b90                clear_inode
                0xffffffff80127ba0                iget_locked
                0xffffffff80127c00                unlock_new_inode
                0xffffffff80127c10                generic_permission
                0xffffffff80127ce0                generic_getattr
 *fill*         0xffffffff80127d4a        0x6 
 .text          0xffffffff80127d50      0x60a build/fs/dentry.o
                0xffffffff80127d50                dentry_alloc
                0xffffffff80127ef0                dentry_free
                0xffffffff80127fe0                dget
                0xffffffff80128000                dput
                0xffffffff80128020                d_instantiate
                0xffffffff80128090                d_add
                0xffffffff80128100                d_make_root
                0xffffffff801281b0                d_delete
                0xffffffff80128200                d_lookup
                0xffffffff80128280                d_path
 *fill*         0xffffffff8012835a        0x6 
 .text          0xffffffff80128360      0x4da build/fs/file.o
                0xffffffff80128360                alloc_file
                0xffffffff801283e0                free_file
                0xffffffff80128440                get_file
                0xffffffff80128460                put_file
                0xffffffff801284b0                fput
                0xffffffff80128500                fget
                0xffffffff80128550                get_unused_fd_flags
                0xffffffff801285d0                put_unused_fd
                0xffffffff80128620                fd_install
                0xffffffff80128670                close_fd
                0xffffffff80128730                generic_file_read
                0xffffffff80128740                generic_file_write
                0xffffffff80128750                generic_file_open
                0xffffffff80128760                generic_file_release
                0xffffffff80128770                simple_read_from_buffer
                0xffffffff801287e0                simple_write_to_buffer
 *fill*         0xffffffff8012883a        0x6 
 .text          0xffffffff80128840      0x32d build/fs/axiomfs/super.o
                0xffffffff80128840                axiomfs_mount
                0xffffffff80128ab0                axiomfs_kill_sb
                0xffffffff80128b20                axiomfs_init
 *fill*         0xffffffff80128b6d       0x13 
 .text          0xffffffff80128b80      0xd8f build/fs/axiomfs/inode.o
                0xffffffff80128e80                axiomfs_iget
                0xffffffff80129080                axiomfs_write_inode
                0xffffffff801290e0                axiomfs_delete_inode
                0xffffffff801291c0                axiomfs_evict_inode
                0xffffffff80129220                axiomfs_alloc_inode_num
                0xffffffff80129270                axiomfs_free_inode_num
                0xffffffff801292e0                axiomfs_create
                0xffffffff801293b0                axiomfs_mkdir
                0xffffffff801294a0                axiomfs_rmdir
                0xffffffff801295c0                axiomfs_unlink
                0xffffffff801296a0                axiomfs_link
                0xffffffff80129700                axiomfs_rename
                0xffffffff80129810                axiomfs_lookup
 *fill*         0xffffffff8012990f        0x1 
 .text          0xffffffff80129910      0x26a build/fs/axiomfs/dir.o
                0xffffffff80129910                axiomfs_readdir
 *fill*         0xffffffff80129b7a        0x6 
 .text          0xffffffff80129b80      0x52d build/fs/axiomfs/file.o
                0xffffffff80129b80                axiomfs_read
                0xffffffff80129cf0                axiomfs_write
                0xffffffff80129fa0                axiomfs_policy_check_access
                0xffffffff8012a090                axiomfs_policy_inherit_permissions
 *fill*         0xffffffff8012a0ad       0x13 
 .text          0xffffffff8012a0c0      0x986 build/fs/axiomfs/policy_ipc.o
                0xffffffff8012a260                policy_cache_create
                0xffffffff8012a2d0                policy_cache_destroy
                0xffffffff8012a360                policy_cache_lookup
                0xffffffff8012a480                policy_cache_insert
                0xffffffff8012a4a0                policy_cache_invalidate
                0xffffffff8012a560                policy_cache_flush
                0xffffffff8012a610                policy_daemon_available
                0xffffffff8012a630                policy_daemon_query
                0xffffffff8012a6c0                policy_check_access
                0xffffffff8012a810                policy_init
                0xffffffff8012a900                policy_get_allocation
                0xffffffff8012a960                policy_get_inherited_mode
 *fill*         0xffffffff8012aa46       0x1a 
 .text          0xffffffff8012aa60      0x4cd build/fs/axiomfs/cache.o
                0xffffffff8012aa60                block_cache_create
                0xffffffff8012aad0                block_cache_destroy
                0xffffffff8012ab60                block_cache_get
                0xffffffff8012ac10                block_cache_put
                0xffffffff8012adc0                block_cache_invalidate
                0xffffffff8012ae80                block_cache_sync
                0xffffffff8012aec0                axiomfs_read_block
                0xffffffff8012aed0                axiomfs_write_block
                0xffffffff8012aee0                axiomfs_alloc_block
                0xffffffff8012af20                axiomfs_free_block
 *fill*         0xffffffff8012af2d       0x13 
 .text          0xffffffff8012af40     0x2ffb build/fs/devfs/devfs.o
                0xffffffff8012d390                devfs_register
                0xffffffff8012d480                devfs_unregister
                0xffffffff8012d540                devfs_init
                0xffffffff8012dce0                devfs_console_getc_nonblock
                0xffffffff8012de90                devfs_console_getc
                0xffffffff8012ded0                devfs_console_flush_input
                0xffffffff8012df10                devfs_input_kbd_drop_count
                0xffffffff8012df20                devfs_input_mouse_drop_count
                0xffffffff8012df30                devfs_input_mice_drop_count
 *fill*         0xffffffff8012df3b        0x5 
 .text          0xffffffff8012df40      0x58c build/ipc/msgqueue.o
                0xffffffff8012df40                msgqueue_create
                0xffffffff8012e0f0                msgqueue_get
                0xffffffff8012e130                msgqueue_destroy
                0xffffffff8012e1f0                msgqueue_send
                0xffffffff8012e330                msgqueue_recv
                0xffffffff8012e450                msgqueue_init
                0xffffffff8012e4c0                ipc_init
 *fill*         0xffffffff8012e4cc       0x14 
 .text          0xffffffff8012e4e0      0x530 build/ipc/axiomd_channel.o
                0xffffffff8012e5a0                axiomd_channel_init
                0xffffffff8012e690                axiomd_connect
                0xffffffff8012e6d0                axiomd_disconnect
                0xffffffff8012e740                axiomd_is_connected
                0xffffffff8012e760                axiomd_send_query
                0xffffffff8012e7b0                axiomd_recv_response
                0xffffffff8012e7e0                axiomd_query_sync
                0xffffffff8012e890                axiomd_daemon_register
                0xffffffff8012e8f0                axiomd_daemon_unregister
                0xffffffff8012e930                axiomd_ping
 *fill*         0xffffffff8012ea10       0x10 
 .text          0xffffffff8012ea20      0x641 build/ipc/shm.o
                0xffffffff8012ea20                shmget
                0xffffffff8012ecd0                shmat
                0xffffffff8012eeb0                shmdt
                0xffffffff8012efc0                shmctl
 *fill*         0xffffffff8012f061       0x1f 
 .text          0xffffffff8012f080      0xec1 build/sysctl/sysctl.o
                0xffffffff8012f340                sysctl_register_node
                0xffffffff8012f580                sysctl_lookup
                0xffffffff8012f680                sysctl_register_int
                0xffffffff8012f6e0                sysctl_register_uint
                0xffffffff8012f740                sysctl_register_long
                0xffffffff8012f7a0                sysctl_register_ulong
                0xffffffff8012f800                sysctl_register_string
                0xffffffff8012f860                sysctl_register_bool
                0xffffffff8012f8c0                sysctl_register_handler
                0xffffffff8012f920                sysctl_read
                0xffffffff8012f9c0                sysctl_write
                0xffffffff8012fa70                sysctl_read_string
                0xffffffff8012fd00                sysctl_dump_tree
                0xffffffff8012fd50                sysctl_init
 *fill*         0xffffffff8012ff41        0xf 
 .text          0xffffffff8012ff50      0x814 build/sysctl/nodes.o
                0xffffffff80130390                sysctl_register_system_nodes
                0xffffffff80130630                sysctl_init_cpu_info
 *fill*         0xffffffff80130764        0xc 
 .text          0xffffffff80130770      0x2bc build/sysctl/handlers.o
                0xffffffff80130770                sysctl_handle_int
                0xffffffff801307c0                sysctl_handle_uint
                0xffffffff80130810                sysctl_handle_long
                0xffffffff80130860                sysctl_handle_ulong
                0xffffffff801308b0                sysctl_handle_string
                0xffffffff80130960                sysctl_handle_bool
                0xffffffff801309c0                sysctl_handle_int_minmax
 *fill*         0xffffffff80130a2c       0x14 
 .text          0xffffffff80130a40      0xa49 build/lib/string.o
                0xffffffff80130a40                strlen
                0xffffffff80130a70                strnlen
                0xffffffff80130aa0                strcpy
                0xffffffff80130ad0                strncpy
                0xffffffff80130b30                strcat
                0xffffffff80130b70                strncat
                0xffffffff80130bc0                strcmp
                0xffffffff80130c00                strncmp
                0xffffffff80130c50                strcasecmp
                0xffffffff80130cb0                strchr
                0xffffffff80130cf0                strrchr
                0xffffffff80130d20                strstr
                0xffffffff80130da0                strtok_r
                0xffffffff80130ea0                strtok
                0xffffffff80130ec0                memcpy
                0xffffffff80130f70                strdup
                0xffffffff80130ff0                strndup
                0xffffffff80131060                memmove
                0xffffffff801310b0                memset
                0xffffffff80131170                memcmp
                0xffffffff801311b0                memchr
                0xffffffff801311e0                bzero
                0xffffffff80131280                atoi
                0xffffffff80131300                atol
                0xffffffff80131380                strtoul
 *fill*         0xffffffff80131489       0x37 
 .text          0xffffffff801314c0     0x1003 build/lib/printf.o
                0xffffffff80132250                sprintf
                0xffffffff801322f0                vsprintf
                0xffffffff80132350                snprintf_full
                0xffffffff80132430                vsnprintf_full
 *fill*         0xffffffff801324c3       0x1d 
 .text          0xffffffff801324e0      0x49b build/lib/bitmap.o
                0xffffffff801324e0                set_bit
                0xffffffff80132500                clear_bit
                0xffffffff80132520                test_bit
                0xffffffff80132540                test_and_set_bit
                0xffffffff80132570                test_and_clear_bit
                0xffffffff801325a0                change_bit
                0xffffffff801325c0                ffs
                0xffffffff801325e0                fls
                0xffffffff801325f0                ffz
                0xffffffff80132610                find_first_bit
                0xffffffff80132660                find_first_zero_bit
                0xffffffff801326c0                find_next_bit
                0xffffffff80132760                find_next_zero_bit
                0xffffffff80132800                bitmap_set
                0xffffffff80132880                bitmap_clear
                0xffffffff80132900                bitmap_weight
                0xffffffff80132940                bitmap_zero
                0xffffffff80132960                bitmap_fill
 *fill*         0xffffffff8013297b        0x5 
 .text          0xffffffff80132980      0x6c1 build/lib/rbtree.o
                0xffffffff80132aa0                rb_link_node
                0xffffffff80132ac0                rb_insert_color
                0xffffffff80132c00                rb_erase
                0xffffffff80132f30                rb_first
                0xffffffff80132f60                rb_last
                0xffffffff80132f90                rb_next
                0xffffffff80132ff0                rb_prev
 .text          0xffffffff80133041        0x0 build/arch/x86_64/boot/boot.o
 .text          0xffffffff80133041      0x307 build/arch/x86_64/boot/interrupt.o
                0xffffffff80133041                isr_stub_0
                0xffffffff8013304a                isr_stub_1
                0xffffffff80133053                isr_stub_2
                0xffffffff8013305c                isr_stub_3
                0xffffffff80133065                isr_stub_4
                0xffffffff8013306e                isr_stub_5
                0xffffffff80133077                isr_stub_6
                0xffffffff80133080                isr_stub_7
                0xffffffff80133089                isr_stub_8
                0xffffffff80133090                isr_stub_9
                0xffffffff80133099                isr_stub_10
                0xffffffff801330a0                isr_stub_11
                0xffffffff801330a7                isr_stub_12
                0xffffffff801330ae                isr_stub_13
                0xffffffff801330b5                isr_stub_14
                0xffffffff801330bc                isr_stub_15
                0xffffffff801330c5                isr_stub_16
                0xffffffff801330ce                isr_stub_17
                0xffffffff801330d5                isr_stub_18
                0xffffffff801330de                isr_stub_19
                0xffffffff801330e7                isr_stub_20
                0xffffffff801330f0                isr_stub_21
                0xffffffff801330f7                isr_stub_22
                0xffffffff80133100                isr_stub_23
                0xffffffff80133109                isr_stub_24
                0xffffffff80133112                isr_stub_25
                0xffffffff8013311b                isr_stub_26
                0xffffffff80133124                isr_stub_27
                0xffffffff8013312d                isr_stub_28
                0xffffffff80133136                isr_stub_29
                0xffffffff8013313f                isr_stub_30
                0xffffffff80133146                isr_stub_31
                0xffffffff8013314c                irq_stub_0
                0xffffffff80133155                irq_stub_1
                0xffffffff8013315e                irq_stub_2
                0xffffffff80133167                irq_stub_3
                0xffffffff80133170                irq_stub_4
                0xffffffff80133179                irq_stub_5
                0xffffffff80133182                irq_stub_6
                0xffffffff8013318b                irq_stub_7
                0xffffffff80133194                irq_stub_8
                0xffffffff8013319d                irq_stub_9
                0xffffffff801331a6                irq_stub_10
                0xffffffff801331ac                irq_stub_11
                0xffffffff801331b2                irq_stub_12
                0xffffffff801331b8                irq_stub_13
                0xffffffff801331be                irq_stub_14
                0xffffffff801331c4                irq_stub_15
                0xffffffff80133278                syscall_stub
                0xffffffff801332d7                syscall_entry
 .text          0xffffffff80133348       0xeb build/arch/x86_64/process/context.o
                0xffffffff80133348                context_switch
                0xffffffff801333a6                context_switch_initial
                0xffffffff801333c7                fork_return
                0xffffffff801333ed                user_mode_enter
 *(.text.*)
                0xffffffff80133433                __text_end = .
                0xffffffff80133433                __rodata_start = .

.iplt           0xffffffff80133433        0x0 load address 0x0000000000133433
 .iplt          0xffffffff80133433        0x0 build/arch/x86_64/boot/gdt.o

.rodata         0xffffffff80134000     0x5d7e load address 0x0000000000134000
 *(.rodata)
 .rodata        0xffffffff80134000      0x280 build/arch/x86_64/boot/idt.o
 .rodata        0xffffffff80134280       0x11 build/arch/x86_64/io/uart.o
 *fill*         0xffffffff80134291        0x7 
 .rodata        0xffffffff80134298       0x30 build/arch/x86_64/mm/physmem.o
 *fill*         0xffffffff801342c8       0x18 
 .rodata        0xffffffff801342e0       0x88 build/arch/x86_64/process/syscall.o
 .rodata        0xffffffff80134368       0x26 build/net/core.o
 *fill*         0xffffffff8013438e        0x2 
 .rodata        0xffffffff80134390       0x10 build/net/e1000.o
 .rodata        0xffffffff801343a0       0x20 build/net/virtio_net.o
 .rodata        0xffffffff801343c0       0x58 build/mm/kmalloc.o
 *fill*         0xffffffff80134418        0x8 
 .rodata        0xffffffff80134420     0x11c0 build/kernel/printk.o
 .rodata        0xffffffff801355e0       0x30 build/proc/process.o
 .rodata        0xffffffff80135610       0x20 build/proc/exec.o
 *fill*         0xffffffff80135630       0x10 
 .rodata        0xffffffff80135640      0x210 build/fs/axiomfs/super.o
                0xffffffff80135640                axiomfs_file_ops
                0xffffffff801356a0                axiomfs_dir_ops
                0xffffffff80135700                axiomfs_file_inode_ops
                0xffffffff80135780                axiomfs_dir_inode_ops
 *fill*         0xffffffff80135850       0x10 
 .rodata        0xffffffff80135860     0x1028 build/fs/devfs/devfs.o
 .rodata        0xffffffff80136888       0x70 build/sysctl/sysctl.o
 *fill*         0xffffffff801368f8        0x8 
 .rodata        0xffffffff80136900      0x1c1 build/lib/printf.o
 *(.rodata.*)
 .rodata.str1.1
                0xffffffff80136ac1      0xd62 build/arch/x86_64/boot/gdt.o
                                         0x18 (size before relaxing)
 *fill*         0xffffffff80137823        0x5 
 .rodata.str1.8
                0xffffffff80137828     0x254b build/arch/x86_64/boot/gdt.o
                                         0x2b (size before relaxing)
 .rodata.str1.8
                0xffffffff80139d73        0x0 build/arch/x86_64/boot/idt.o
                                        0x2d8 (size before relaxing)
 .rodata.str1.1
                0xffffffff80139d73        0x0 build/arch/x86_64/boot/idt.o
                                        0x29c (size before relaxing)
 *fill*         0xffffffff80139d73        0x1 
 .rodata.cst2   0xffffffff80139d74        0xa build/arch/x86_64/boot/idt.o
                                          0x2 (size before relaxing)
 .rodata.str1.8
                0xffffffff80139d7e        0x0 build/arch/x86_64/cpu.o
                                         0x25 (size before relaxing)
 .rodata.str1.1
                0xffffffff80139d7e        0x0 build/arch/x86_64/io/uart.o
                                          0x3 (size before relaxing)
 .rodata.str1.8
                0xffffffff80139d7e        0x0 build/arch/x86_64/mm/paging.o
                                         0x2d (size before relaxing)
 .rodata.str1.1
                0xffffffff80139d7e        0x0 build/arch/x86_64/mm/physmem.o
                                         0x4d (size before relaxing)
 .rodata.str1.8
                0xffffffff80139d7e        0x0 build/arch/x86_64/mm/physmem.o
                                        0x14f (size before relaxing)
 .rodata.str1.1
                0xffffffff80139d7e        0x0 build/arch/x86_64/process/syscall.o
                                        0x172 (size before relaxing)
 .rodata.str1.8
                0xffffffff80139d7e        0x0 build/arch/x86_64/process/syscall.o
                                        0x25b (size before relaxing)
 .rodata.cst2   0xffffffff80139d7e        0x0 build/arch/x86_64/process/syscall.o
                                          0x2 (size before relaxing)
 .rodata.str1.8
                0xffffffff80139d7e        0x0 build/drivers/pci.o
                                         0x9d (size before relaxing)
 .rodata.str1.1
                0xffffffff80139d7e        0x0 build/net/core.o
                                         0x1a (size before relaxing)
 .rodata.str1.8
                0xffffffff80139d7e        0x0 build/net/core.o
                                        0x111 (size before relaxing)
 .rodata.cst2   0xffffffff80139d7e        0x0 build/net/core.o
                                          0x2 (size before relaxing)
 .rodata.str1.8
                0xffffffff80139d7e        0x0 build/net/e1000.o
                                        0x1cf (size before relaxing)
 .rodata.str1.1
                0xffffffff80139d7e        0x0 build/net/e1000.o
                                          0xe (size before relaxing)
 .rodata.cst2   0xffffffff80139d7e        0x0 build/net/e1000.o
                                          0x2 (size before relaxing)
 .rodata.str1.8
                0xffffffff80139d7e        0x0 build/net/virtio_net.o
                                        0x4a2 (size before relaxing)
 .rodata.str1.1
                0xffffffff80139d7e        0x0 build/net/virtio_net.o
                                          0x8 (size before relaxing)
 .rodata.str1.8
                0xffffffff80139d7e        0x0 build/mm/pmm.o
                                        0x164 (size before relaxing)
 .rodata.str1.1
                0xffffffff80139d7e        0x0 build/mm/pmm.o
                                         0x10 (size before relaxing)
 .rodata.str1.8
                0xffffffff80139d7e        0x0 build/mm/vmm.o
                                         0x8b (size before relaxing)
 .rodata.str1.1
                0xffffffff80139d7e        0x0 build/mm/vmm.o
                                         0x14 (size before relaxing)
 .rodata.str1.8
                0xffffffff80139d7e        0x0 build/mm/kmalloc.o
                                        0x134 (size before relaxing)
 .rodata.str1.1
                0xffffffff80139d7e        0x0 build/mm/kmalloc.o
                                         0xa9 (size before relaxing)
 .rodata.str1.8
                0xffffffff80139d7e        0x0 build/kernel/main.o
                                        0x489 (size before relaxing)
 .rodata.str1.1
                0xffffffff80139d7e        0x0 build/kernel/main.o
                                        0x253 (size before relaxing)
 .rodata.str1.1
                0xffffffff80139d7e        0x0 build/kernel/bootinfo.o
                                         0x22 (size before relaxing)
 .rodata.str1.8
                0xffffffff80139d7e        0x0 build/kernel/bootinfo.o
                                         0xee (size before relaxing)
 .rodata.str1.1
                0xffffffff80139d7e        0x0 build/kernel/initramfs.o
                                         0x18 (size before relaxing)
 .rodata.str1.8
                0xffffffff80139d7e        0x0 build/kernel/initramfs.o
                                        0x120 (size before relaxing)
 .rodata.str1.1
                0xffffffff80139d7e        0x0 build/kernel/panic.o
                                         0xa9 (size before relaxing)
 .rodata.str1.8
                0xffffffff80139d7e        0x0 build/kernel/panic.o
                                        0x1be (size before relaxing)
 .rodata.str1.1
                0xffffffff80139d7e        0x0 build/kernel/printk.o
                                          0x7 (size before relaxing)
 .rodata.str1.8
                0xffffffff80139d7e        0x0 build/kernel/kthread.o
                                         0x50 (size before relaxing)
 .rodata.str1.1
                0xffffffff80139d7e        0x0 build/kernel/kthread.o
                                          0xb (size before relaxing)
 .rodata.cst2   0xffffffff80139d7e        0x0 build/kernel/kthread.o
                                          0x2 (size before relaxing)
 .rodata.str1.1
                0xffffffff80139d7e        0x0 build/proc/process.o
                                         0xbc (size before relaxing)
 .rodata.str1.8
                0xffffffff80139d7e        0x0 build/proc/process.o
                                        0x153 (size before relaxing)
 .rodata.str1.8
                0xffffffff80139d7e        0x0 build/proc/scheduler.o
                                        0x16a (size before relaxing)
 .rodata.str1.1
                0xffffffff80139d7e        0x0 build/proc/scheduler.o
                                         0x72 (size before relaxing)
 .rodata.str1.8
                0xffffffff80139d7e        0x0 build/proc/exec.o
                                        0x236 (size before relaxing)
 .rodata.str1.1
                0xffffffff80139d7e        0x0 build/proc/exec.o
                                         0x73 (size before relaxing)
 .rodata.str1.8
                0xffffffff80139d7e        0x0 build/fs/vfs.o
                                         0xc1 (size before relaxing)
 .rodata.str1.1
                0xffffffff80139d7e        0x0 build/fs/vfs.o
                                         0x72 (size before relaxing)
 .rodata.str1.1
                0xffffffff80139d7e        0x0 build/fs/dentry.o
                                          0x2 (size before relaxing)
 .rodata.str1.1
                0xffffffff80139d7e        0x0 build/fs/axiomfs/super.o
                                         0x75 (size before relaxing)
 .rodata.str1.8
                0xffffffff80139d7e        0x0 build/fs/axiomfs/super.o
                                         0x5e (size before relaxing)
 .rodata.str1.1
                0xffffffff80139d7e        0x0 build/fs/axiomfs/dir.o
                                          0x5 (size before relaxing)
 .rodata.str1.1
                0xffffffff80139d7e        0x0 build/fs/axiomfs/file.o
                                          0x1 (size before relaxing)
 .rodata.str1.1
                0xffffffff80139d7e        0x0 build/fs/axiomfs/policy_ipc.o
                                         0x15 (size before relaxing)
 .rodata.str1.8
                0xffffffff80139d7e        0x0 build/fs/axiomfs/policy_ipc.o
                                         0x96 (size before relaxing)
 .rodata.str1.1
                0xffffffff80139d7e        0x0 build/fs/devfs/devfs.o
                                        0x103 (size before relaxing)
 .rodata.str1.8
                0xffffffff80139d7e        0x0 build/fs/devfs/devfs.o
                                        0x171 (size before relaxing)
 .rodata.str1.8
                0xffffffff80139d7e        0x0 build/ipc/msgqueue.o
                                         0x47 (size before relaxing)
 .rodata.str1.1
                0xffffffff80139d7e        0x0 build/ipc/msgqueue.o
                                          0xc (size before relaxing)
 .rodata.str1.8
                0xffffffff80139d7e        0x0 build/ipc/axiomd_channel.o
                                         0xd0 (size before relaxing)
 .rodata.str1.1
                0xffffffff80139d7e        0x0 build/sysctl/sysctl.o
                                         0xee (size before relaxing)
 .rodata.str1.1
                0xffffffff80139d7e        0x0 build/sysctl/nodes.o
                                        0x132 (size before relaxing)
 .rodata.str1.8
                0xffffffff80139d7e        0x0 build/sysctl/nodes.o
                                        0x103 (size before relaxing)
 .rodata.str1.1
                0xffffffff80139d7e        0x0 build/lib/printf.o
                                          0xd (size before relaxing)
                0xffffffff80139d7e                __rodata_end = .
                0xffffffff80139d7e                __data_start = .

.rela.dyn       0xffffffff80139d80        0x0 load address 0x0000000000139d80
 .rela.got      0xffffffff80139d80        0x0 build/arch/x86_64/boot/gdt.o
 .rela.iplt     0xffffffff80139d80        0x0 build/arch/x86_64/boot/gdt.o
 .rela.text     0xffffffff80139d80        0x0 build/arch/x86_64/boot/gdt.o
 .rela.text.boot
                0xffffffff80139d80        0x0 build/arch/x86_64/boot/gdt.o

.data           0xffffffff8013a000      0x624 load address 0x000000000013a000
 *(.data)
 .data          0xffffffff8013a000        0x0 build/arch/x86_64/boot/gdt.o
 .data          0xffffffff8013a000        0x0 build/arch/x86_64/boot/idt.o
 .data          0xffffffff8013a000       0x90 build/arch/x86_64/cpu.o
 .data          0xffffffff8013a090        0x0 build/arch/x86_64/io/port.o
 .data          0xffffffff8013a090        0x2 build/arch/x86_64/io/uart.o
 .data          0xffffffff8013a092        0x0 build/arch/x86_64/mm/paging.o
 .data          0xffffffff8013a092        0x0 build/arch/x86_64/mm/physmem.o
 *fill*         0xffffffff8013a092        0x2 
 .data          0xffffffff8013a094        0x4 build/arch/x86_64/process/syscall.o
 .data          0xffffffff8013a098        0x0 build/drivers/pci.o
 .data          0xffffffff8013a098        0x0 build/net/core.o
 .data          0xffffffff8013a098        0x0 build/net/e1000.o
 .data          0xffffffff8013a098        0x0 build/net/virtio_net.o
 *fill*         0xffffffff8013a098        0x8 
 .data          0xffffffff8013a0a0       0xc0 build/mm/pmm.o
 .data          0xffffffff8013a160        0x0 build/mm/vmm.o
 .data          0xffffffff8013a160       0x10 build/mm/kmalloc.o
 .data          0xffffffff8013a170        0x0 build/kernel/main.o
 .data          0xffffffff8013a170        0x0 build/kernel/bootinfo.o
 .data          0xffffffff8013a170        0x0 build/kernel/initramfs.o
 .data          0xffffffff8013a170        0x0 build/kernel/time.o
 .data          0xffffffff8013a170        0x0 build/kernel/panic.o
 .data          0xffffffff8013a170        0x4 build/kernel/printk.o
 *fill*         0xffffffff8013a174        0xc 
 .data          0xffffffff8013a180       0x20 build/kernel/kthread.o
 .data          0xffffffff8013a1a0       0x94 build/proc/process.o
                0xffffffff8013a220                all_processes
                0xffffffff8013a230                next_pid
 *fill*         0xffffffff8013a234        0xc 
 .data          0xffffffff8013a240       0x60 build/proc/scheduler.o
 .data          0xffffffff8013a2a0        0x0 build/proc/fork.o
 .data          0xffffffff8013a2a0        0x0 build/proc/exec.o
 .data          0xffffffff8013a2a0       0x10 build/fs/vfs.o
 .data          0xffffffff8013a2b0        0x0 build/fs/inode.o
 .data          0xffffffff8013a2b0        0x0 build/fs/dentry.o
 .data          0xffffffff8013a2b0        0x0 build/fs/file.o
 *fill*         0xffffffff8013a2b0       0x10 
 .data          0xffffffff8013a2c0       0x30 build/fs/axiomfs/super.o
 .data          0xffffffff8013a2f0        0x0 build/fs/axiomfs/inode.o
 .data          0xffffffff8013a2f0        0x0 build/fs/axiomfs/dir.o
 .data          0xffffffff8013a2f0        0x0 build/fs/axiomfs/file.o
 .data          0xffffffff8013a2f0        0x4 build/fs/axiomfs/policy_ipc.o
 *fill*         0xffffffff8013a2f4        0x4 
 .data          0xffffffff8013a2f8        0x8 build/fs/axiomfs/cache.o
 .data          0xffffffff8013a300       0x40 build/fs/devfs/devfs.o
 .data          0xffffffff8013a340        0x4 build/ipc/msgqueue.o
 .data          0xffffffff8013a344        0x8 build/ipc/axiomd_channel.o
 .data          0xffffffff8013a34c        0x4 build/ipc/shm.o
 *fill*         0xffffffff8013a350       0x10 
 .data          0xffffffff8013a360       0xa0 build/sysctl/sysctl.o
 .data          0xffffffff8013a400      0x224 build/sysctl/nodes.o
 .data          0xffffffff8013a624        0x0 build/sysctl/handlers.o
 .data          0xffffffff8013a624        0x0 build/lib/string.o
 .data          0xffffffff8013a624        0x0 build/lib/printf.o
 .data          0xffffffff8013a624        0x0 build/lib/bitmap.o
 .data          0xffffffff8013a624        0x0 build/lib/rbtree.o
 .data          0xffffffff8013a624        0x0 build/arch/x86_64/boot/boot.o
 .data          0xffffffff8013a624        0x0 build/arch/x86_64/boot/interrupt.o
 .data          0xffffffff8013a624        0x0 build/arch/x86_64/process/context.o
 *(.data.*)
                0xffffffff8013a624                __data_end = .
                0xffffffff8013a624                __bss_start = .

.got            0xffffffff8013a628        0x0 load address 0x000000000013a628
 .got           0xffffffff8013a628        0x0 build/arch/x86_64/boot/gdt.o

.got.plt        0xffffffff8013a628        0x0 load address 0x000000000013a628
 .got.plt       0xffffffff8013a628        0x0 build/arch/x86_64/boot/gdt.o

.igot.plt       0xffffffff8013a628        0x0 load address 0x000000000013a628
 .igot.plt      0xffffffff8013a628        0x0 build/arch/x86_64/boot/gdt.o

.bss            0xffffffff8013b000    0x2fe98 load address 0x000000000013b000
 *(COMMON)
 *(.bss)
 .bss           0xffffffff8013b000     0x40b8 build/arch/x86_64/boot/gdt.o
 *fill*         0xffffffff8013f0b8        0x8 
 .bss           0xffffffff8013f0c0     0x1130 build/arch/x86_64/boot/idt.o
 .bss           0xffffffff801401f0        0x0 build/arch/x86_64/cpu.o
 .bss           0xffffffff801401f0        0x0 build/arch/x86_64/io/port.o
 .bss           0xffffffff801401f0        0x1 build/arch/x86_64/io/uart.o
 *fill*         0xffffffff801401f1        0xf 
 .bss           0xffffffff80140200       0x18 build/arch/x86_64/mm/paging.o
 .bss           0xffffffff80140218       0x20 build/arch/x86_64/mm/physmem.o
 *fill*         0xffffffff80140238        0x8 
 .bss           0xffffffff80140240     0x2280 build/arch/x86_64/process/syscall.o
 .bss           0xffffffff801424c0     0x1420 build/drivers/pci.o
 .bss           0xffffffff801438e0    0x10cb8 build/net/core.o
 *fill*         0xffffffff80154598        0x8 
 .bss           0xffffffff801545a0      0x480 build/net/e1000.o
 .bss           0xffffffff80154a20      0x100 build/net/virtio_net.o
 .bss           0xffffffff80154b20       0x18 build/mm/pmm.o
 *fill*         0xffffffff80154b38        0x8 
 .bss           0xffffffff80154b40       0xa8 build/mm/vmm.o
 *fill*         0xffffffff80154be8       0x18 
 .bss           0xffffffff80154c00       0x98 build/mm/kmalloc.o
 *fill*         0xffffffff80154c98        0x8 
 .bss           0xffffffff80154ca0      0x138 build/kernel/main.o
 *fill*         0xffffffff80154dd8        0x8 
 .bss           0xffffffff80154de0      0x620 build/kernel/bootinfo.o
 .bss           0xffffffff80155400        0x0 build/kernel/initramfs.o
 .bss           0xffffffff80155400        0x0 build/kernel/time.o
 .bss           0xffffffff80155400        0x1 build/kernel/panic.o
 *fill*         0xffffffff80155401       0x1f 
 .bss           0xffffffff80155420       0xb8 build/kernel/printk.o
 .bss           0xffffffff801554d8        0x8 build/kernel/kthread.o
 .bss           0xffffffff801554e0       0x18 build/proc/process.o
                0xffffffff801554e0                idle_process
                0xffffffff801554e8                init_process
 *fill*         0xffffffff801554f8        0x8 
 .bss           0xffffffff80155500      0x96c build/proc/scheduler.o
                0xffffffff80155500                current_policy
                0xffffffff80155520                runqueue
 .bss           0xffffffff80155e6c        0x0 build/proc/fork.o
 .bss           0xffffffff80155e6c        0x0 build/proc/exec.o
 *fill*         0xffffffff80155e6c       0x14 
 .bss           0xffffffff80155e80      0x840 build/fs/vfs.o
                0xffffffff80155e80                file_cache
                0xffffffff80155e88                dentry_cache
                0xffffffff80155e90                inode_cache
 .bss           0xffffffff801566c0    0x10020 build/fs/inode.o
 .bss           0xffffffff801666e0        0x0 build/fs/dentry.o
 .bss           0xffffffff801666e0        0x0 build/fs/file.o
 .bss           0xffffffff801666e0        0x0 build/fs/axiomfs/super.o
 .bss           0xffffffff801666e0        0x0 build/fs/axiomfs/inode.o
 .bss           0xffffffff801666e0        0x0 build/fs/axiomfs/dir.o
 .bss           0xffffffff801666e0        0x0 build/fs/axiomfs/file.o
 .bss           0xffffffff801666e0       0x10 build/fs/axiomfs/policy_ipc.o
 .bss           0xffffffff801666f0        0x0 build/fs/axiomfs/cache.o
 *fill*         0xffffffff801666f0       0x10 
 .bss           0xffffffff80166700     0x35d0 build/fs/devfs/devfs.o
 *fill*         0xffffffff80169cd0       0x10 
 .bss           0xffffffff80169ce0      0x800 build/ipc/msgqueue.o
 .bss           0xffffffff8016a4e0       0x68 build/ipc/axiomd_channel.o
 *fill*         0xffffffff8016a548       0x18 
 .bss           0xffffffff8016a560      0x800 build/ipc/shm.o
 .bss           0xffffffff8016ad60       0x18 build/sysctl/sysctl.o
                0xffffffff8016ad60                sysctl_root
 *fill*         0xffffffff8016ad78        0x8 
 .bss           0xffffffff8016ad80      0x10c build/sysctl/nodes.o
 .bss           0xffffffff8016ae8c        0x0 build/sysctl/handlers.o
 *fill*         0xffffffff8016ae8c        0x4 
 .bss           0xffffffff8016ae90        0x8 build/lib/string.o
 .bss           0xffffffff8016ae98        0x0 build/lib/printf.o
 .bss           0xffffffff8016ae98        0x0 build/lib/bitmap.o
 .bss           0xffffffff8016ae98        0x0 build/lib/rbtree.o
 .bss           0xffffffff8016ae98        0x0 build/arch/x86_64/boot/boot.o
 .bss           0xffffffff8016ae98        0x0 build/arch/x86_64/boot/interrupt.o
 .bss           0xffffffff8016ae98        0x0 build/arch/x86_64/process/context.o
 *(.bss.*)
                0xffffffff8016ae98                __bss_end = .

.lbss           0xffffffff8016aea0    0xe0000 load address 0x000000000016aea0
 .lbss          0xffffffff8016aea0    0x20000 build/mm/pmm.o
 .lbss          0xffffffff8018aea0    0x40000 build/proc/process.o
                0xffffffff8018aea0                pid_table
 .lbss          0xffffffff801caea0    0x80000 build/fs/axiomfs/inode.o
                0xffffffff8024b000                . = ALIGN (0x1000)
                0xffffffff8024b000                __kernel_end = .
                0xffffffff80100000                __kernel_start = (KERNEL_VMA + KERNEL_LMA)
                0x000000000024b000                __kernel_phys_end = (__kernel_end - KERNEL_VMA)

/DISCARD/
 *(.comment)
 *(.note)
 *(.note.*)
 *(.eh_frame)
 *(.eh_frame_hdr)
LOAD build/arch/x86_64/boot/gdt.o
LOAD build/arch/x86_64/boot/idt.o
LOAD build/arch/x86_64/cpu.o
LOAD build/arch/x86_64/io/port.o
LOAD build/arch/x86_64/io/uart.o
LOAD build/arch/x86_64/mm/paging.o
LOAD build/arch/x86_64/mm/physmem.o
LOAD build/arch/x86_64/process/syscall.o
LOAD build/drivers/pci.o
LOAD build/net/core.o
LOAD build/net/e1000.o
LOAD build/net/virtio_net.o
LOAD build/mm/pmm.o
LOAD build/mm/vmm.o
LOAD build/mm/kmalloc.o
LOAD build/kernel/main.o
LOAD build/kernel/bootinfo.o
LOAD build/kernel/initramfs.o
LOAD build/kernel/time.o
LOAD build/kernel/panic.o
LOAD build/kernel/printk.o
LOAD build/kernel/kthread.o
LOAD build/proc/process.o
LOAD build/proc/scheduler.o
LOAD build/proc/fork.o
LOAD build/proc/exec.o
LOAD build/fs/vfs.o
LOAD build/fs/inode.o
LOAD build/fs/dentry.o
LOAD build/fs/file.o
LOAD build/fs/axiomfs/super.o
LOAD build/fs/axiomfs/inode.o
LOAD build/fs/axiomfs/dir.o
LOAD build/fs/axiomfs/file.o
LOAD build/fs/axiomfs/policy_ipc.o
LOAD build/fs/axiomfs/cache.o
LOAD build/fs/devfs/devfs.o
LOAD build/ipc/msgqueue.o
LOAD build/ipc/axiomd_channel.o
LOAD build/ipc/shm.o
LOAD build/sysctl/sysctl.o
LOAD build/sysctl/nodes.o
LOAD build/sysctl/handlers.o
LOAD build/lib/string.o
LOAD build/lib/printf.o
LOAD build/lib/bitmap.o
LOAD build/lib/rbtree.o
LOAD build/arch/x86_64/boot/boot.o
LOAD build/arch/x86_64/boot/interrupt.o
LOAD build/arch/x86_64/process/context.o
OUTPUT(build/kernel.elf elf64-x86-64)

.debug_info     0x0000000000000000    0x52c4e
 .debug_info    0x0000000000000000      0x731 build/arch/x86_64/boot/gdt.o
 .debug_info    0x0000000000000731     0x1d6e build/arch/x86_64/boot/idt.o
 .debug_info    0x000000000000249f      0x801 build/arch/x86_64/cpu.o
 .debug_info    0x0000000000002ca0      0x47e build/arch/x86_64/io/port.o
 .debug_info    0x000000000000311e      0x98d build/arch/x86_64/io/uart.o
 .debug_info    0x0000000000003aab     0x1469 build/arch/x86_64/mm/paging.o
 .debug_info    0x0000000000004f14      0x723 build/arch/x86_64/mm/physmem.o
 .debug_info    0x0000000000005637     0x8577 build/arch/x86_64/process/syscall.o
 .debug_info    0x000000000000dbae     0x1bab build/drivers/pci.o
 .debug_info    0x000000000000f759     0x4160 build/net/core.o
 .debug_info    0x00000000000138b9     0x1872 build/net/e1000.o
 .debug_info    0x000000000001512b     0x17ef build/net/virtio_net.o
 .debug_info    0x000000000001691a      0xed0 build/mm/pmm.o
 .debug_info    0x00000000000177ea     0x313c build/mm/vmm.o
 .debug_info    0x000000000001a926     0x21f7 build/mm/kmalloc.o
 .debug_info    0x000000000001cb1d     0x266d build/kernel/main.o
 .debug_info    0x000000000001f18a      0x71b build/kernel/bootinfo.o
 .debug_info    0x000000000001f8a5     0x1ce0 build/kernel/initramfs.o
 .debug_info    0x0000000000021585      0x26c build/kernel/time.o
 .debug_info    0x00000000000217f1      0xa87 build/kernel/panic.o
 .debug_info    0x0000000000022278     0x22b9 build/kernel/printk.o
 .debug_info    0x0000000000024531      0xb1b build/kernel/kthread.o
 .debug_info    0x000000000002504c     0x2c60 build/proc/process.o
 .debug_info    0x0000000000027cac     0x27d1 build/proc/scheduler.o
 .debug_info    0x000000000002a47d     0x1221 build/proc/fork.o
 .debug_info    0x000000000002b69e     0x3ce2 build/proc/exec.o
 .debug_info    0x000000000002f380     0x2d7c build/fs/vfs.o
 .debug_info    0x00000000000320fc     0x2564 build/fs/inode.o
 .debug_info    0x0000000000034660     0x1b42 build/fs/dentry.o
 .debug_info    0x00000000000361a2     0x1e78 build/fs/file.o
 .debug_info    0x000000000003801a     0x162f build/fs/axiomfs/super.o
 .debug_info    0x0000000000039649     0x2cc2 build/fs/axiomfs/inode.o
 .debug_info    0x000000000003c30b     0x181b build/fs/axiomfs/dir.o
 .debug_info    0x000000000003db26     0x1d81 build/fs/axiomfs/file.o
 .debug_info    0x000000000003f8a7     0x163e build/fs/axiomfs/policy_ipc.o
 .debug_info    0x0000000000040ee5     0x1afb build/fs/axiomfs/cache.o
 .debug_info    0x00000000000429e0     0x6712 build/fs/devfs/devfs.o
 .debug_info    0x00000000000490f2     0x13e2 build/ipc/msgqueue.o
 .debug_info    0x000000000004a4d4      0xd84 build/ipc/axiomd_channel.o
 .debug_info    0x000000000004b258     0x100b build/ipc/shm.o
 .debug_info    0x000000000004c263     0x1811 build/sysctl/sysctl.o
 .debug_info    0x000000000004da74     0x1374 build/sysctl/nodes.o
 .debug_info    0x000000000004ede8      0x6b1 build/sysctl/handlers.o
 .debug_info    0x000000000004f499      0xe08 build/lib/string.o
 .debug_info    0x00000000000502a1     0x1379 build/lib/printf.o
 .debug_info    0x000000000005161a      0x7fa build/lib/bitmap.o
 .debug_info    0x0000000000051e14      0xdb0 build/lib/rbtree.o
 .debug_info    0x0000000000052bc4       0x2e build/arch/x86_64/boot/boot.o
 .debug_info    0x0000000000052bf2       0x2e build/arch/x86_64/boot/interrupt.o
 .debug_info    0x0000000000052c20       0x2e build/arch/x86_64/process/context.o

.debug_abbrev   0x0000000000000000     0xb3db
 .debug_abbrev  0x0000000000000000      0x22d build/arch/x86_64/boot/gdt.o
 .debug_abbrev  0x000000000000022d      0x523 build/arch/x86_64/boot/idt.o
 .debug_abbrev  0x0000000000000750      0x2b0 build/arch/x86_64/cpu.o
 .debug_abbrev  0x0000000000000a00      0x127 build/arch/x86_64/io/port.o
 .debug_abbrev  0x0000000000000b27      0x2cc build/arch/x86_64/io/uart.o
 .debug_abbrev  0x0000000000000df3      0x40e build/arch/x86_64/mm/paging.o
 .debug_abbrev  0x0000000000001201      0x277 build/arch/x86_64/mm/physmem.o
 .debug_abbrev  0x0000000000001478      0x72a build/arch/x86_64/process/syscall.o
 .debug_abbrev  0x0000000000001ba2      0x34c build/drivers/pci.o
 .debug_abbrev  0x0000000000001eee      0x486 build/net/core.o
 .debug_abbrev  0x0000000000002374      0x3cc build/net/e1000.o
 .debug_abbrev  0x0000000000002740      0x4ca build/net/virtio_net.o
 .debug_abbrev  0x0000000000002c0a      0x3be build/mm/pmm.o
 .debug_abbrev  0x0000000000002fc8      0x58a build/mm/vmm.o
 .debug_abbrev  0x0000000000003552      0x52d build/mm/kmalloc.o
 .debug_abbrev  0x0000000000003a7f      0x44f build/kernel/main.o
 .debug_abbrev  0x0000000000003ece      0x227 build/kernel/bootinfo.o
 .debug_abbrev  0x00000000000040f5      0x3b3 build/kernel/initramfs.o
 .debug_abbrev  0x00000000000044a8      0x165 build/kernel/time.o
 .debug_abbrev  0x000000000000460d      0x263 build/kernel/panic.o
 .debug_abbrev  0x0000000000004870      0x4c4 build/kernel/printk.o
 .debug_abbrev  0x0000000000004d34      0x351 build/kernel/kthread.o
 .debug_abbrev  0x0000000000005085      0x656 build/proc/process.o
 .debug_abbrev  0x00000000000056db      0x72d build/proc/scheduler.o
 .debug_abbrev  0x0000000000005e08      0x3be build/proc/fork.o
 .debug_abbrev  0x00000000000061c6      0x52c build/proc/exec.o
 .debug_abbrev  0x00000000000066f2      0x526 build/fs/vfs.o
 .debug_abbrev  0x0000000000006c18      0x4fc build/fs/inode.o
 .debug_abbrev  0x0000000000007114      0x335 build/fs/dentry.o
 .debug_abbrev  0x0000000000007449      0x3e5 build/fs/file.o
 .debug_abbrev  0x000000000000782e      0x297 build/fs/axiomfs/super.o
 .debug_abbrev  0x0000000000007ac5      0x575 build/fs/axiomfs/inode.o
 .debug_abbrev  0x000000000000803a      0x29a build/fs/axiomfs/dir.o
 .debug_abbrev  0x00000000000082d4      0x311 build/fs/axiomfs/file.o
 .debug_abbrev  0x00000000000085e5      0x4a6 build/fs/axiomfs/policy_ipc.o
 .debug_abbrev  0x0000000000008a8b      0x376 build/fs/axiomfs/cache.o
 .debug_abbrev  0x0000000000008e01      0x70e build/fs/devfs/devfs.o
 .debug_abbrev  0x000000000000950f      0x3a0 build/ipc/msgqueue.o
 .debug_abbrev  0x00000000000098af      0x367 build/ipc/axiomd_channel.o
 .debug_abbrev  0x0000000000009c16      0x2b7 build/ipc/shm.o
 .debug_abbrev  0x0000000000009ecd      0x3e4 build/sysctl/sysctl.o
 .debug_abbrev  0x000000000000a2b1      0x270 build/sysctl/nodes.o
 .debug_abbrev  0x000000000000a521      0x1bc build/sysctl/handlers.o
 .debug_abbrev  0x000000000000a6dd      0x367 build/lib/string.o
 .debug_abbrev  0x000000000000aa44      0x471 build/lib/printf.o
 .debug_abbrev  0x000000000000aeb5      0x200 build/lib/bitmap.o
 .debug_abbrev  0x000000000000b0b5      0x2ea build/lib/rbtree.o
 .debug_abbrev  0x000000000000b39f       0x14 build/arch/x86_64/boot/boot.o
 .debug_abbrev  0x000000000000b3b3       0x14 build/arch/x86_64/boot/interrupt.o
 .debug_abbrev  0x000000000000b3c7       0x14 build/arch/x86_64/process/context.o

.debug_loclists
                0x0000000000000000    0x208fc
 .debug_loclists
                0x0000000000000000      0x164 build/arch/x86_64/boot/gdt.o
 .debug_loclists
                0x0000000000000164      0x5bc build/arch/x86_64/boot/idt.o
 .debug_loclists
                0x0000000000000720      0x24a build/arch/x86_64/cpu.o
 .debug_loclists
                0x000000000000096a      0x112 build/arch/x86_64/io/port.o
 .debug_loclists
                0x0000000000000a7c      0x286 build/arch/x86_64/io/uart.o
 .debug_loclists
                0x0000000000000d02      0xbe4 build/arch/x86_64/mm/paging.o
 .debug_loclists
                0x00000000000018e6      0x37c build/arch/x86_64/mm/physmem.o
 .debug_loclists
                0x0000000000001c62     0x4685 build/arch/x86_64/process/syscall.o
 .debug_loclists
                0x00000000000062e7     0x1148 build/drivers/pci.o
 .debug_loclists
                0x000000000000742f     0x2c2b build/net/core.o
 .debug_loclists
                0x000000000000a05a      0xa9e build/net/e1000.o
 .debug_loclists
                0x000000000000aaf8      0xa28 build/net/virtio_net.o
 .debug_loclists
                0x000000000000b520      0x934 build/mm/pmm.o
 .debug_loclists
                0x000000000000be54     0x11c4 build/mm/vmm.o
 .debug_loclists
                0x000000000000d018     0x1109 build/mm/kmalloc.o
 .debug_loclists
                0x000000000000e121      0x10b build/kernel/main.o
 .debug_loclists
                0x000000000000e22c      0x165 build/kernel/bootinfo.o
 .debug_loclists
                0x000000000000e391      0x8ab build/kernel/initramfs.o
 .debug_loclists
                0x000000000000ec3c       0x93 build/kernel/time.o
 .debug_loclists
                0x000000000000eccf      0x10c build/kernel/panic.o
 .debug_loclists
                0x000000000000eddb     0x19d3 build/kernel/printk.o
 .debug_loclists
                0x00000000000107ae      0x274 build/kernel/kthread.o
 .debug_loclists
                0x0000000000010a22      0x810 build/proc/process.o
 .debug_loclists
                0x0000000000011232      0x998 build/proc/scheduler.o
 .debug_loclists
                0x0000000000011bca      0x301 build/proc/fork.o
 .debug_loclists
                0x0000000000011ecb     0x21bb build/proc/exec.o
 .debug_loclists
                0x0000000000014086     0x1645 build/fs/vfs.o
 .debug_loclists
                0x00000000000156cb      0x675 build/fs/inode.o
 .debug_loclists
                0x0000000000015d40      0x575 build/fs/dentry.o
 .debug_loclists
                0x00000000000162b5      0x469 build/fs/file.o
 .debug_loclists
                0x000000000001671e      0x15a build/fs/axiomfs/super.o
 .debug_loclists
                0x0000000000016878      0xa0c build/fs/axiomfs/inode.o
 .debug_loclists
                0x0000000000017284       0xdf build/fs/axiomfs/dir.o
 .debug_loclists
                0x0000000000017363      0x52a build/fs/axiomfs/file.o
 .debug_loclists
                0x000000000001788d      0xd44 build/fs/axiomfs/policy_ipc.o
 .debug_loclists
                0x00000000000185d1      0x450 build/fs/axiomfs/cache.o
 .debug_loclists
                0x0000000000018a21     0x2996 build/fs/devfs/devfs.o
 .debug_loclists
                0x000000000001b3b7      0x65c build/ipc/msgqueue.o
 .debug_loclists
                0x000000000001ba13      0x43b build/ipc/axiomd_channel.o
 .debug_loclists
                0x000000000001be4e      0x573 build/ipc/shm.o
 .debug_loclists
                0x000000000001c3c1      0xb0f build/sysctl/sysctl.o
 .debug_loclists
                0x000000000001ced0      0x9fd build/sysctl/nodes.o
 .debug_loclists
                0x000000000001d8cd      0x44a build/sysctl/handlers.o
 .debug_loclists
                0x000000000001dd17      0xde6 build/lib/string.o
 .debug_loclists
                0x000000000001eafd     0x100c build/lib/printf.o
 .debug_loclists
                0x000000000001fb09      0x5e5 build/lib/bitmap.o
 .debug_loclists
                0x00000000000200ee      0x80e build/lib/rbtree.o

.debug_aranges  0x0000000000000000      0x960
 .debug_aranges
                0x0000000000000000       0x30 build/arch/x86_64/boot/gdt.o
 .debug_aranges
                0x0000000000000030       0x30 build/arch/x86_64/boot/idt.o
 .debug_aranges
                0x0000000000000060       0x30 build/arch/x86_64/cpu.o
 .debug_aranges
                0x0000000000000090       0x30 build/arch/x86_64/io/port.o
 .debug_aranges
                0x00000000000000c0       0x30 build/arch/x86_64/io/uart.o
 .debug_aranges
                0x00000000000000f0       0x30 build/arch/x86_64/mm/paging.o
 .debug_aranges
                0x0000000000000120       0x30 build/arch/x86_64/mm/physmem.o
 .debug_aranges
                0x0000000000000150       0x30 build/arch/x86_64/process/syscall.o
 .debug_aranges
                0x0000000000000180       0x30 build/drivers/pci.o
 .debug_aranges
                0x00000000000001b0       0x30 build/net/core.o
 .debug_aranges
                0x00000000000001e0       0x30 build/net/e1000.o
 .debug_aranges
                0x0000000000000210       0x30 build/net/virtio_net.o
 .debug_aranges
                0x0000000000000240       0x30 build/mm/pmm.o
 .debug_aranges
                0x0000000000000270       0x30 build/mm/vmm.o
 .debug_aranges
                0x00000000000002a0       0x30 build/mm/kmalloc.o
 .debug_aranges
                0x00000000000002d0       0x30 build/kernel/main.o
 .debug_aranges
                0x0000000000000300       0x30 build/kernel/bootinfo.o
 .debug_aranges
                0x0000000000000330       0x30 build/kernel/initramfs.o
 .debug_aranges
                0x0000000000000360       0x30 build/kernel/time.o
 .debug_aranges
                0x0000000000000390       0x30 build/kernel/panic.o
 .debug_aranges
                0x00000000000003c0       0x30 build/kernel/printk.o
 .debug_aranges
                0x00000000000003f0       0x30 build/kernel/kthread.o
 .debug_aranges
                0x0000000000000420       0x30 build/proc/process.o
 .debug_aranges
                0x0000000000000450       0x30 build/proc/scheduler.o
 .debug_aranges
                0x0000000000000480       0x30 build/proc/fork.o
 .debug_aranges
                0x00000000000004b0       0x30 build/proc/exec.o
 .debug_aranges
                0x00000000000004e0       0x30 build/fs/vfs.o
 .debug_aranges
                0x0000000000000510       0x30 build/fs/inode.o
 .debug_aranges
                0x0000000000000540       0x30 build/fs/dentry.o
 .debug_aranges
                0x0000000000000570       0x30 build/fs/file.o
 .debug_aranges
                0x00000000000005a0       0x30 build/fs/axiomfs/super.o
 .debug_aranges
                0x00000000000005d0       0x30 build/fs/axiomfs/inode.o
 .debug_aranges
                0x0000000000000600       0x30 build/fs/axiomfs/dir.o
 .debug_aranges
                0x0000000000000630       0x30 build/fs/axiomfs/file.o
 .debug_aranges
                0x0000000000000660       0x30 build/fs/axiomfs/policy_ipc.o
 .debug_aranges
                0x0000000000000690       0x30 build/fs/axiomfs/cache.o
 .debug_aranges
                0x00000000000006c0       0x30 build/fs/devfs/devfs.o
 .debug_aranges
                0x00000000000006f0       0x30 build/ipc/msgqueue.o
 .debug_aranges
                0x0000000000000720       0x30 build/ipc/axiomd_channel.o
 .debug_aranges
                0x0000000000000750       0x30 build/ipc/shm.o
 .debug_aranges
                0x0000000000000780       0x30 build/sysctl/sysctl.o
 .debug_aranges
                0x00000000000007b0       0x30 build/sysctl/nodes.o
 .debug_aranges
                0x00000000000007e0       0x30 build/sysctl/handlers.o
 .debug_aranges
                0x0000000000000810       0x30 build/lib/string.o
 .debug_aranges
                0x0000000000000840       0x30 build/lib/printf.o
 .debug_aranges
                0x0000000000000870       0x30 build/lib/bitmap.o
 .debug_aranges
                0x00000000000008a0       0x30 build/lib/rbtree.o
 .debug_aranges
                0x00000000000008d0       0x30 build/arch/x86_64/boot/boot.o
 .debug_aranges
                0x0000000000000900       0x30 build/arch/x86_64/boot/interrupt.o
 .debug_aranges
                0x0000000000000930       0x30 build/arch/x86_64/process/context.o

.debug_rnglists
                0x0000000000000000     0x359e
 .debug_rnglists
                0x0000000000000000       0xa5 build/arch/x86_64/boot/gdt.o
 .debug_rnglists
                0x00000000000000a5       0x82 build/arch/x86_64/boot/idt.o
 .debug_rnglists
                0x0000000000000127       0x7b build/arch/x86_64/cpu.o
 .debug_rnglists
                0x00000000000001a2       0x8d build/arch/x86_64/io/uart.o
 .debug_rnglists
                0x000000000000022f      0x116 build/arch/x86_64/mm/paging.o
 .debug_rnglists
                0x0000000000000345       0x32 build/arch/x86_64/mm/physmem.o
 .debug_rnglists
                0x0000000000000377      0x4c2 build/arch/x86_64/process/syscall.o
 .debug_rnglists
                0x0000000000000839      0x3bf build/drivers/pci.o
 .debug_rnglists
                0x0000000000000bf8      0x2c9 build/net/core.o
 .debug_rnglists
                0x0000000000000ec1      0x13d build/net/e1000.o
 .debug_rnglists
                0x0000000000000ffe      0x133 build/net/virtio_net.o
 .debug_rnglists
                0x0000000000001131      0x12f build/mm/pmm.o
 .debug_rnglists
                0x0000000000001260      0x1f0 build/mm/vmm.o
 .debug_rnglists
                0x0000000000001450      0x252 build/mm/kmalloc.o
 .debug_rnglists
                0x00000000000016a2       0x6b build/kernel/main.o
 .debug_rnglists
                0x000000000000170d       0x40 build/kernel/bootinfo.o
 .debug_rnglists
                0x000000000000174d       0xd7 build/kernel/initramfs.o
 .debug_rnglists
                0x0000000000001824       0x58 build/kernel/time.o
 .debug_rnglists
                0x000000000000187c       0x1c build/kernel/panic.o
 .debug_rnglists
                0x0000000000001898      0x46c build/kernel/printk.o
 .debug_rnglists
                0x0000000000001d04       0x56 build/kernel/kthread.o
 .debug_rnglists
                0x0000000000001d5a      0x180 build/proc/process.o
 .debug_rnglists
                0x0000000000001eda      0x116 build/proc/scheduler.o
 .debug_rnglists
                0x0000000000001ff0       0x7e build/proc/fork.o
 .debug_rnglists
                0x000000000000206e      0x31f build/proc/exec.o
 .debug_rnglists
                0x000000000000238d      0x147 build/fs/vfs.o
 .debug_rnglists
                0x00000000000024d4       0x85 build/fs/inode.o
 .debug_rnglists
                0x0000000000002559      0x126 build/fs/dentry.o
 .debug_rnglists
                0x000000000000267f       0x47 build/fs/file.o
 .debug_rnglists
                0x00000000000026c6       0x17 build/fs/axiomfs/super.o
 .debug_rnglists
                0x00000000000026dd       0xca build/fs/axiomfs/inode.o
 .debug_rnglists
                0x00000000000027a7       0x42 build/fs/axiomfs/file.o
 .debug_rnglists
                0x00000000000027e9      0x128 build/fs/axiomfs/policy_ipc.o
 .debug_rnglists
                0x0000000000002911       0xd8 build/fs/axiomfs/cache.o
 .debug_rnglists
                0x00000000000029e9      0x4a5 build/fs/devfs/devfs.o
 .debug_rnglists
                0x0000000000002e8e       0x8a build/ipc/msgqueue.o
 .debug_rnglists
                0x0000000000002f18       0xc3 build/ipc/axiomd_channel.o
 .debug_rnglists
                0x0000000000002fdb       0x3d build/ipc/shm.o
 .debug_rnglists
                0x0000000000003018       0x92 build/sysctl/sysctl.o
 .debug_rnglists
                0x00000000000030aa       0x70 build/sysctl/nodes.o
 .debug_rnglists
                0x000000000000311a       0x27 build/sysctl/handlers.o
 .debug_rnglists
                0x0000000000003141       0x6c build/lib/string.o
 .debug_rnglists
                0x00000000000031ad      0x255 build/lib/printf.o
 .debug_rnglists
                0x0000000000003402       0x22 build/lib/bitmap.o
 .debug_rnglists
                0x0000000000003424      0x17a build/lib/rbtree.o

.debug_line     0x0000000000000000    0x1f998
 .debug_line    0x0000000000000000      0x1f2 build/arch/x86_64/boot/gdt.o
 .debug_line    0x00000000000001f2      0x6c3 build/arch/x86_64/boot/idt.o
 .debug_line    0x00000000000008b5      0x286 build/arch/x86_64/cpu.o
 .debug_line    0x0000000000000b3b      0x111 build/arch/x86_64/io/port.o
 .debug_line    0x0000000000000c4c      0x4a7 build/arch/x86_64/io/uart.o
 .debug_line    0x00000000000010f3      0xa0e build/arch/x86_64/mm/paging.o
 .debug_line    0x0000000000001b01      0x2e6 build/arch/x86_64/mm/physmem.o
 .debug_line    0x0000000000001de7     0x3f80 build/arch/x86_64/process/syscall.o
 .debug_line    0x0000000000005d67      0x988 build/drivers/pci.o
 .debug_line    0x00000000000066ef     0x1fe8 build/net/core.o
 .debug_line    0x00000000000086d7      0x9bb build/net/e1000.o
 .debug_line    0x0000000000009092      0xa02 build/net/virtio_net.o
 .debug_line    0x0000000000009a94      0x886 build/mm/pmm.o
 .debug_line    0x000000000000a31a     0x113a build/mm/vmm.o
 .debug_line    0x000000000000b454      0xfd4 build/mm/kmalloc.o
 .debug_line    0x000000000000c428      0x3f3 build/kernel/main.o
 .debug_line    0x000000000000c81b      0x31f build/kernel/bootinfo.o
 .debug_line    0x000000000000cb3a      0x7f8 build/kernel/initramfs.o
 .debug_line    0x000000000000d332      0x183 build/kernel/time.o
 .debug_line    0x000000000000d4b5      0x2a7 build/kernel/panic.o
 .debug_line    0x000000000000d75c     0x1ab4 build/kernel/printk.o
 .debug_line    0x000000000000f210      0x383 build/kernel/kthread.o
 .debug_line    0x000000000000f593      0xed2 build/proc/process.o
 .debug_line    0x0000000000010465      0xfcd build/proc/scheduler.o
 .debug_line    0x0000000000011432      0x42e build/proc/fork.o
 .debug_line    0x0000000000011860     0x15a8 build/proc/exec.o
 .debug_line    0x0000000000012e08     0x1381 build/fs/vfs.o
 .debug_line    0x0000000000014189      0x93e build/fs/inode.o
 .debug_line    0x0000000000014ac7      0x827 build/fs/dentry.o
 .debug_line    0x00000000000152ee      0x4b5 build/fs/file.o
 .debug_line    0x00000000000157a3      0x2e1 build/fs/axiomfs/super.o
 .debug_line    0x0000000000015a84      0xbe1 build/fs/axiomfs/inode.o
 .debug_line    0x0000000000016665      0x234 build/fs/axiomfs/dir.o
 .debug_line    0x0000000000016899      0x49e build/fs/axiomfs/file.o
 .debug_line    0x0000000000016d37      0x9ec build/fs/axiomfs/policy_ipc.o
 .debug_line    0x0000000000017723      0x5b9 build/fs/axiomfs/cache.o
 .debug_line    0x0000000000017cdc     0x2ce7 build/fs/devfs/devfs.o
 .debug_line    0x000000000001a9c3      0x5c1 build/ipc/msgqueue.o
 .debug_line    0x000000000001af84      0x52e build/ipc/axiomd_channel.o
 .debug_line    0x000000000001b4b2      0x553 build/ipc/shm.o
 .debug_line    0x000000000001ba05      0xb79 build/sysctl/sysctl.o
 .debug_line    0x000000000001c57e      0x53d build/sysctl/nodes.o
 .debug_line    0x000000000001cabb      0x3f2 build/sysctl/handlers.o
 .debug_line    0x000000000001cead      0xc29 build/lib/string.o
 .debug_line    0x000000000001dad6      0xd86 build/lib/printf.o
 .debug_line    0x000000000001e85c      0x4e8 build/lib/bitmap.o
 .debug_line    0x000000000001ed44      0x9c8 build/lib/rbtree.o
 .debug_line    0x000000000001f70c       0xb3 build/arch/x86_64/boot/boot.o
 .debug_line    0x000000000001f7bf      0x138 build/arch/x86_64/boot/interrupt.o
 .debug_line    0x000000000001f8f7       0xa1 build/arch/x86_64/process/context.o

.debug_str      0x0000000000000000     0x634d
 .debug_str     0x0000000000000000     0x634d build/arch/x86_64/boot/gdt.o
                                        0x2ed (size before relaxing)
 .debug_str     0x000000000000634d        0x0 build/arch/x86_64/boot/idt.o
                                        0xa4d (size before relaxing)
 .debug_str     0x000000000000634d        0x0 build/arch/x86_64/cpu.o
                                        0x278 (size before relaxing)
 .debug_str     0x000000000000634d        0x0 build/arch/x86_64/io/port.o
                                        0x1ab (size before relaxing)
 .debug_str     0x000000000000634d        0x0 build/arch/x86_64/io/uart.o
                                        0x225 (size before relaxing)
 .debug_str     0x000000000000634d        0x0 build/arch/x86_64/mm/paging.o
                                        0x398 (size before relaxing)
 .debug_str     0x000000000000634d        0x0 build/arch/x86_64/mm/physmem.o
                                        0x324 (size before relaxing)
 .debug_str     0x000000000000634d        0x0 build/arch/x86_64/process/syscall.o
                                       0x187b (size before relaxing)
 .debug_str     0x000000000000634d        0x0 build/drivers/pci.o
                                        0x2f1 (size before relaxing)
 .debug_str     0x000000000000634d        0x0 build/net/core.o
                                        0x9d8 (size before relaxing)
 .debug_str     0x000000000000634d        0x0 build/net/e1000.o
                                        0x51e (size before relaxing)
 .debug_str     0x000000000000634d        0x0 build/net/virtio_net.o
                                        0x638 (size before relaxing)
 .debug_str     0x000000000000634d        0x0 build/mm/pmm.o
                                        0x422 (size before relaxing)
 .debug_str     0x000000000000634d        0x0 build/mm/vmm.o
                                        0xee4 (size before relaxing)
 .debug_str     0x000000000000634d        0x0 build/mm/kmalloc.o
                                        0x584 (size before relaxing)
 .debug_str     0x000000000000634d        0x0 build/kernel/main.o
                                        0xe74 (size before relaxing)
 .debug_str     0x000000000000634d        0x0 build/kernel/bootinfo.o
                                        0x3ae (size before relaxing)
 .debug_str     0x000000000000634d        0x0 build/kernel/initramfs.o
                                        0x8e9 (size before relaxing)
 .debug_str     0x000000000000634d        0x0 build/kernel/time.o
                                        0x17b (size before relaxing)
 .debug_str     0x000000000000634d        0x0 build/kernel/panic.o
                                        0x27a (size before relaxing)
 .debug_str     0x000000000000634d        0x0 build/kernel/printk.o
                                        0x6c7 (size before relaxing)
 .debug_str     0x000000000000634d        0x0 build/kernel/kthread.o
                                        0x4ee (size before relaxing)
 .debug_str     0x000000000000634d        0x0 build/proc/process.o
                                        0xea4 (size before relaxing)
 .debug_str     0x000000000000634d        0x0 build/proc/scheduler.o
                                        0xa58 (size before relaxing)
 .debug_str     0x000000000000634d        0x0 build/proc/fork.o
                                        0x725 (size before relaxing)
 .debug_str     0x000000000000634d        0x0 build/proc/exec.o
                                        0xfbf (size before relaxing)
 .debug_str     0x000000000000634d        0x0 build/fs/vfs.o
                                        0xabb (size before relaxing)
 .debug_str     0x000000000000634d        0x0 build/fs/inode.o
                                        0xd40 (size before relaxing)
 .debug_str     0x000000000000634d        0x0 build/fs/dentry.o
                                        0x87f (size before relaxing)
 .debug_str     0x000000000000634d        0x0 build/fs/file.o
                                        0xc7e (size before relaxing)
 .debug_str     0x000000000000634d        0x0 build/fs/axiomfs/super.o
                                        0xa7c (size before relaxing)
 .debug_str     0x000000000000634d        0x0 build/fs/axiomfs/inode.o
                                        0xfe4 (size before relaxing)
 .debug_str     0x000000000000634d        0x0 build/fs/axiomfs/dir.o
                                        0xaff (size before relaxing)
 .debug_str     0x000000000000634d        0x0 build/fs/axiomfs/file.o
                                        0xc87 (size before relaxing)
 .debug_str     0x000000000000634d        0x0 build/fs/axiomfs/policy_ipc.o
                                        0x53b (size before relaxing)
 .debug_str     0x000000000000634d        0x0 build/fs/axiomfs/cache.o
                                        0xa8b (size before relaxing)
 .debug_str     0x000000000000634d        0x0 build/fs/devfs/devfs.o
                                       0x1241 (size before relaxing)
 .debug_str     0x000000000000634d        0x0 build/ipc/msgqueue.o
                                        0x824 (size before relaxing)
 .debug_str     0x000000000000634d        0x0 build/ipc/axiomd_channel.o
                                        0x550 (size before relaxing)
 .debug_str     0x000000000000634d        0x0 build/ipc/shm.o
                                        0x699 (size before relaxing)
 .debug_str     0x000000000000634d        0x0 build/sysctl/sysctl.o
                                        0x4f6 (size before relaxing)
 .debug_str     0x000000000000634d        0x0 build/sysctl/nodes.o
                                        0x53c (size before relaxing)
 .debug_str     0x000000000000634d        0x0 build/sysctl/handlers.o
                                        0x2bf (size before relaxing)
 .debug_str     0x000000000000634d        0x0 build/lib/string.o
                                        0x27c (size before relaxing)
 .debug_str     0x000000000000634d        0x0 build/lib/printf.o
                                        0x345 (size before relaxing)
 .debug_str     0x000000000000634d        0x0 build/lib/bitmap.o
                                        0x278 (size before relaxing)
 .debug_str     0x000000000000634d        0x0 build/lib/rbtree.o
                                        0x237 (size before relaxing)
 .debug_str     0x000000000000634d        0x0 build/arch/x86_64/boot/boot.o
                                         0x4f (size before relaxing)
 .debug_str     0x000000000000634d        0x0 build/arch/x86_64/boot/interrupt.o
                                         0x54 (size before relaxing)
 .debug_str     0x000000000000634d        0x0 build/arch/x86_64/process/context.o
                                         0x55 (size before relaxing)

.debug_line_str
                0x0000000000000000      0x558
 .debug_line_str
                0x0000000000000000      0x558 build/arch/x86_64/boot/gdt.o
                                         0xa9 (size before relaxing)
 .debug_line_str
                0x0000000000000558        0x0 build/arch/x86_64/boot/idt.o
                                        0x10b (size before relaxing)
 .debug_line_str
                0x0000000000000558        0x0 build/arch/x86_64/cpu.o
                                         0xc7 (size before relaxing)
 .debug_line_str
                0x0000000000000558        0x0 build/arch/x86_64/io/port.o
                                         0x9f (size before relaxing)
 .debug_line_str
                0x0000000000000558        0x0 build/arch/x86_64/io/uart.o
                                         0xc0 (size before relaxing)
 .debug_line_str
                0x0000000000000558        0x0 build/arch/x86_64/mm/paging.o
                                         0xeb (size before relaxing)
 .debug_line_str
                0x0000000000000558        0x0 build/arch/x86_64/mm/physmem.o
                                         0xc7 (size before relaxing)
 .debug_line_str
                0x0000000000000558        0x0 build/arch/x86_64/process/syscall.o
                                        0x19c (size before relaxing)
 .debug_line_str
                0x0000000000000558        0x0 build/drivers/pci.o
                                         0xd0 (size before relaxing)
 .debug_line_str
                0x0000000000000558        0x0 build/net/core.o
                                         0xa6 (size before relaxing)
 .debug_line_str
                0x0000000000000558        0x0 build/net/e1000.o
                                         0xf8 (size before relaxing)
 .debug_line_str
                0x0000000000000558        0x0 build/net/virtio_net.o
                                        0x107 (size before relaxing)
 .debug_line_str
                0x0000000000000558        0x0 build/mm/pmm.o
                                         0xa3 (size before relaxing)
 .debug_line_str
                0x0000000000000558        0x0 build/mm/vmm.o
                                        0x10f (size before relaxing)
 .debug_line_str
                0x0000000000000558        0x0 build/mm/kmalloc.o
                                         0xb9 (size before relaxing)
 .debug_line_str
                0x0000000000000558        0x0 build/kernel/main.o
                                        0x17a (size before relaxing)
 .debug_line_str
                0x0000000000000558        0x0 build/kernel/bootinfo.o
                                         0xaf (size before relaxing)
 .debug_line_str
                0x0000000000000558        0x0 build/kernel/initramfs.o
                                         0xcc (size before relaxing)
 .debug_line_str
                0x0000000000000558        0x0 build/kernel/time.o
                                         0xb0 (size before relaxing)
 .debug_line_str
                0x0000000000000558        0x0 build/kernel/panic.o
                                         0xfd (size before relaxing)
 .debug_line_str
                0x0000000000000558        0x0 build/kernel/printk.o
                                        0x10b (size before relaxing)
 .debug_line_str
                0x0000000000000558        0x0 build/kernel/kthread.o