
Merging program properties

Updated property 0xc0010001 (0x41) to merge build/arch/x86_64/boot/gdt.o (0x1) and build/arch/x86_64/process/context.o (0x41)

Discarded input sections

 .comment       0x0000000000000000       0x1e build/arch/x86_64/boot/gdt.o
 .note.GNU-stack
                0x0000000000000000        0x0 build/arch/x86_64/boot/gdt.o
 .note.gnu.property
                0x0000000000000000       0x30 build/arch/x86_64/boot/gdt.o
 .eh_frame      0x0000000000000000       0x80 build/arch/x86_64/boot/gdt.o
 .comment       0x0000000000000000       0x1e build/arch/x86_64/boot/idt.o
 .note.GNU-stack
                0x0000000000000000        0x0 build/arch/x86_64/boot/idt.o
 .note.gnu.property
                0x0000000000000000       0x30 build/arch/x86_64/boot/idt.o
 .eh_frame      0x0000000000000000      0x118 build/arch/x86_64/boot/idt.o
 .comment       0x0000000000000000       0x1e build/arch/x86_64/cpu.o
 .note.GNU-stack
                0x0000000000000000        0x0 build/arch/x86_64/cpu.o
 .note.gnu.property
                0x0000000000000000       0x30 build/arch/x86_64/cpu.o
 .eh_frame      0x0000000000000000       0xc0 build/arch/x86_64/cpu.o
 .comment       0x0000000000000000       0x1e build/arch/x86_64/io/port.o
 .note.GNU-stack
                0x0000000000000000        0x0 build/arch/x86_64/io/port.o
 .note.gnu.property
                0x0000000000000000       0x30 build/arch/x86_64/io/port.o
 .eh_frame      0x0000000000000000      0x120 build/arch/x86_64/io/port.o
 .comment       0x0000000000000000       0x1e build/arch/x86_64/io/uart.o
 .note.GNU-stack
                0x0000000000000000        0x0 build/arch/x86_64/io/uart.o
 .note.gnu.property
                0x0000000000000000       0x30 build/arch/x86_64/io/uart.o
 .eh_frame      0x0000000000000000      0x260 build/arch/x86_64/io/uart.o
 .comment       0x0000000000000000       0x1e build/arch/x86_64/mm/paging.o
 .note.GNU-stack
                0x0000000000000000        0x0 build/arch/x86_64/mm/paging.o
 .note.gnu.property
                0x0000000000000000       0x30 build/arch/x86_64/mm/paging.o
 .eh_frame      0x0000000000000000      0x2b8 build/arch/x86_64/mm/paging.o
 .comment       0x0000000000000000       0x1e build/arch/x86_64/mm/physmem.o
 .note.GNU-stack
                0x0000000000000000        0x0 build/arch/x86_64/mm/physmem.o
 .note.gnu.property
                0x0000000000000000       0x30 build/arch/x86_64/mm/physmem.o
 .eh_frame      0x0000000000000000       0x98 build/arch/x86_64/mm/physmem.o
 .comment       0x0000000000000000       0x1e build/arch/x86_64/process/syscall.o
 .note.GNU-stack
                0x0000000000000000        0x0 build/arch/x86_64/process/syscall.o
 .note.gnu.property
                0x0000000000000000       0x30 build/arch/x86_64/process/syscall.o
 .eh_frame      0x0000000000000000      0xb38 build/arch/x86_64/process/syscall.o
 .comment       0x0000000000000000       0x1e build/mm/pmm.o
 .note.GNU-stack
                0x0000000000000000        0x0 build/mm/pmm.o
 .note.gnu.property
                0x0000000000000000       0x30 build/mm/pmm.o
 .eh_frame      0x0000000000000000      0x230 build/mm/pmm.o
 .comment       0x0000000000000000       0x1e build/mm/vmm.o
 .note.GNU-stack
                0x0000000000000000        0x0 build/mm/vmm.o
 .note.gnu.property
                0x0000000000000000       0x30 build/mm/vmm.o
 .eh_frame      0x0000000000000000      0x410 build/mm/vmm.o
 .comment       0x0000000000000000       0x1e build/mm/kmalloc.o
 .note.GNU-stack
                0x0000000000000000        0x0 build/mm/kmalloc.o
 .note.gnu.property
                0x0000000000000000       0x30 build/mm/kmalloc.o
 .eh_frame      0x0000000000000000      0x338 build/mm/kmalloc.o
 .comment       0x0000000000000000       0x1e build/kernel/main.o
 .note.GNU-stack
                0x0000000000000000        0x0 build/kernel/main.o
 .note.gnu.property
                0x0000000000000000       0x30 build/kernel/main.o
 .eh_frame      0x0000000000000000       0x50 build/kernel/main.o
 .comment       0x0000000000000000       0x1e build/kernel/bootinfo.o
 .note.GNU-stack
                0x0000000000000000        0x0 build/kernel/bootinfo.o
 .note.gnu.property
                0x0000000000000000       0x30 build/kernel/bootinfo.o
 .eh_frame      0x0000000000000000      0x108 build/kernel/bootinfo.o
 .comment       0x0000000000000000       0x1e build/kernel/initramfs.o
 .note.GNU-stack
                0x0000000000000000        0x0 build/kernel/initramfs.o
 .note.gnu.property
                0x0000000000000000       0x30 build/kernel/initramfs.o
 .eh_frame      0x0000000000000000      0x140 build/kernel/initramfs.o
 .comment       0x0000000000000000       0x1e build/kernel/time.o
 .note.GNU-stack
                0x0000000000000000        0x0 build/kernel/time.o
 .note.gnu.property
                0x0000000000000000       0x30 build/kernel/time.o
 .eh_frame      0x0000000000000000       0x58 build/kernel/time.o
[...]
Memory Configuration

Name             Origin             Length             Attributes
*default*        0x0000000000000000 0xffffffffffffffff

Linker script and memory map

                0xffffffff80000000                KERNEL_VMA = 0xffffffff80000000
                0x0000000000100000                KERNEL_LMA = 0x100000
                0x0000000000100000                . = KERNEL_LMA

.multiboot      0x0000000000100000       0x48
 *(.multiboot)
 .multiboot     0x0000000000100000       0x48 build/arch/x86_64/boot/boot.o

.text.boot      0x0000000000101000      0x185
 *(.text.boot)
 .text.boot     0x0000000000101000      0x185 build/arch/x86_64/boot/boot.o
                0x0000000000101000                _start
 *(.text.boot.*)

.rodata.boot    0x0000000000102000       0x8e
 *(.rodata.boot)
 .rodata.boot   0x0000000000102000       0x8e build/arch/x86_64/boot/boot.o
 *(.rodata.boot.*)

.data.boot
 *(.data.boot)
 *(.data.boot.*)

.bss.boot       0x0000000000103000     0xc008
 *(.bss.boot)
 .bss.boot      0x0000000000103000     0xc008 build/arch/x86_64/boot/boot.o
 *(.bss.boot.*)
                0xffffffff8010f008                . = (. + KERNEL_VMA)
                0xffffffff8010f008                __text_start = .

.text           0xffffffff80110000    0x185b3 load address 0x0000000000110000
 *(.text)
 .text          0xffffffff80110000      0x18b build/arch/x86_64/boot/gdt.o
                0xffffffff80110000                gdt_init
                0xffffffff80110170                tss_set_rsp0
                0xffffffff80110180                tss_get_rsp0
 *fill*         0xffffffff8011018b        0x5 
 .text          0xffffffff80110190     0x110a build/arch/x86_64/boot/idt.o
                0xffffffff80110190                exception_handler
                0xffffffff801104c0                irq_handler
                0xffffffff801105b0                irq_enable
                0xffffffff80110600                irq_disable
                0xffffffff80110650                idt_init
 *fill*         0xffffffff8011129a        0x6 
 .text          0xffffffff801112a0      0x14b build/arch/x86_64/cpu.o
                0xffffffff801112a0                cpu_detect_features
                0xffffffff80111310                cpu_has_feature
                0xffffffff80111330                cpu_print_info
                0xffffffff80111340                cpu_init
                0xffffffff801113e0                cpu_get_current
 *fill*         0xffffffff801113eb        0x5 
 .text          0xffffffff801113f0       0xc5 build/arch/x86_64/io/port.o
                0xffffffff801113f0                outb
                0xffffffff80111400                inb
                0xffffffff80111410                outw
                0xffffffff80111420                inw
                0xffffffff80111430                outl
                0xffffffff80111440                inl
                0xffffffff80111450                outsb
                0xffffffff80111460                insb
                0xffffffff80111470                outsw
                0xffffffff80111480                insw
                0xffffffff80111490                outsl
                0xffffffff801114a0                insl
                0xffffffff801114b0                io_wait
 *fill*         0xffffffff801114b5        0xb 
 .text          0xffffffff801114c0      0x5c7 build/arch/x86_64/io/uart.o
                0xffffffff801114c0                uart_init
                0xffffffff80111590                uart_putc
                0xffffffff80111600                uart_getc
                0xffffffff80111660                uart_getc_nonblock
                0xffffffff801116c0                uart_puts
                0xffffffff80111790                uart_write
                0xffffffff80111830                uart_read
                0xffffffff801118c0                uart_puthex
                0xffffffff80111930                uart_putdec
                0xffffffff80111a30                uart_set_port
 *fill*         0xffffffff80111a87       0x19 
 .text          0xffffffff80111aa0      0x857 build/arch/x86_64/mm/paging.o
                0xffffffff80111d10                mmu_create_page_table
                0xffffffff80111dd0                mmu_destroy_page_table
                0xffffffff80111e20                mmu_map
                0xffffffff80111eb0                mmu_unmap
                0xffffffff80111f20                mmu_map_range
                0xffffffff80112050                mmu_unmap_range
                0xffffffff80112100                mmu_resolve
                0xffffffff80112150                mmu_get_flags
                0xffffffff80112190                mmu_set_flags
                0xffffffff80112200                mmu_switch
                0xffffffff80112210                mmu_get_kernel_pt
                0xffffffff80112220                mmu_flush_tlb_page
                0xffffffff80112230                mmu_flush_tlb_range
                0xffffffff801122a0                mmu_flush_tlb_all
                0xffffffff801122b0                paging_init
 *fill*         0xffffffff801122f7        0x9 
 .text          0xffffffff80112300      0x45b build/arch/x86_64/mm/physmem.o
                0xffffffff80112300                physmem_init
                0xffffffff80112740                physmem_get_total
                0xffffffff80112750                physmem_get_usable
 *fill*         0xffffffff8011275b        0x5 
 .text          0xffffffff80112760     0x2cac build/arch/x86_64/process/syscall.o
                0xffffffff80114d50                syscall_dispatch
                0xffffffff80114fd0                syscall_init
 *fill*         0xffffffff8011540c       0x34 
 .text          0xffffffff80115440      0x7cd build/mm/pmm.o
                0xffffffff80115440                pmm_init_bitmap
                0xffffffff80115550                pmm_mark_region_free
                0xffffffff80115630                pmm_mark_region_used
                0xffffffff80115720                pmm_alloc_page_zone
                0xffffffff801157e0                pmm_alloc_page
                0xffffffff80115820                pmm_alloc_pages_zone
                0xffffffff80115930                pmm_alloc_pages
                0xffffffff80115970                pmm_free_page
                0xffffffff80115a30                pmm_free_pages
                0xffffffff80115a90                pmm_get_total_pages
                0xffffffff80115aa0                pmm_get_free_pages
                0xffffffff80115ab0                pmm_get_used_pages
                0xffffffff80115ad0                pmm_get_zone
                0xffffffff80115b00                pmm_dump_stats
                0xffffffff80115bd0                pmm_init
 *fill*         0xffffffff80115c0d       0x33 
 .text          0xffffffff80115c40     0x1050 build/mm/vmm.o
                0xffffffff80115c40                vmm_create_address_space
                0xffffffff80115cd0                vmm_destroy_address_space
                0xffffffff80115d80                vmm_get_kernel_address_space
                0xffffffff80115d90                vmm_create_vma
                0xffffffff80115e10                vmm_free_vma
                0xffffffff80115e60                vmm_find_vma
                0xffffffff80115ea0                vmm_find_vma_intersection
                0xffffffff80115ee0                vmm_insert_vma
                0xffffffff80115fb0                vmm_clone_address_space
                0xffffffff801161d0                vmm_remove_vma
                0xffffffff80116210                vmm_prot_to_pte_flags
                0xffffffff80116230                vmm_mmap
                0xffffffff801164b0                vmm_munmap
                0xffffffff80116740                vmm_mprotect
                0xffffffff801167f0                vmm_brk
                0xffffffff80116960                vmm_handle_page_fault
                0xffffffff80116b30                vmm_alloc_kernel_pages
                0xffffffff80116b60                vmm_free_kernel_pages
                0xffffffff80116b80                vmm_map_physical
                0xffffffff80116b90                vmm_unmap_physical
                0xffffffff80116ba0                vmm_copy_from_user
                0xffffffff80116bc0                vmm_copy_to_user
                0xffffffff80116be0                vmm_verify_user_read
                0xffffffff80116bf0                vmm_verify_user_write
                0xffffffff80116c00                vmm_init
 *fill*         0xffffffff80116c90       0x10 
 .text          0xffffffff80116ca0      0xebe build/mm/kmalloc.o
                0xffffffff80116da0                kmem_cache_alloc
                0xffffffff80116fd0                kmem_cache_zalloc
                0xffffffff80117020                kmem_cache_free
                0xffffffff80117250                kmem_cache_destroy
                0xffffffff801173a0                kmem_cache_shrink
                0xffffffff80117420                kmalloc
                0xffffffff80117530                kmem_cache_create
                0xffffffff80117750                kzalloc
                0xffffffff801177a0                kcalloc
                0xffffffff80117800                krealloc
                0xffffffff801178e0                kfree
                0xffffffff80117920                kmalloc_usable_size
                0xffffffff80117930                kmalloc_dump_stats
                0xffffffff801179f0                kmalloc_init
 *fill*         0xffffffff80117b5e        0x2 
 .text          0xffffffff80117b60      0x6cb build/kernel/main.o
                0xffffffff80117b60                kernel_main
 *fill*         0xffffffff8011822b       0x15 
 .text          0xffffffff80118240      0x2db build/kernel/bootinfo.o
                0xffffffff80118240                bootinfo_init
                0xffffffff80118420                bootinfo_cmdline
                0xffffffff80118430                bootinfo_module_count
                0xffffffff80118440                bootinfo_module_at
                0xffffffff80118470                bootinfo_find_module
 *fill*         0xffffffff8011851b        0x5 
 .text          0xffffffff80118520      0x950 build/kernel/initramfs.o
                0xffffffff80118790                initramfs_unpack_tar
 .text          0xffffffff80118e70       0xb4 build/kernel/time.o
                0xffffffff80118e70                get_ticks
                0xffffffff80118ea0                get_time_ns
                0xffffffff80118ed0                delay_ms
 *fill*         0xffffffff80118f24        0xc 
 .text          0xffffffff80118f30      0x3ed build/kernel/panic.o
                0xffffffff80118fc0                panic
                0xffffffff80119180                oops
                0xffffffff80119290                warn_slowpath
 *fill*         0xffffffff8011931d       0x23 
 .text          0xffffffff80119340      0xd11 build/kernel/printk.o
                0xffffffff80119c30                console_putc
                0xffffffff80119c40                console_write
                0xffffffff80119c80                printk
                0xffffffff80119d20                vprintk
                0xffffffff80119d30                vsnprintf
                0xffffffff80119fe0                snprintf
                0xffffffff8011a030                printk_get_loglevel
                0xffffffff8011a040                printk_set_loglevel
 *fill*         0xffffffff8011a051        0xf 
 .text          0xffffffff8011a060      0x411 build/kernel/kthread.o
                0xffffffff8011a070                kthread_create
                0xffffffff8011a250                kthread_run
                0xffffffff8011a2d0                kthread_stop
                0xffffffff8011a320                kthread_should_stop
                0xffffffff8011a330                kthread_park
                0xffffffff8011a380                kthread_unpark
                0xffffffff8011a390                kthread_init
                0xffffffff8011a3e0                kthread_destroy
 *fill*         0xffffffff8011a471        0xf 
 .text          0xffffffff8011a480      0xf25 build/proc/process.o
                0xffffffff8011a770                cred_create
                0xffffffff8011a7c0                cred_clone
                0xffffffff8011a810                cred_free
                0xffffffff8011a830                fd_table_create
                0xffffffff8011a8b0                fd_table_clone
                0xffffffff8011a930                fd_table_free
                0xffffffff8011a980                fd_alloc
                0xffffffff8011aa50                fd_free
                0xffffffff8011aa80                fd_get
                0xffffffff8011aaa0                process_create
                0xffffffff8011b000                process_destroy
                0xffffffff8011b020                process_find
                0xffffffff8011b050                process_set_init_path
                0xffffffff8011b0c0                process_init
                0xffffffff8011b240                do_exit
                0xffffffff8011b270                do_wait
 *fill*         0xffffffff8011b3a5       0x1b 
 .text          0xffffffff8011b3c0      0xaaa build/proc/scheduler.o
                0xffffffff8011b6d0                current_thread_info
                0xffffffff8011b6e0                current_process
                0xffffffff8011b6f0                scheduler_enqueue
                0xffffffff8011b770                scheduler_dequeue
                0xffffffff8011b7b0                schedule
                0xffffffff8011b970                scheduler_yield
                0xffffffff8011b980                scheduler_tick
                0xffffffff8011b9e0                scheduler_exit
                0xffffffff8011ba30                scheduler_sleep
                0xffffffff8011ba90                scheduler_wake
                0xffffffff8011bac0                scheduler_sleep_timeout
                0xffffffff8011bb30                scheduler_set_priority
                0xffffffff8011bb50                scheduler_set_nice
                0xffffffff8011bb90                scheduler_get_priority
                0xffffffff8011bba0                scheduler_set_policy
                0xffffffff8011bbd0                scheduler_get_policy
                0xffffffff8011bbe0                scheduler_register_policy
                0xffffffff8011bc40                scheduler_get_switches
                0xffffffff8011bc50                scheduler_get_runtime
                0xffffffff8011bc60                timer_init
                0xffffffff8011bce0                scheduler_init
                0xffffffff8011be20                scheduler_start
 *fill*         0xffffffff8011be6a        0x6 
 .text          0xffffffff8011be70      0x41c build/proc/fork.o
                0xffffffff8011be70                do_fork
                0xffffffff8011c240                sys_fork
                0xffffffff8011c260                sys_vfork
                0xffffffff8011c280                sys_clone
 *fill*         0xffffffff8011c28c       0x34 
 .text          0xffffffff8011c2c0     0x1fbb build/proc/exec.o
                0xffffffff8011c830                do_execve
 *fill*         0xffffffff8011e27b        0x5 
 .text          0xffffffff8011e280     0x1346 build/fs/vfs.o
                0xffffffff8011e280                register_filesystem
                0xffffffff8011e340                unregister_filesystem
                0xffffffff8011e390                vfs_umount
                0xffffffff8011e3a0                vfs_lookup
                0xffffffff8011e710                vfs_mount
                0xffffffff8011e930                vfs_close
                0xffffffff8011e9a0                vfs_read
                0xffffffff8011ea30                vfs_write
                0xffffffff8011eac0                vfs_lseek
                0xffffffff8011eb40                vfs_fsync
                0xffffffff8011eb70                vfs_create
                0xffffffff8011ed80                vfs_open
                0xffffffff8011ef70                vfs_mkdir
                0xffffffff8011f180                vfs_rmdir
                0xffffffff8011f250                vfs_unlink
                0xffffffff8011f330                vfs_stat
                0xffffffff8011f3e0                vfs_fstat
                0xffffffff8011f470                generic_file_llseek
                0xffffffff8011f4d0                vfs_init
 *fill*         0xffffffff8011f5c6        0xa 
 .text          0xffffffff8011f5d0      0x79a build/fs/inode.o
                0xffffffff8011f5d0                inode_cache_init
                0xffffffff8011f610                inode_cache_lookup
                0xffffffff8011f6c0                inode_cache_insert
                0xffffffff8011f750                inode_cache_remove
                0xffffffff8011f7c0                new_inode
                0xffffffff8011f8a0                free_inode
                0xffffffff8011f8f0                inode_init_once
                0xffffffff8011f960                inode_init_owner
                0xffffffff8011fa00                igrab
                0xffffffff8011fa30                ihold
                0xffffffff8011fa40                iput
                0xffffffff8011fb40                inode_lock
                0xffffffff8011fb60                inode_unlock
                0xffffffff8011fb70                inode_trylock
                0xffffffff8011fb90                mark_inode_dirty
                0xffffffff8011fbd0                clear_inode
                0xffffffff8011fbe0                iget_locked
                0xffffffff8011fc40                unlock_new_inode
                0xffffffff8011fc50                generic_permission
                0xffffffff8011fd00                generic_getattr
 *fill*         0xffffffff8011fd6a        0x6 
 .text          0xffffffff8011fd70      0x60a build/fs/dentry.o
                0xffffffff8011fd70                dentry_alloc
                0xffffffff8011ff10                dentry_free
                0xffffffff80120000                dget
                0xffffffff80120020                dput
                0xffffffff80120040                d_instantiate
                0xffffffff801200b0                d_add
                0xffffffff80120120                d_make_root
                0xffffffff801201d0                d_delete
                0xffffffff80120220                d_lookup
                0xffffffff801202a0                d_path
 *fill*         0xffffffff8012037a        0x6 
 .text          0xffffffff80120380      0x48a build/fs/file.o
                0xffffffff80120380                alloc_file
                0xffffffff80120400                free_file
                0xffffffff80120460                get_file
                0xffffffff80120480                put_file
                0xffffffff801204d0                fput
                0xffffffff80120520                fget
                0xffffffff80120570                get_unused_fd_flags
                0xffffffff801205f0                put_unused_fd
                0xffffffff80120640                fd_install
                0xffffffff80120690                close_fd
                0xffffffff80120700                generic_file_read
                0xffffffff80120710                generic_file_write
                0xffffffff80120720                generic_file_open
                0xffffffff80120730                generic_file_release
                0xffffffff80120740                simple_read_from_buffer
                0xffffffff801207b0                simple_write_to_buffer
 *fill*         0xffffffff8012080a        0x6 
 .text          0xffffffff80120810      0x32d build/fs/axiomfs/super.o
                0xffffffff80120810                axiomfs_mount
                0xffffffff80120a80                axiomfs_kill_sb
                0xffffffff80120af0                axiomfs_init
 *fill*         0xffffffff80120b3d        0x3 
 .text          0xffffffff80120b40      0xd41 build/fs/axiomfs/inode.o
                0xffffffff80120e40                axiomfs_iget
                0xffffffff80121040                axiomfs_write_inode
                0xffffffff801210a0                axiomfs_evict_inode
                0xffffffff80121100                axiomfs_alloc_inode_num
                0xffffffff80121150                axiomfs_free_inode_num
                0xffffffff801211c0                axiomfs_create
                0xffffffff80121290                axiomfs_mkdir
                0xffffffff80121380                axiomfs_rmdir
                0xffffffff801214d0                axiomfs_unlink
                0xffffffff80121600                axiomfs_link
                0xffffffff80121660                axiomfs_rename
                0xffffffff80121770                axiomfs_lookup
 *fill*         0xffffffff80121881        0xf 
 .text          0xffffffff80121890      0x255 build/fs/axiomfs/dir.o
                0xffffffff80121890                axiomfs_readdir
 *fill*         0xffffffff80121ae5        0xb 
 .text          0xffffffff80121af0      0x52d build/fs/axiomfs/file.o
                0xffffffff80121af0                axiomfs_read
                0xffffffff80121c60                axiomfs_write
                0xffffffff80121f10                axiomfs_policy_check_access
                0xffffffff80122000                axiomfs_policy_inherit_permissions
 *fill*         0xffffffff8012201d        0x3 
 .text          0xffffffff80122020      0x986 build/fs/axiomfs/policy_ipc.o
                0xffffffff801221c0                policy_cache_create
                0xffffffff80122230                policy_cache_destroy
                0xffffffff801222c0                policy_cache_lookup
                0xffffffff801223e0                policy_cache_insert
                0xffffffff80122400                policy_cache_invalidate
                0xffffffff801224c0                policy_cache_flush
                0xffffffff80122570                policy_daemon_available
                0xffffffff80122590                policy_daemon_query
                0xffffffff80122620                policy_check_access
                0xffffffff80122770                policy_init
                0xffffffff80122860                policy_get_allocation
                0xffffffff801228c0                policy_get_inherited_mode
 *fill*         0xffffffff801229a6       0x1a 
 .text          0xffffffff801229c0      0x4cd build/fs/axiomfs/cache.o
                0xffffffff801229c0                block_cache_create
                0xffffffff80122a30                block_cache_destroy
                0xffffffff80122ac0                block_cache_get
                0xffffffff80122b70                block_cache_put
                0xffffffff80122d20                block_cache_invalidate
                0xffffffff80122de0                block_cache_sync
                0xffffffff80122e20                axiomfs_read_block
                0xffffffff80122e30                axiomfs_write_block
                0xffffffff80122e40                axiomfs_alloc_block
                0xffffffff80122e80                axiomfs_free_block
 *fill*         0xffffffff80122e8d        0x3 
 .text          0xffffffff80122e90      0x725 build/fs/devfs/devfs.o
                0xffffffff80123310                devfs_register
                0xffffffff80123400                devfs_unregister
                0xffffffff801234c0                devfs_init
 *fill*         0xffffffff801235b5        0xb 
 .text          0xffffffff801235c0      0x58c build/ipc/msgqueue.o
                0xffffffff801235c0                msgqueue_create
                0xffffffff80123770                msgqueue_get
                0xffffffff801237b0                msgqueue_destroy
                0xffffffff80123870                msgqueue_send
                0xffffffff801239b0                msgqueue_recv
                0xffffffff80123ad0                msgqueue_init
                0xffffffff80123b40                ipc_init
 *fill*         0xffffffff80123b4c       0x14 
 .text          0xffffffff80123b60      0x530 build/ipc/axiomd_channel.o
                0xffffffff80123c20                axiomd_channel_init
                0xffffffff80123d10                axiomd_connect
                0xffffffff80123d50                axiomd_disconnect
                0xffffffff80123dc0                axiomd_is_connected
                0xffffffff80123de0                axiomd_send_query
                0xffffffff80123e30                axiomd_recv_response
                0xffffffff80123e60                axiomd_query_sync
                0xffffffff80123f10                axiomd_daemon_register
                0xffffffff80123f70                axiomd_daemon_unregister
                0xffffffff80123fb0                axiomd_ping
 *fill*         0xffffffff80124090       0x10 
 .text          0xffffffff801240a0      0x641 build/ipc/shm.o
                0xffffffff801240a0                shmget
                0xffffffff80124350                shmat
                0xffffffff80124530                shmdt
                0xffffffff80124640                shmctl
 *fill*         0xffffffff801246e1        0xf 
 .text          0xffffffff801246f0      0xc19 build/sysctl/sysctl.o
                0xffffffff801248a0                sysctl_register_node
                0xffffffff80124a90                sysctl_lookup
                0xffffffff80124bd0                sysctl_register_int
                0xffffffff80124c30                sysctl_register_uint
                0xffffffff80124c90                sysctl_register_long
                0xffffffff80124cf0                sysctl_register_ulong
                0xffffffff80124d50                sysctl_register_string
                0xffffffff80124db0                sysctl_register_bool
                0xffffffff80124e10                sysctl_register_handler
                0xffffffff80124e70                sysctl_read
                0xffffffff80124f10                sysctl_write
                0xffffffff80124fc0                sysctl_read_string
                0xffffffff801250e0                sysctl_dump_tree
                0xffffffff80125130                sysctl_init
 *fill*         0xffffffff80125309        0x7 
 .text          0xffffffff80125310      0x5e4 build/sysctl/nodes.o
                0xffffffff80125590                sysctl_register_system_nodes
                0xffffffff801257c0                sysctl_init_cpu_info
 *fill*         0xffffffff801258f4        0xc 
 .text          0xffffffff80125900      0x2bc build/sysctl/handlers.o
                0xffffffff80125900                sysctl_handle_int
                0xffffffff80125950                sysctl_handle_uint
                0xffffffff801259a0                sysctl_handle_long
                0xffffffff801259f0                sysctl_handle_ulong
                0xffffffff80125a40                sysctl_handle_string
                0xffffffff80125af0                sysctl_handle_bool
                0xffffffff80125b50                sysctl_handle_int_minmax
 *fill*         0xffffffff80125bbc        0x4 
 .text          0xffffffff80125bc0      0xa49 build/lib/string.o
                0xffffffff80125bc0                strlen
                0xffffffff80125bf0                strnlen
                0xffffffff80125c20                strcpy
                0xffffffff80125c50                strncpy
                0xffffffff80125cb0                strcat
                0xffffffff80125cf0                strncat
                0xffffffff80125d40                strcmp
                0xffffffff80125d80                strncmp
                0xffffffff80125dd0                strcasecmp
                0xffffffff80125e30                strchr
                0xffffffff80125e70                strrchr
                0xffffffff80125ea0                strstr
                0xffffffff80125f20                strtok_r
                0xffffffff80126020                strtok
                0xffffffff80126040                memcpy
                0xffffffff801260f0                strdup
                0xffffffff80126170                strndup
                0xffffffff801261e0                memmove
                0xffffffff80126230                memset
                0xffffffff801262f0                memcmp
                0xffffffff80126330                memchr
                0xffffffff80126360                bzero
                0xffffffff80126400                atoi
                0xffffffff80126480                atol
                0xffffffff80126500                strtoul
 *fill*         0xffffffff80126609       0x37 
 .text          0xffffffff80126640     0x1003 build/lib/printf.o
                0xffffffff801273d0                sprintf
                0xffffffff80127470                vsprintf
                0xffffffff801274d0                snprintf_full
                0xffffffff801275b0                vsnprintf_full
 *fill*         0xffffffff80127643       0x1d 
 .text          0xffffffff80127660      0x49b build/lib/bitmap.o
                0xffffffff80127660                set_bit
                0xffffffff80127680                clear_bit
                0xffffffff801276a0                test_bit
                0xffffffff801276c0                test_and_set_bit
                0xffffffff801276f0                test_and_clear_bit
                0xffffffff80127720                change_bit
                0xffffffff80127740                ffs
                0xffffffff80127760                fls
                0xffffffff80127770                ffz
                0xffffffff80127790                find_first_bit
                0xffffffff801277e0                find_first_zero_bit
                0xffffffff80127840                find_next_bit
                0xffffffff801278e0                find_next_zero_bit
                0xffffffff80127980                bitmap_set
                0xffffffff80127a00                bitmap_clear
                0xffffffff80127a80                bitmap_weight
                0xffffffff80127ac0                bitmap_zero
                0xffffffff80127ae0                bitmap_fill
 *fill*         0xffffffff80127afb        0x5 
 .text          0xffffffff80127b00      0x6c1 build/lib/rbtree.o
                0xffffffff80127c20                rb_link_node
                0xffffffff80127c40                rb_insert_color
                0xffffffff80127d80                rb_erase
                0xffffffff801280b0                rb_first
                0xffffffff801280e0                rb_last
                0xffffffff80128110                rb_next
                0xffffffff80128170                rb_prev
 .text          0xffffffff801281c1        0x0 build/arch/x86_64/boot/boot.o
 .text          0xffffffff801281c1      0x307 build/arch/x86_64/boot/interrupt.o
                0xffffffff801281c1                isr_stub_0
                0xffffffff801281ca                isr_stub_1
                0xffffffff801281d3                isr_stub_2
                0xffffffff801281dc                isr_stub_3
                0xffffffff801281e5                isr_stub_4
                0xffffffff801281ee                isr_stub_5
                0xffffffff801281f7                isr_stub_6
                0xffffffff80128200                isr_stub_7
                0xffffffff80128209                isr_stub_8
                0xffffffff80128210                isr_stub_9
                0xffffffff80128219                isr_stub_10
                0xffffffff80128220                isr_stub_11
                0xffffffff80128227                isr_stub_12
                0xffffffff8012822e                isr_stub_13
                0xffffffff80128235                isr_stub_14
                0xffffffff8012823c                isr_stub_15
                0xffffffff80128245                isr_stub_16
                0xffffffff8012824e                isr_stub_17
                0xffffffff80128255                isr_stub_18
                0xffffffff8012825e                isr_stub_19
                0xffffffff80128267                isr_stub_20
                0xffffffff80128270                isr_stub_21
                0xffffffff80128277                isr_stub_22
                0xffffffff80128280                isr_stub_23
                0xffffffff80128289                isr_stub_24
                0xffffffff80128292                isr_stub_25
                0xffffffff8012829b                isr_stub_26
                0xffffffff801282a4                isr_stub_27
                0xffffffff801282ad                isr_stub_28
                0xffffffff801282b6                isr_stub_29
                0xffffffff801282bf                isr_stub_30
                0xffffffff801282c6                isr_stub_31
                0xffffffff801282cc                irq_stub_0
                0xffffffff801282d5                irq_stub_1
                0xffffffff801282de                irq_stub_2
                0xffffffff801282e7                irq_stub_3
                0xffffffff801282f0                irq_stub_4
                0xffffffff801282f9                irq_stub_5
                0xffffffff80128302                irq_stub_6
                0xffffffff8012830b                irq_stub_7
                0xffffffff80128314                irq_stub_8
                0xffffffff8012831d                irq_stub_9
                0xffffffff80128326                irq_stub_10
                0xffffffff8012832c                irq_stub_11
                0xffffffff80128332                irq_stub_12
                0xffffffff80128338                irq_stub_13
                0xffffffff8012833e                irq_stub_14
                0xffffffff80128344                irq_stub_15
                0xffffffff801283f8                syscall_stub
                0xffffffff80128457                syscall_entry
 .text          0xffffffff801284c8       0xeb build/arch/x86_64/process/context.o
                0xffffffff801284c8                context_switch
                0xffffffff80128526                context_switch_initial
                0xffffffff80128547                fork_return
                0xffffffff8012856d                user_mode_enter
 *(.text.*)
                0xffffffff801285b3                __text_end = .
                0xffffffff801285b3                __rodata_start = .

.iplt           0xffffffff801285b3        0x0 load address 0x00000000001285b3
 .iplt          0xffffffff801285b3        0x0 build/arch/x86_64/boot/gdt.o

.rodata         0xffffffff80129000     0x3348 load address 0x0000000000129000
 *(.rodata)
 .rodata        0xffffffff80129000      0x100 build/arch/x86_64/boot/idt.o
 .rodata        0xffffffff80129100       0x11 build/arch/x86_64/io/uart.o
 *fill*         0xffffffff80129111        0x7 
 .rodata        0xffffffff80129118       0x30 build/arch/x86_64/mm/physmem.o
 *fill*         0xffffffff80129148       0x18 
 .rodata        0xffffffff80129160       0x48 build/arch/x86_64/process/syscall.o
 *fill*         0xffffffff801291a8       0x18 
 .rodata        0xffffffff801291c0       0x58 build/mm/kmalloc.o
 *fill*         0xffffffff80129218        0x8 
 .rodata        0xffffffff80129220      0x451 build/kernel/printk.o
 *fill*         0xffffffff80129671        0xf 
 .rodata        0xffffffff80129680       0x30 build/proc/process.o
 .rodata        0xffffffff801296b0       0x20 build/proc/exec.o
 *fill*         0xffffffff801296d0       0x10 
 .rodata        0xffffffff801296e0      0x210 build/fs/axiomfs/super.o
                0xffffffff801296e0                axiomfs_file_ops
                0xffffffff80129740                axiomfs_dir_ops
                0xffffffff801297a0                axiomfs_file_inode_ops
                0xffffffff80129820                axiomfs_dir_inode_ops
 *fill*         0xffffffff801298f0       0x10 
 .rodata        0xffffffff80129900      0x1e8 build/fs/devfs/devfs.o
 .rodata        0xffffffff80129ae8       0x70 build/sysctl/sysctl.o
 *fill*         0xffffffff80129b58        0x8 
 .rodata        0xffffffff80129b60      0x1c1 build/lib/printf.o
 *(.rodata.*)
 .rodata.str1.1
                0xffffffff80129d21      0xc5c build/arch/x86_64/boot/gdt.o
                                         0x18 (size before relaxing)
 *fill*         0xffffffff8012a97d        0x3 
 .rodata.str1.8
                0xffffffff8012a980     0x19c1 build/arch/x86_64/boot/gdt.o
                                         0x2b (size before relaxing)
 .rodata.str1.1
                0xffffffff8012c341        0x0 build/arch/x86_64/boot/idt.o
                                        0x252 (size before relaxing)
 .rodata.str1.8
                0xffffffff8012c341        0x0 build/arch/x86_64/boot/idt.o
                                        0x258 (size before relaxing)
 *fill*         0xffffffff8012c341        0x1 
 .rodata.cst2   0xffffffff8012c342        0x6 build/arch/x86_64/boot/idt.o
                                          0x2 (size before relaxing)
 .rodata.str1.8
                0xffffffff8012c348        0x0 build/arch/x86_64/cpu.o
                                         0x25 (size before relaxing)
 .rodata.str1.1
                0xffffffff8012c348        0x0 build/arch/x86_64/io/uart.o
                                          0x3 (size before relaxing)
 .rodata.str1.8
                0xffffffff8012c348        0x0 build/arch/x86_64/mm/paging.o
                                         0x2d (size before relaxing)
 .rodata.str1.1
                0xffffffff8012c348        0x0 build/arch/x86_64/mm/physmem.o
                                         0x4d (size before relaxing)
 .rodata.str1.8
                0xffffffff8012c348        0x0 build/arch/x86_64/mm/physmem.o
                                        0x14f (size before relaxing)
 .rodata.str1.1
                0xffffffff8012c348        0x0 build/arch/x86_64/process/syscall.o
                                        0x10d (size before relaxing)
 .rodata.str1.8
                0xffffffff8012c348        0x0 build/arch/x86_64/process/syscall.o
                                        0x1cb (size before relaxing)
 .rodata.cst2   0xffffffff8012c348        0x0 build/arch/x86_64/process/syscall.o
                                          0x2 (size before relaxing)
 .rodata.str1.8
                0xffffffff8012c348        0x0 build/mm/pmm.o
                                        0x164 (size before relaxing)
 .rodata.str1.1
                0xffffffff8012c348        0x0 build/mm/pmm.o
                                         0x10 (size before relaxing)
 .rodata.str1.8
                0xffffffff8012c348        0x0 build/mm/vmm.o
                                         0x2b (size before relaxing)
 .rodata.str1.1
                0xffffffff8012c348        0x0 build/mm/vmm.o
                                         0x14 (size before relaxing)
 .rodata.str1.8
                0xffffffff8012c348        0x0 build/mm/kmalloc.o
                                        0x134 (size before relaxing)
 .rodata.str1.1
                0xffffffff8012c348        0x0 build/mm/kmalloc.o
                                         0xa9 (size before relaxing)
 .rodata.str1.8
                0xffffffff8012c348        0x0 build/kernel/main.o
                                        0x429 (size before relaxing)
 .rodata.str1.1
                0xffffffff8012c348        0x0 build/kernel/main.o
                                        0x253 (size before relaxing)
 .rodata.str1.1
                0xffffffff8012c348        0x0 build/kernel/bootinfo.o
                                         0x22 (size before relaxing)
 .rodata.str1.8
                0xffffffff8012c348        0x0 build/kernel/bootinfo.o
                                         0x86 (size before relaxing)
 .rodata.str1.1
                0xffffffff8012c348        0x0 build/kernel/initramfs.o
                                          0xa (size before relaxing)
 .rodata.str1.8
                0xffffffff8012c348        0x0 build/kernel/initramfs.o
                                        0x120 (size before relaxing)
 .rodata.str1.1
                0xffffffff8012c348        0x0 build/kernel/panic.o
                                         0xa9 (size before relaxing)
 .rodata.str1.8
                0xffffffff8012c348        0x0 build/kernel/panic.o
                                        0x1be (size before relaxing)
 .rodata.str1.1
                0xffffffff8012c348        0x0 build/kernel/printk.o
                                          0x7 (size before relaxing)
 .rodata.str1.8
                0xffffffff8012c348        0x0 build/kernel/kthread.o
                                         0x50 (size before relaxing)
 .rodata.str1.1
                0xffffffff8012c348        0x0 build/kernel/kthread.o
                                          0xb (size before relaxing)
 .rodata.cst2   0xffffffff8012c348        0x0 build/kernel/kthread.o
                                          0x2 (size before relaxing)
 .rodata.str1.1
                0xffffffff8012c348        0x0 build/proc/process.o
                                         0xbc (size before relaxing)
 .rodata.str1.8
                0xffffffff8012c348        0x0 build/proc/process.o
                                        0x1a3 (size before relaxing)
 .rodata.str1.1
                0xffffffff8012c348        0x0 build/proc/scheduler.o
                                         0x72 (size before relaxing)
 .rodata.str1.8
                0xffffffff8012c348        0x0 build/proc/scheduler.o
                                         0x7a (size before relaxing)
 .rodata.str1.1
                0xffffffff8012c348        0x0 build/proc/fork.o
                                         0x1e (size before relaxing)
 .rodata.str1.8
                0xffffffff8012c348        0x0 build/proc/exec.o
                                        0x34e (size before relaxing)
 .rodata.str1.1
                0xffffffff8012c348        0x0 build/proc/exec.o
                                         0xf1 (size before relaxing)
 .rodata.str1.8
                0xffffffff8012c348        0x0 build/fs/vfs.o
                                         0xc1 (size before relaxing)
 .rodata.str1.1
                0xffffffff8012c348        0x0 build/fs/vfs.o
                                         0x72 (size before relaxing)
 .rodata.str1.1
                0xffffffff8012c348        0x0 build/fs/dentry.o
                                          0x2 (size before relaxing)
 .rodata.str1.1
                0xffffffff8012c348        0x0 build/fs/axiomfs/super.o
                                         0x75 (size before relaxing)
 .rodata.str1.8
                0xffffffff8012c348        0x0 build/fs/axiomfs/super.o
                                         0x5e (size before relaxing)
 .rodata.str1.1
                0xffffffff8012c348        0x0 build/fs/axiomfs/dir.o
                                          0x5 (size before relaxing)
 .rodata.str1.1
                0xffffffff8012c348        0x0 build/fs/axiomfs/file.o
                                          0x1 (size before relaxing)
 .rodata.str1.1
                0xffffffff8012c348        0x0 build/fs/axiomfs/policy_ipc.o
                                         0x15 (size before relaxing)
 .rodata.str1.8
                0xffffffff8012c348        0x0 build/fs/axiomfs/policy_ipc.o
                                         0x96 (size before relaxing)
 .rodata.str1.1
                0xffffffff8012c348        0x0 build/fs/devfs/devfs.o
                                         0x5c (size before relaxing)
 .rodata.str1.8
                0xffffffff8012c348        0x0 build/fs/devfs/devfs.o
                                         0x54 (size before relaxing)
 .rodata.str1.8
                0xffffffff8012c348        0x0 build/ipc/msgqueue.o
                                         0x47 (size before relaxing)
 .rodata.str1.1
                0xffffffff8012c348        0x0 build/ipc/msgqueue.o
                                          0xc (size before relaxing)
 .rodata.str1.8
                0xffffffff8012c348        0x0 build/ipc/axiomd_channel.o
                                         0xd0 (size before relaxing)
 .rodata.str1.1
                0xffffffff8012c348        0x0 build/sysctl/sysctl.o
                                         0xe8 (size before relaxing)
 .rodata.str1.1
                0xffffffff8012c348        0x0 build/sysctl/nodes.o
                                        0x11a (size before relaxing)
 .rodata.str1.8
                0xffffffff8012c348        0x0 build/sysctl/nodes.o
                                         0x89 (size before relaxing)
 .rodata.str1.1
                0xffffffff8012c348        0x0 build/lib/printf.o
                                          0xd (size before relaxing)
                0xffffffff8012c348                __rodata_end = .
                0xffffffff8012c348                __data_start = .

.rela.dyn       0xffffffff8012c348        0x0 load address 0x000000000012c348
 .rela.got      0xffffffff8012c348        0x0 build/arch/x86_64/boot/gdt.o
 .rela.iplt     0xffffffff8012c348        0x0 build/arch/x86_64/boot/gdt.o
 .rela.text     0xffffffff8012c348        0x0 build/arch/x86_64/boot/gdt.o
 .rela.text.boot
                0xffffffff8012c348        0x0 build/arch/x86_64/boot/gdt.o

.data           0xffffffff8012d000      0x604 load address 0x000000000012d000
 *(.data)
 .data          0xffffffff8012d000        0x0 build/arch/x86_64/boot/gdt.o
 .data          0xffffffff8012d000        0x0 build/arch/x86_64/boot/idt.o
 .data          0xffffffff8012d000       0x90 build/arch/x86_64/cpu.o
 .data          0xffffffff8012d090        0x0 build/arch/x86_64/io/port.o
 .data          0xffffffff8012d090        0x2 build/arch/x86_64/io/uart.o
 .data          0xffffffff8012d092        0x0 build/arch/x86_64/mm/paging.o
 .data          0xffffffff8012d092        0x0 build/arch/x86_64/mm/physmem.o
 *fill*         0xffffffff8012d092        0x2 
 .data          0xffffffff8012d094        0x4 build/arch/x86_64/process/syscall.o
 *fill*         0xffffffff8012d098        0x8 
 .data          0xffffffff8012d0a0       0xc0 build/mm/pmm.o
 .data          0xffffffff8012d160        0x0 build/mm/vmm.o
 .data          0xffffffff8012d160       0x10 build/mm/kmalloc.o
 .data          0xffffffff8012d170        0x0 build/kernel/main.o
 .data          0xffffffff8012d170        0x0 build/kernel/bootinfo.o
 .data          0xffffffff8012d170        0x0 build/kernel/initramfs.o
 .data          0xffffffff8012d170        0x0 build/kernel/time.o
 .data          0xffffffff8012d170        0x0 build/kernel/panic.o
 .data          0xffffffff8012d170        0x4 build/kernel/printk.o
 *fill*         0xffffffff8012d174        0xc 
 .data          0xffffffff8012d180       0x20 build/kernel/kthread.o
 .data          0xffffffff8012d1a0       0x94 build/proc/process.o
                0xffffffff8012d220                all_processes
                0xffffffff8012d230                next_pid
 *fill*         0xffffffff8012d234        0xc 
 .data          0xffffffff8012d240       0x48 build/proc/scheduler.o
 .data          0xffffffff8012d288        0x0 build/proc/fork.o
 .data          0xffffffff8012d288        0x0 build/proc/exec.o
 *fill*         0xffffffff8012d288        0x8 
 .data          0xffffffff8012d290       0x10 build/fs/vfs.o
 .data          0xffffffff8012d2a0        0x0 build/fs/inode.o
 .data          0xffffffff8012d2a0        0x0 build/fs/dentry.o
 .data          0xffffffff8012d2a0        0x0 build/fs/file.o
 .data          0xffffffff8012d2a0       0x30 build/fs/axiomfs/super.o
 .data          0xffffffff8012d2d0        0x0 build/fs/axiomfs/inode.o
 .data          0xffffffff8012d2d0        0x0 build/fs/axiomfs/dir.o
 .data          0xffffffff8012d2d0        0x0 build/fs/axiomfs/file.o
 .data          0xffffffff8012d2d0        0x4 build/fs/axiomfs/policy_ipc.o
 *fill*         0xffffffff8012d2d4        0x4 
 .data          0xffffffff8012d2d8        0x8 build/fs/axiomfs/cache.o
 .data          0xffffffff8012d2e0       0x40 build/fs/devfs/devfs.o
 .data          0xffffffff8012d320        0x4 build/ipc/msgqueue.o
 .data          0xffffffff8012d324        0x8 build/ipc/axiomd_channel.o
 .data          0xffffffff8012d32c        0x4 build/ipc/shm.o
 *fill*         0xffffffff8012d330       0x10 
 .data          0xffffffff8012d340       0xa0 build/sysctl/sysctl.o
 .data          0xffffffff8012d3e0      0x224 build/sysctl/nodes.o
 .data          0xffffffff8012d604        0x0 build/sysctl/handlers.o
 .data          0xffffffff8012d604        0x0 build/lib/string.o
 .data          0xffffffff8012d604        0x0 build/lib/printf.o
 .data          0xffffffff8012d604        0x0 build/lib/bitmap.o
 .data          0xffffffff8012d604        0x0 build/lib/rbtree.o
 .data          0xffffffff8012d604        0x0 build/arch/x86_64/boot/boot.o
 .data          0xffffffff8012d604        0x0 build/arch/x86_64/boot/interrupt.o
 .data          0xffffffff8012d604        0x0 build/arch/x86_64/process/context.o
 *(.data.*)
                0xffffffff8012d604                __data_end = .
                0xffffffff8012d604                __bss_start = .

.got            0xffffffff8012d608        0x0 load address 0x000000000012d608
 .got           0xffffffff8012d608        0x0 build/arch/x86_64/boot/gdt.o

.got.plt        0xffffffff8012d608        0x0 load address 0x000000000012d608
 .got.plt       0xffffffff8012d608        0x0 build/arch/x86_64/boot/gdt.o

.igot.plt       0xffffffff8012d608        0x0 load address 0x000000000012d608
 .igot.plt      0xffffffff8012d608        0x0 build/arch/x86_64/boot/gdt.o

.bss            0xffffffff8012e000    0x18f78 load address 0x000000000012e000
 *(COMMON)
 *(.bss)
 .bss           0xffffffff8012e000     0x40b8 build/arch/x86_64/boot/gdt.o
 *fill*         0xffffffff801320b8        0x8 
 .bss           0xffffffff801320c0     0x1020 build/arch/x86_64/boot/idt.o
 .bss           0xffffffff801330e0        0x0 build/arch/x86_64/cpu.o
 .bss           0xffffffff801330e0        0x0 build/arch/x86_64/io/port.o
 .bss           0xffffffff801330e0        0x1 build/arch/x86_64/io/uart.o
 *fill*         0xffffffff801330e1        0xf 
 .bss           0xffffffff801330f0       0x18 build/arch/x86_64/mm/paging.o
 .bss           0xffffffff80133108       0x20 build/arch/x86_64/mm/physmem.o
 *fill*         0xffffffff80133128       0x18 
 .bss           0xffffffff80133140     0x1960 build/arch/x86_64/process/syscall.o
 .bss           0xffffffff80134aa0       0x10 build/mm/pmm.o
 *fill*         0xffffffff80134ab0       0x10 
 .bss           0xffffffff80134ac0       0xa8 build/mm/vmm.o
 *fill*         0xffffffff80134b68       0x18 
 .bss           0xffffffff80134b80       0x98 build/mm/kmalloc.o
 *fill*         0xffffffff80134c18        0x8 
 .bss           0xffffffff80134c20      0x138 build/kernel/main.o
 *fill*         0xffffffff80134d58        0x8 
 .bss           0xffffffff80134d60      0x620 build/kernel/bootinfo.o
 .bss           0xffffffff80135380        0x0 build/kernel/initramfs.o
 .bss           0xffffffff80135380        0x0 build/kernel/time.o
 .bss           0xffffffff80135380        0x1 build/kernel/panic.o
 *fill*         0xffffffff80135381        0x7 
 .bss           0xffffffff80135388       0x20 build/kernel/printk.o
 .bss           0xffffffff801353a8        0x8 build/kernel/kthread.o
 .bss           0xffffffff801353b0       0x18 build/proc/process.o
                0xffffffff801353b0                idle_process
                0xffffffff801353b8                init_process
 *fill*         0xffffffff801353c8       0x18 
 .bss           0xffffffff801353e0      0x96c build/proc/scheduler.o
                0xffffffff801353e0                current_policy
                0xffffffff80135400                runqueue
 .bss           0xffffffff80135d4c        0x0 build/proc/fork.o
 .bss           0xffffffff80135d4c        0x0 build/proc/exec.o
 *fill*         0xffffffff80135d4c        0x4 
 .bss           0xffffffff80135d50       0x2c build/fs/vfs.o
                0xffffffff80135d50                file_cache
                0xffffffff80135d58                dentry_cache
                0xffffffff80135d60                inode_cache
 *fill*         0xffffffff80135d7c        0x4 
 .bss           0xffffffff80135d80    0x10020 build/fs/inode.o
 .bss           0xffffffff80145da0        0x0 build/fs/dentry.o
 .bss           0xffffffff80145da0        0x0 build/fs/file.o
 .bss           0xffffffff80145da0        0x0 build/fs/axiomfs/super.o
 .bss           0xffffffff80145da0        0x0 build/fs/axiomfs/inode.o
 .bss           0xffffffff80145da0        0x0 build/fs/axiomfs/dir.o
 .bss           0xffffffff80145da0        0x0 build/fs/axiomfs/file.o
 .bss           0xffffffff80145da0       0x10 build/fs/axiomfs/policy_ipc.o
 .bss           0xffffffff80145db0        0x0 build/fs/axiomfs/cache.o
 .bss           0xffffffff80145db0        0x0 build/fs/devfs/devfs.o
 *fill*         0xffffffff80145db0       0x10 
 .bss           0xffffffff80145dc0      0x800 build/ipc/msgqueue.o
 .bss           0xffffffff801465c0       0x68 build/ipc/axiomd_channel.o
 *fill*         0xffffffff80146628       0x18 
 .bss           0xffffffff80146640      0x800 build/ipc/shm.o
 .bss           0xffffffff80146e40       0x18 build/sysctl/sysctl.o
                0xffffffff80146e40                sysctl_root
 *fill*         0xffffffff80146e58        0x8 
 .bss           0xffffffff80146e60      0x10c build/sysctl/nodes.o
 .bss           0xffffffff80146f6c        0x0 build/sysctl/handlers.o
 *fill*         0xffffffff80146f6c        0x4 
 .bss           0xffffffff80146f70        0x8 build/lib/string.o
 .bss           0xffffffff80146f78        0x0 build/lib/printf.o
 .bss           0xffffffff80146f78        0x0 build/lib/bitmap.o
 .bss           0xffffffff80146f78        0x0 build/lib/rbtree.o
 .bss           0xffffffff80146f78        0x0 build/arch/x86_64/boot/boot.o
 .bss           0xffffffff80146f78        0x0 build/arch/x86_64/boot/interrupt.o
 .bss           0xffffffff80146f78        0x0 build/arch/x86_64/process/context.o
 *(.bss.*)
                0xffffffff80146f78                __bss_end = .

.lbss           0xffffffff80146f80    0xe0000 load address 0x0000000000146f80
 .lbss          0xffffffff80146f80    0x20000 build/mm/pmm.o
 .lbss          0xffffffff80166f80    0x40000 build/proc/process.o
                0xffffffff80166f80                pid_table
 .lbss          0xffffffff801a6f80    0x80000 build/fs/axiomfs/inode.o
                0xffffffff80227000                . = ALIGN (0x1000)
                0xffffffff80227000                __kernel_end = .
                0xffffffff80100000                __kernel_start = (KERNEL_VMA + KERNEL_LMA)
                0x0000000000227000                __kernel_phys_end = (__kernel_end - KERNEL_VMA)

/DISCARD/
 *(.comment)
 *(.note)
 *(.note.*)
 *(.eh_frame)
 *(.eh_frame_hdr)
LOAD build/arch/x86_64/boot/gdt.o
LOAD build/arch/x86_64/boot/idt.o
LOAD build/arch/x86_64/cpu.o
LOAD build/arch/x86_64/io/port.o
LOAD build/arch/x86_64/io/uart.o
LOAD build/arch/x86_64/mm/paging.o
LOAD build/arch/x86_64/mm/physmem.o
LOAD build/arch/x86_64/process/syscall.o
LOAD build/mm/pmm.o
LOAD build/mm/vmm.o
LOAD build/mm/kmalloc.o
LOAD build/kernel/main.o
LOAD build/kernel/bootinfo.o
LOAD build/kernel/initramfs.o
LOAD build/kernel/time.o
LOAD build/kernel/panic.o
LOAD build/kernel/printk.o
LOAD build/kernel/kthread.o
LOAD build/proc/process.o
LOAD build/proc/scheduler.o
LOAD build/proc/fork.o
LOAD build/proc/exec.o
LOAD build/fs/vfs.o
LOAD build/fs/inode.o
LOAD build/fs/dentry.o
LOAD build/fs/file.o
LOAD build/fs/axiomfs/super.o
LOAD build/fs/axiomfs/inode.o
LOAD build/fs/axiomfs/dir.o
LOAD build/fs/axiomfs/file.o
LOAD build/fs/axiomfs/policy_ipc.o
LOAD build/fs/axiomfs/cache.o
LOAD build/fs/devfs/devfs.o
LOAD build/ipc/msgqueue.o
LOAD build/ipc/axiomd_channel.o
LOAD build/ipc/shm.o
LOAD build/sysctl/sysctl.o
LOAD build/sysctl/nodes.o
LOAD build/sysctl/handlers.o
LOAD build/lib/string.o
LOAD build/lib/printf.o
LOAD build/lib/bitmap.o
LOAD build/lib/rbtree.o
LOAD build/arch/x86_64/boot/boot.o
LOAD build/arch/x86_64/boot/interrupt.o
LOAD build/arch/x86_64/process/context.o
OUTPUT(build/kernel.elf elf64-x86-64)

.debug_info     0x0000000000000000    0x3e77c
 .debug_info    0x0000000000000000      0x731 build/arch/x86_64/boot/gdt.o
 .debug_info    0x0000000000000731     0x26e8 build/arch/x86_64/boot/idt.o
 .debug_info    0x0000000000002e19      0x801 build/arch/x86_64/cpu.o
 .debug_info    0x000000000000361a      0x47e build/arch/x86_64/io/port.o
 .debug_info    0x0000000000003a98      0x98d build/arch/x86_64/io/uart.o
 .debug_info    0x0000000000004425     0x1469 build/arch/x86_64/mm/paging.o
 .debug_info    0x000000000000588e      0x723 build/arch/x86_64/mm/physmem.o
 .debug_info    0x0000000000005fb1     0x57ea build/arch/x86_64/process/syscall.o
 .debug_info    0x000000000000b79b      0xe9c build/mm/pmm.o
 .debug_info    0x000000000000c637     0x1a52 build/mm/vmm.o
 .debug_info    0x000000000000e089     0x21f7 build/mm/kmalloc.o
 .debug_info    0x0000000000010280     0x2566 build/kernel/main.o
 .debug_info    0x00000000000127e6      0x53e build/kernel/bootinfo.o
 .debug_info    0x0000000000012d24     0x19f9 build/kernel/initramfs.o
 .debug_info    0x000000000001471d      0x26c build/kernel/time.o
 .debug_info    0x0000000000014989      0xa87 build/kernel/panic.o
 .debug_info    0x0000000000015410      0xcb9 build/kernel/printk.o
 .debug_info    0x00000000000160c9      0xb1b build/kernel/kthread.o
 .debug_info    0x0000000000016be4     0x2c44 build/proc/process.o
 .debug_info    0x0000000000019828     0x1db7 build/proc/scheduler.o
 .debug_info    0x000000000001b5df     0x11e9 build/proc/fork.o
 .debug_info    0x000000000001c7c8     0x3fb1 build/proc/exec.o
 .debug_info    0x0000000000020779     0x283e build/fs/vfs.o
 .debug_info    0x0000000000022fb7     0x2548 build/fs/inode.o
 .debug_info    0x00000000000254ff     0x1b42 build/fs/dentry.o
 .debug_info    0x0000000000027041     0x1e0e build/fs/file.o
 .debug_info    0x0000000000028e4f     0x161e build/fs/axiomfs/super.o
 .debug_info    0x000000000002a46d     0x2be2 build/fs/axiomfs/inode.o
 .debug_info    0x000000000002d04f     0x17e2 build/fs/axiomfs/dir.o
 .debug_info    0x000000000002e831     0x1d65 build/fs/axiomfs/file.o
 .debug_info    0x0000000000030596     0x163e build/fs/axiomfs/policy_ipc.o
 .debug_info    0x0000000000031bd4     0x1afb build/fs/axiomfs/cache.o
 .debug_info    0x00000000000336cf     0x1d2b build/fs/devfs/devfs.o
 .debug_info    0x00000000000353fa     0x13c6 build/ipc/msgqueue.o
 .debug_info    0x00000000000367c0      0xd84 build/ipc/axiomd_channel.o
 .debug_info    0x0000000000037544      0xfef build/ipc/shm.o
 .debug_info    0x0000000000038533     0x1457 build/sysctl/sysctl.o
 .debug_info    0x000000000003998a      0xf8c build/sysctl/nodes.o
 .debug_info    0x000000000003a916      0x6b1 build/sysctl/handlers.o
 .debug_info    0x000000000003afc7      0xe08 build/lib/string.o
 .debug_info    0x000000000003bdcf     0x1379 build/lib/printf.o
 .debug_info    0x000000000003d148      0x7fa build/lib/bitmap.o
 .debug_info    0x000000000003d942      0xdb0 build/lib/rbtree.o
 .debug_info    0x000000000003e6f2       0x2e build/arch/x86_64/boot/boot.o
 .debug_info    0x000000000003e720       0x2e build/arch/x86_64/boot/interrupt.o
 .debug_info    0x000000000003e74e       0x2e build/arch/x86_64/process/context.o

.debug_abbrev   0x0000000000000000     0x9b3b
 .debug_abbrev  0x0000000000000000      0x22d build/arch/x86_64/boot/gdt.o
 .debug_abbrev  0x000000000000022d      0x44b build/arch/x86_64/boot/idt.o
 .debug_abbrev  0x0000000000000678      0x2b0 build/arch/x86_64/cpu.o
 .debug_abbrev  0x0000000000000928      0x127 build/arch/x86_64/io/port.o
 .debug_abbrev  0x0000000000000a4f      0x2cc build/arch/x86_64/io/uart.o
 .debug_abbrev  0x0000000000000d1b      0x40e build/arch/x86_64/mm/paging.o
 .debug_abbrev  0x0000000000001129      0x277 build/arch/x86_64/mm/physmem.o
 .debug_abbrev  0x00000000000013a0      0x6e2 build/arch/x86_64/process/syscall.o
 .debug_abbrev  0x0000000000001a82      0x3a8 build/mm/pmm.o
 .debug_abbrev  0x0000000000001e2a      0x47f build/mm/vmm.o
 .debug_abbrev  0x00000000000022a9      0x52d build/mm/kmalloc.o
 .debug_abbrev  0x00000000000027d6      0x44d build/kernel/main.o
 .debug_abbrev  0x0000000000002c23      0x211 build/kernel/bootinfo.o
 .debug_abbrev  0x0000000000002e34      0x33c build/kernel/initramfs.o
 .debug_abbrev  0x0000000000003170      0x165 build/kernel/time.o
 .debug_abbrev  0x00000000000032d5      0x263 build/kernel/panic.o
 .debug_abbrev  0x0000000000003538      0x3d3 build/kernel/printk.o
 .debug_abbrev  0x000000000000390b      0x351 build/kernel/kthread.o
 .debug_abbrev  0x0000000000003c5c      0x692 build/proc/process.o
 .debug_abbrev  0x00000000000042ee      0x6e4 build/proc/scheduler.o
 .debug_abbrev  0x00000000000049d2      0x38d build/proc/fork.o
 .debug_abbrev  0x0000000000004d5f      0x520 build/proc/exec.o
 .debug_abbrev  0x000000000000527f      0x4cc build/fs/vfs.o
 .debug_abbrev  0x000000000000574b      0x4fc build/fs/inode.o
 .debug_abbrev  0x0000000000005c47      0x335 build/fs/dentry.o
 .debug_abbrev  0x0000000000005f7c      0x3ba build/fs/file.o
 .debug_abbrev  0x0000000000006336      0x297 build/fs/axiomfs/super.o
 .debug_abbrev  0x00000000000065cd      0x542 build/fs/axiomfs/inode.o
 .debug_abbrev  0x0000000000006b0f      0x299 build/fs/axiomfs/dir.o
 .debug_abbrev  0x0000000000006da8      0x311 build/fs/axiomfs/file.o
 .debug_abbrev  0x00000000000070b9      0x4a6 build/fs/axiomfs/policy_ipc.o
 .debug_abbrev  0x000000000000755f      0x376 build/fs/axiomfs/cache.o
 .debug_abbrev  0x00000000000078d5      0x447 build/fs/devfs/devfs.o
 .debug_abbrev  0x0000000000007d1c      0x3a0 build/ipc/msgqueue.o
 .debug_abbrev  0x00000000000080bc      0x367 build/ipc/axiomd_channel.o
 .debug_abbrev  0x0000000000008423      0x2b7 build/ipc/shm.o
 .debug_abbrev  0x00000000000086da      0x364 build/sysctl/sysctl.o
 .debug_abbrev  0x0000000000008a3e      0x243 build/sysctl/nodes.o
 .debug_abbrev  0x0000000000008c81      0x1bc build/sysctl/handlers.o
 .debug_abbrev  0x0000000000008e3d      0x367 build/lib/string.o
 .debug_abbrev  0x00000000000091a4      0x471 build/lib/printf.o
 .debug_abbrev  0x0000000000009615      0x200 build/lib/bitmap.o
 .debug_abbrev  0x0000000000009815      0x2ea build/lib/rbtree.o
 .debug_abbrev  0x0000000000009aff       0x14 build/arch/x86_64/boot/boot.o
 .debug_abbrev  0x0000000000009b13       0x14 build/arch/x86_64/boot/interrupt.o
 .debug_abbrev  0x0000000000009b27       0x14 build/arch/x86_64/process/context.o

.debug_loclists
                0x0000000000000000    0x158ac
 .debug_loclists
                0x0000000000000000      0x164 build/arch/x86_64/boot/gdt.o
 .debug_loclists
                0x0000000000000164      0xaf8 build/arch/x86_64/boot/idt.o
 .debug_loclists
                0x0000000000000c5c      0x24a build/arch/x86_64/cpu.o
 .debug_loclists
                0x0000000000000ea6      0x112 build/arch/x86_64/io/port.o
 .debug_loclists
                0x0000000000000fb8      0x286 build/arch/x86_64/io/uart.o
 .debug_loclists
                0x000000000000123e      0xbe4 build/arch/x86_64/mm/paging.o
 .debug_loclists
                0x0000000000001e22      0x37c build/arch/x86_64/mm/physmem.o
 .debug_loclists
                0x000000000000219e     0x27ef build/arch/x86_64/process/syscall.o
 .debug_loclists
                0x000000000000498d      0x934 build/mm/pmm.o
 .debug_loclists
                0x00000000000052c1      0xec2 build/mm/vmm.o
 .debug_loclists
                0x0000000000006183     0x1109 build/mm/kmalloc.o
 .debug_loclists
                0x000000000000728c      0x10b build/kernel/main.o
 .debug_loclists
                0x0000000000007397      0x140 build/kernel/bootinfo.o
 .debug_loclists
                0x00000000000074d7      0x620 build/kernel/initramfs.o
 .debug_loclists
                0x0000000000007af7       0x93 build/kernel/time.o
 .debug_loclists
                0x0000000000007b8a      0x10c build/kernel/panic.o
 .debug_loclists
                0x0000000000007c96      0x91d build/kernel/printk.o
 .debug_loclists
                0x00000000000085b3      0x274 build/kernel/kthread.o
 .debug_loclists
                0x0000000000008827      0x767 build/proc/process.o
 .debug_loclists
                0x0000000000008f8e      0x70e build/proc/scheduler.o
 .debug_loclists
                0x000000000000969c      0x2b5 build/proc/fork.o
 .debug_loclists
                0x0000000000009951     0x22f9 build/proc/exec.o
 .debug_loclists
                0x000000000000bc4a     0x123a build/fs/vfs.o
 .debug_loclists
                0x000000000000ce84      0x6a8 build/fs/inode.o
 .debug_loclists
                0x000000000000d52c      0x575 build/fs/dentry.o
 .debug_loclists
                0x000000000000daa1      0x425 build/fs/file.o
 .debug_loclists
                0x000000000000dec6      0x15a build/fs/axiomfs/super.o
 .debug_loclists
                0x000000000000e020      0x967 build/fs/axiomfs/inode.o
 .debug_loclists
                0x000000000000e987      0x123 build/fs/axiomfs/dir.o
 .debug_loclists
                0x000000000000eaaa      0x52a build/fs/axiomfs/file.o
 .debug_loclists
                0x000000000000efd4      0xd44 build/fs/axiomfs/policy_ipc.o
 .debug_loclists
                0x000000000000fd18      0x450 build/fs/axiomfs/cache.o
 .debug_loclists
                0x0000000000010168      0x6ae build/fs/devfs/devfs.o
 .debug_loclists
                0x0000000000010816      0x65c build/ipc/msgqueue.o
 .debug_loclists
                0x0000000000010e72      0x43b build/ipc/axiomd_channel.o
 .debug_loclists
                0x00000000000112ad      0x573 build/ipc/shm.o
 .debug_loclists
                0x0000000000011820      0x9ec build/sysctl/sysctl.o
 .debug_loclists
                0x000000000001220c      0x671 build/sysctl/nodes.o
 .debug_loclists
                0x000000000001287d      0x44a build/sysctl/handlers.o
 .debug_loclists
                0x0000000000012cc7      0xde6 build/lib/string.o
 .debug_loclists
                0x0000000000013aad     0x100c build/lib/printf.o
 .debug_loclists
                0x0000000000014ab9      0x5e5 build/lib/bitmap.o
 .debug_loclists
                0x000000000001509e      0x80e build/lib/rbtree.o

.debug_aranges  0x0000000000000000      0x8a0
 .debug_aranges
                0x0000000000000000       0x30 build/arch/x86_64/boot/gdt.o
 .debug_aranges
                0x0000000000000030       0x30 build/arch/x86_64/boot/idt.o
 .debug_aranges
                0x0000000000000060       0x30 build/arch/x86_64/cpu.o
 .debug_aranges
                0x0000000000000090       0x30 build/arch/x86_64/io/port.o
 .debug_aranges
                0x00000000000000c0       0x30 build/arch/x86_64/io/uart.o
 .debug_aranges
                0x00000000000000f0       0x30 build/arch/x86_64/mm/paging.o
 .debug_aranges
                0x0000000000000120       0x30 build/arch/x86_64/mm/physmem.o
 .debug_aranges
                0x0000000000000150       0x30 build/arch/x86_64/process/syscall.o
 .debug_aranges
                0x0000000000000180       0x30 build/mm/pmm.o
 .debug_aranges
                0x00000000000001b0       0x30 build/mm/vmm.o
 .debug_aranges
                0x00000000000001e0       0x30 build/mm/kmalloc.o
 .debug_aranges
                0x0000000000000210       0x30 build/kernel/main.o
 .debug_aranges
                0x0000000000000240       0x30 build/kernel/bootinfo.o
 .debug_aranges
                0x0000000000000270       0x30 build/kernel/initramfs.o
 .debug_aranges
                0x00000000000002a0       0x30 build/kernel/time.o
 .debug_aranges
                0x00000000000002d0       0x30 build/kernel/panic.o
 .debug_aranges
                0x0000000000000300       0x30 build/kernel/printk.o
 .debug_aranges
                0x0000000000000330       0x30 build/kernel/kthread.o
 .debug_aranges
                0x0000000000000360       0x30 build/proc/process.o
 .debug_aranges
                0x0000000000000390       0x30 build/proc/scheduler.o
 .debug_aranges
                0x00000000000003c0       0x30 build/proc/fork.o
 .debug_aranges
                0x00000000000003f0       0x30 build/proc/exec.o
 .debug_aranges
                0x0000000000000420       0x30 build/fs/vfs.o
 .debug_aranges
                0x0000000000000450       0x30 build/fs/inode.o
 .debug_aranges
                0x0000000000000480       0x30 build/fs/dentry.o
 .debug_aranges
                0x00000000000004b0       0x30 build/fs/file.o
 .debug_aranges
                0x00000000000004e0       0x30 build/fs/axiomfs/super.o
 .debug_aranges
                0x0000000000000510       0x30 build/fs/axiomfs/inode.o
 .debug_aranges
                0x0000000000000540       0x30 build/fs/axiomfs/dir.o
 .debug_aranges
                0x0000000000000570       0x30 build/fs/axiomfs/file.o
 .debug_aranges
                0x00000000000005a0       0x30 build/fs/axiomfs/policy_ipc.o
 .debug_aranges
                0x00000000000005d0       0x30 build/fs/axiomfs/cache.o
 .debug_aranges
                0x0000000000000600       0x30 build/fs/devfs/devfs.o
 .debug_aranges
                0x0000000000000630       0x30 build/ipc/msgqueue.o
 .debug_aranges
                0x0000000000000660       0x30 build/ipc/axiomd_channel.o
 .debug_aranges
                0x0000000000000690       0x30 build/ipc/shm.o
 .debug_aranges
                0x00000000000006c0       0x30 build/sysctl/sysctl.o
 .debug_aranges
                0x00000000000006f0       0x30 build/sysctl/nodes.o
 .debug_aranges
                0x0000000000000720       0x30 build/sysctl/handlers.o
 .debug_aranges
                0x0000000000000750       0x30 build/lib/string.o
 .debug_aranges
                0x0000000000000780       0x30 build/lib/printf.o
 .debug_aranges
                0x00000000000007b0       0x30 build/lib/bitmap.o
 .debug_aranges
                0x00000000000007e0       0x30 build/lib/rbtree.o
 .debug_aranges
                0x0000000000000810       0x30 build/arch/x86_64/boot/boot.o
 .debug_aranges
                0x0000000000000840       0x30 build/arch/x86_64/boot/interrupt.o
 .debug_aranges
                0x0000000000000870       0x30 build/arch/x86_64/process/context.o

.debug_rnglists
                0x0000000000000000     0x24cb
 .debug_rnglists
                0x0000000000000000       0xa5 build/arch/x86_64/boot/gdt.o
 .debug_rnglists
                0x00000000000000a5      0x3a8 build/arch/x86_64/boot/idt.o
 .debug_rnglists
                0x000000000000044d       0x7b build/arch/x86_64/cpu.o
 .debug_rnglists
                0x00000000000004c8       0x8d build/arch/x86_64/io/uart.o
 .debug_rnglists
                0x0000000000000555      0x116 build/arch/x86_64/mm/paging.o
 .debug_rnglists
                0x000000000000066b       0x32 build/arch/x86_64/mm/physmem.o
 .debug_rnglists
                0x000000000000069d      0x217 build/arch/x86_64/process/syscall.o
 .debug_rnglists
                0x00000000000008b4      0x12a build/mm/pmm.o
 .debug_rnglists
                0x00000000000009de      0x1b1 build/mm/vmm.o
 .debug_rnglists
                0x0000000000000b8f      0x252 build/mm/kmalloc.o
 .debug_rnglists
                0x0000000000000de1       0x61 build/kernel/main.o
 .debug_rnglists
                0x0000000000000e42       0x35 build/kernel/bootinfo.o
 .debug_rnglists
                0x0000000000000e77       0xcb build/kernel/initramfs.o
 .debug_rnglists
                0x0000000000000f42       0x58 build/kernel/time.o
 .debug_rnglists
                0x0000000000000f9a       0x1c build/kernel/panic.o
 .debug_rnglists
                0x0000000000000fb6      0x124 build/kernel/printk.o
 .debug_rnglists
                0x00000000000010da       0x47 build/kernel/kthread.o
 .debug_rnglists
                0x0000000000001121      0x155 build/proc/process.o
 .debug_rnglists
                0x0000000000001276      0x112 build/proc/scheduler.o
 .debug_rnglists
                0x0000000000001388       0x79 build/proc/fork.o
 .debug_rnglists
                0x0000000000001401      0x340 build/proc/exec.o
 .debug_rnglists
                0x0000000000001741       0xda build/fs/vfs.o
 .debug_rnglists
                0x000000000000181b       0x85 build/fs/inode.o
 .debug_rnglists
                0x00000000000018a0      0x126 build/fs/dentry.o
 .debug_rnglists
                0x00000000000019c6       0x3c build/fs/file.o
 .debug_rnglists
                0x0000000000001a02       0x17 build/fs/axiomfs/super.o
 .debug_rnglists
                0x0000000000001a19       0x9f build/fs/axiomfs/inode.o
 .debug_rnglists
                0x0000000000001ab8       0x22 build/fs/axiomfs/dir.o
 .debug_rnglists
                0x0000000000001ada       0x42 build/fs/axiomfs/file.o
 .debug_rnglists
                0x0000000000001b1c      0x128 build/fs/axiomfs/policy_ipc.o
 .debug_rnglists
                0x0000000000001c44       0xd8 build/fs/axiomfs/cache.o
 .debug_rnglists
                0x0000000000001d1c       0xb6 build/fs/devfs/devfs.o
 .debug_rnglists
                0x0000000000001dd2       0x8a build/ipc/msgqueue.o
 .debug_rnglists
                0x0000000000001e5c       0xc3 build/ipc/axiomd_channel.o
 .debug_rnglists
                0x0000000000001f1f       0x3d build/ipc/shm.o
 .debug_rnglists
                0x0000000000001f5c       0x7b build/sysctl/sysctl.o
 .debug_rnglists
                0x0000000000001fd7       0x70 build/sysctl/nodes.o
 .debug_rnglists
                0x0000000000002047       0x27 build/sysctl/handlers.o
 .debug_rnglists
                0x000000000000206e       0x6c build/lib/string.o
 .debug_rnglists
                0x00000000000020da      0x255 build/lib/printf.o
 .debug_rnglists
                0x000000000000232f       0x22 build/lib/bitmap.o
 .debug_rnglists
                0x0000000000002351      0x17a build/lib/rbtree.o

.debug_line     0x0000000000000000    0x16391
 .debug_line    0x0000000000000000      0x1f2 build/arch/x86_64/boot/gdt.o
 .debug_line    0x00000000000001f2      0xf92 build/arch/x86_64/boot/idt.o
 .debug_line    0x0000000000001184      0x286 build/arch/x86_64/cpu.o
 .debug_line    0x000000000000140a      0x111 build/arch/x86_64/io/port.o
 .debug_line    0x000000000000151b      0x4a7 build/arch/x86_64/io/uart.o
 .debug_line    0x00000000000019c2      0xa0e build/arch/x86_64/mm/paging.o
 .debug_line    0x00000000000023d0      0x2e6 build/arch/x86_64/mm/physmem.o
 .debug_line    0x00000000000026b6     0x25f3 build/arch/x86_64/process/syscall.o
 .debug_line    0x0000000000004ca9      0x85b build/mm/pmm.o
 .debug_line    0x0000000000005504      0xe6f build/mm/vmm.o
 .debug_line    0x0000000000006373      0xfd4 build/mm/kmalloc.o
 .debug_line    0x0000000000007347      0x3c2 build/kernel/main.o
 .debug_line    0x0000000000007709      0x280 build/kernel/bootinfo.o
 .debug_line    0x0000000000007989      0x6e1 build/kernel/initramfs.o
 .debug_line    0x000000000000806a      0x183 build/kernel/time.o
 .debug_line    0x00000000000081ed      0x2a7 build/kernel/panic.o
 .debug_line    0x0000000000008494      0xa2e build/kernel/printk.o
 .debug_line    0x0000000000008ec2      0x367 build/kernel/kthread.o
 .debug_line    0x0000000000009229      0xe46 build/proc/process.o
 .debug_line    0x000000000000a06f      0xa02 build/proc/scheduler.o
 .debug_line    0x000000000000aa71      0x415 build/proc/fork.o
 .debug_line    0x000000000000ae86     0x16d7 build/proc/exec.o
 .debug_line    0x000000000000c55d     0x1052 build/fs/vfs.o
 .debug_line    0x000000000000d5af      0x937 build/fs/inode.o
 .debug_line    0x000000000000dee6      0x827 build/fs/dentry.o
 .debug_line    0x000000000000e70d      0x48c build/fs/file.o
 .debug_line    0x000000000000eb99      0x2e1 build/fs/axiomfs/super.o
 .debug_line    0x000000000000ee7a      0xb41 build/fs/axiomfs/inode.o
 .debug_line    0x000000000000f9bb      0x257 build/fs/axiomfs/dir.o
 .debug_line    0x000000000000fc12      0x49e build/fs/axiomfs/file.o
 .debug_line    0x00000000000100b0      0x9ec build/fs/axiomfs/policy_ipc.o
 .debug_line    0x0000000000010a9c      0x5b9 build/fs/axiomfs/cache.o
 .debug_line    0x0000000000011055      0x689 build/fs/devfs/devfs.o
 .debug_line    0x00000000000116de      0x5c1 build/ipc/msgqueue.o
 .debug_line    0x0000000000011c9f      0x52e build/ipc/axiomd_channel.o
 .debug_line    0x00000000000121cd      0x553 build/ipc/shm.o
 .debug_line    0x0000000000012720      0x9cd build/sysctl/sysctl.o
 .debug_line    0x00000000000130ed      0x3c7 build/sysctl/nodes.o
 .debug_line    0x00000000000134b4      0x3f2 build/sysctl/handlers.o
 .debug_line    0x00000000000138a6      0xc29 build/lib/string.o
 .debug_line    0x00000000000144cf      0xd86 build/lib/printf.o
 .debug_line    0x0000000000015255      0x4e8 build/lib/bitmap.o
 .debug_line    0x000000000001573d      0x9c8 build/lib/rbtree.o
 .debug_line    0x0000000000016105       0xb3 build/arch/x86_64/boot/boot.o
 .debug_line    0x00000000000161b8      0x138 build/arch/x86_64/boot/interrupt.o
 .debug_line    0x00000000000162f0       0xa1 build/arch/x86_64/process/context.o

.debug_str      0x0000000000000000     0x4701
 .debug_str     0x0000000000000000     0x4701 build/arch/x86_64/boot/gdt.o
                                        0x2ed (size before relaxing)
 .debug_str     0x0000000000004701        0x0 build/arch/x86_64/boot/idt.o
                                        0x96b (size before relaxing)
 .debug_str     0x0000000000004701        0x0 build/arch/x86_64/cpu.o
                                        0x278 (size before relaxing)
 .debug_str     0x0000000000004701        0x0 build/arch/x86_64/io/port.o
                                        0x1ab (size before relaxing)
 .debug_str     0x0000000000004701        0x0 build/arch/x86_64/io/uart.o
                                        0x225 (size before relaxing)
 .debug_str     0x0000000000004701        0x0 build/arch/x86_64/mm/paging.o
                                        0x398 (size before relaxing)
 .debug_str     0x0000000000004701        0x0 build/arch/x86_64/mm/physmem.o
                                        0x324 (size before relaxing)
 .debug_str     0x0000000000004701        0x0 build/arch/x86_64/process/syscall.o
                                       0x13c5 (size before relaxing)
 .debug_str     0x0000000000004701        0x0 build/mm/pmm.o
                                        0x400 (size before relaxing)
 .debug_str     0x0000000000004701        0x0 build/mm/vmm.o
                                        0x6b8 (size before relaxing)
 .debug_str     0x0000000000004701        0x0 build/mm/kmalloc.o
                                        0x584 (size before relaxing)
 .debug_str     0x0000000000004701        0x0 build/kernel/main.o
                                        0xe02 (size before relaxing)
 .debug_str     0x0000000000004701        0x0 build/kernel/bootinfo.o
                                        0x2a1 (size before relaxing)
 .debug_str     0x0000000000004701        0x0 build/kernel/initramfs.o
                                        0x885 (size before relaxing)
 .debug_str     0x0000000000004701        0x0 build/kernel/time.o
                                        0x17b (size before relaxing)
 .debug_str     0x0000000000004701        0x0 build/kernel/panic.o
                                        0x27a (size before relaxing)
 .debug_str     0x0000000000004701        0x0 build/kernel/printk.o
                                        0x37c (size before relaxing)
 .debug_str     0x0000000000004701        0x0 build/kernel/kthread.o
                                        0x4ee (size before relaxing)
 .debug_str     0x0000000000004701        0x0 build/proc/process.o
                                        0xe7b (size before relaxing)
 .debug_str     0x0000000000004701        0x0 build/proc/scheduler.o
                                        0x975 (size before relaxing)
 .debug_str     0x0000000000004701        0x0 build/proc/fork.o
                                        0x704 (size before relaxing)
 .debug_str     0x0000000000004701        0x0 build/proc/exec.o
                                        0xf95 (size before relaxing)
 .debug_str     0x0000000000004701        0x0 build/fs/vfs.o
                                        0xa4f (size before relaxing)
 .debug_str     0x0000000000004701        0x0 build/fs/inode.o
                                        0xd24 (size before relaxing)
 .debug_str     0x0000000000004701        0x0 build/fs/dentry.o
                                        0x87f (size before relaxing)
 .debug_str     0x0000000000004701        0x0 build/fs/file.o
                                        0xc71 (size before relaxing)
 .debug_str     0x0000000000004701        0x0 build/fs/axiomfs/super.o
                                        0xa67 (size before relaxing)
 .debug_str     0x0000000000004701        0x0 build/fs/axiomfs/inode.o
                                        0xf9f (size before relaxing)
 .debug_str     0x0000000000004701        0x0 build/fs/axiomfs/dir.o
                                        0xae8 (size before relaxing)
 .debug_str     0x0000000000004701        0x0 build/fs/axiomfs/file.o
                                        0xc70 (size before relaxing)
 .debug_str     0x0000000000004701        0x0 build/fs/axiomfs/policy_ipc.o
                                        0x53b (size before relaxing)
 .debug_str     0x0000000000004701        0x0 build/fs/axiomfs/cache.o
                                        0xa8b (size before relaxing)
 .debug_str     0x0000000000004701        0x0 build/fs/devfs/devfs.o
                                        0x905 (size before relaxing)
 .debug_str     0x0000000000004701        0x0 build/ipc/msgqueue.o
                                        0x80d (size before relaxing)
 .debug_str     0x0000000000004701        0x0 build/ipc/axiomd_channel.o
                                        0x550 (size before relaxing)
 .debug_str     0x0000000000004701        0x0 build/ipc/shm.o
                                        0x682 (size before relaxing)
 .debug_str     0x0000000000004701        0x0 build/sysctl/sysctl.o
                                        0x4aa (size before relaxing)
 .debug_str     0x0000000000004701        0x0 build/sysctl/nodes.o
                                        0x468 (size before relaxing)
 .debug_str     0x0000000000004701        0x0 build/sysctl/handlers.o
                                        0x2bf (size before relaxing)
 .debug_str     0x0000000000004701        0x0 build/lib/string.o
                                        0x27c (size before relaxing)
 .debug_str     0x0000000000004701        0x0 build/lib/printf.o
                                        0x345 (size before relaxing)
 .debug_str     0x0000000000004701        0x0 build/lib/bitmap.o
                                        0x278 (size before relaxing)
 .debug_str     0x0000000000004701        0x0 build/lib/rbtree.o
                                        0x237 (size before relaxing)
 .debug_str     0x0000000000004701        0x0 build/arch/x86_64/boot/boot.o
                                         0x4f (size before relaxing)
 .debug_str     0x0000000000004701        0x0 build/arch/x86_64/boot/interrupt.o
                                         0x54 (size before relaxing)
 .debug_str     0x0000000000004701        0x0 build/arch/x86_64/process/context.o
                                         0x55 (size before relaxing)

.debug_line_str
                0x0000000000000000      0x4ee
 .debug_line_str
                0x0000000000000000      0x4ee build/arch/x86_64/boot/gdt.o
                                         0xa9 (size before relaxing)
 .debug_line_str
                0x00000000000004ee        0x0 build/arch/x86_64/boot/idt.o
                                        0x10b (size before relaxing)
 .debug_line_str
                0x00000000000004ee        0x0 build/arch/x86_64/cpu.o
                                         0xc7 (size before relaxing)
 .debug_line_str
                0x00000000000004ee        0x0 build/arch/x86_64/io/port.o
                                         0x9f (size before relaxing)
 .debug_line_str
                0x00000000000004ee        0x0 build/arch/x86_64/io/uart.o
                                         0xc0 (size before relaxing)
 .debug_line_str
                0x00000000000004ee        0x0 build/arch/x86_64/mm/paging.o
                                         0xeb (size before relaxing)
 .debug_line_str
                0x00000000000004ee        0x0 build/arch/x86_64/mm/physmem.o
                                         0xc7 (size before relaxing)
 .debug_line_str
                0x00000000000004ee        0x0 build/arch/x86_64/process/syscall.o
                                        0x165 (size before relaxing)
 .debug_line_str
                0x00000000000004ee        0x0 build/mm/pmm.o
                                         0xa3 (size before relaxing)
 .debug_line_str
                0x00000000000004ee        0x0 build/mm/vmm.o
                                         0xd4 (size before relaxing)
 .debug_line_str
                0x00000000000004ee        0x0 build/mm/kmalloc.o
                                         0xb9 (size before relaxing)
 .debug_line_str
                0x00000000000004ee        0x0 build/kernel/main.o
                                        0x164 (size before relaxing)
 .debug_line_str
                0x00000000000004ee        0x0 build/kernel/bootinfo.o
                                         0xaf (size before relaxing)
 .debug_line_str
                0x00000000000004ee        0x0 build/kernel/initramfs.o
                                         0xc4 (size before relaxing)
 .debug_line_str
                0x00000000000004ee        0x0 build/kernel/time.o
                                         0xb0 (size before relaxing)
 .debug_line_str
                0x00000000000004ee        0x0 build/kernel/panic.o
                                         0xfd (size before relaxing)
 .debug_line_str
                0x00000000000004ee        0x0 build/kernel/printk.o
                                         0xdf (size before relaxing)
 .debug_line_str
                0x00000000000004ee        0x0 build/kernel/kthread.o
                                        0x13e (size before relaxing)
 .debug_line_str
                0x00000000000004ee        0x0 build/proc/process.o
                                        0x12b (size before relaxing)
 .debug_line_str
                0x00000000000004ee        0x0 build/proc/scheduler.o
                                        0x111 (size before relaxing)
 .debug_line_str
                0x00000000000004ee        0x0 build/proc/fork.o
                                         0xfc (size before relaxing)
 .debug_line_str
                0x00000000000004ee        0x0 build/proc/exec.o
                                        0x10c (size before relaxing)
 .debug_line_str
                0x00000000000004ee        0x0 build/fs/vfs.o
                                         0xcc (size before relaxing)
 .debug_line_str
                0x00000000000004ee        0x0 build/fs/inode.o
                                        0x11d (size before relaxing)
 .debug_line_str
                0x00000000000004ee        0x0 build/fs/dentry.o
                                         0xc6 (size before relaxing)
 .debug_line_str
                0x00000000000004ee        0x0 build/fs/file.o
                                        0x113 (size before relaxing)
 .debug_line_str
                0x00000000000004ee        0x0 build/fs/axiomfs/super.o
                                        0x112 (size before relaxing)
 .debug_line_str
                0x00000000000004ee        0x0 build/fs/axiomfs/inode.o
                                        0x157 (size before relaxing)
 .debug_line_str
                0x00000000000004ee        0x0 build/fs/axiomfs/dir.o
                                        0x135 (size before relaxing)
 .debug_line_str
                0x00000000000004ee        0x0 build/fs/axiomfs/file.o
                                        0x154 (size before relaxing)
 .debug_line_str
                0x00000000000004ee        0x0 build/fs/axiomfs/policy_ipc.o
                                        0x10d (size before relaxing)
 .debug_line_str
                0x00000000000004ee        0x0 build/fs/axiomfs/cache.o
                                         0xfa (size before relaxing)
 .debug_line_str
                0x00000000000004ee        0x0 build/fs/devfs/devfs.o
                                         0xd7 (size before relaxing)
 .debug_line_str
                0x00000000000004ee        0x0 build/ipc/msgqueue.o
                                        0x121 (size before relaxing)
 .debug_line_str
                0x00000000000004ee        0x0 build/ipc/axiomd_channel.o
                                         0xf0 (size before relaxing)
 .debug_line_str
                0x00000000000004ee        0x0 build/ipc/shm.o
                                         0xfb (size before relaxing)
 .debug_line_str
                0x00000000000004ee        0x0 build/sysctl/sysctl.o
                                         0xd9 (size before relaxing)
 .debug_line_str
                0x00000000000004ee        0x0 build/sysctl/nodes.o
                                        0x113 (size before relaxing)
 .debug_line_str
                0x00000000000004ee        0x0 build/sysctl/handlers.o
                                         0xc5 (size before relaxing)
 .debug_line_str
                0x00000000000004ee        0x0 build/lib/string.o
                                         0x98 (size before relaxing)
 .debug_line_str
                0x00000000000004ee        0x0 build/lib/printf.o
                                         0xd9 (size before relaxing)
 .debug_line_str
                0x00000000000004ee        0x0 build/lib/bitmap.o
                                         0x98 (size before relaxing)
 .debug_line_str
                0x00000000000004ee        0x0 build/lib/rbtree.o
                                         0x8f (size before relaxing)
